Archive member included to satisfy reference by file (symbol)

app/libapp.a(main.c.obj)      (--whole-archive)
zephyr/libzephyr.a(cbprintf_packaged.c.obj)
                              (--whole-archive)
zephyr/libzephyr.a(dec.c.obj)
                              (--whole-archive)
zephyr/libzephyr.a(fdtable.c.obj)
                              (--whole-archive)
zephyr/libzephyr.a(hex.c.obj)
                              (--whole-archive)
zephyr/libzephyr.a(printk.c.obj)
                              (--whole-archive)
zephyr/libzephyr.a(rb.c.obj)  (--whole-archive)
zephyr/libzephyr.a(sem.c.obj)
                              (--whole-archive)
zephyr/libzephyr.a(thread_entry.c.obj)
                              (--whole-archive)
zephyr/libzephyr.a(timeutil.c.obj)
                              (--whole-archive)
zephyr/libzephyr.a(heap.c.obj)
                              (--whole-archive)
zephyr/libzephyr.a(heap-validate.c.obj)
                              (--whole-archive)
zephyr/libzephyr.a(bitarray.c.obj)
                              (--whole-archive)
zephyr/libzephyr.a(multi_heap.c.obj)
                              (--whole-archive)
zephyr/libzephyr.a(crc32c_sw.c.obj)
                              (--whole-archive)
zephyr/libzephyr.a(crc32_sw.c.obj)
                              (--whole-archive)
zephyr/libzephyr.a(crc16_sw.c.obj)
                              (--whole-archive)
zephyr/libzephyr.a(crc8_sw.c.obj)
                              (--whole-archive)
zephyr/libzephyr.a(crc7_sw.c.obj)
                              (--whole-archive)
zephyr/libzephyr.a(cbprintf_complete.c.obj)
                              (--whole-archive)
zephyr/libzephyr.a(cbprintf.c.obj)
                              (--whole-archive)
zephyr/libzephyr.a(assert.c.obj)
                              (--whole-archive)
zephyr/libzephyr.a(configs.c.obj)
                              (--whole-archive)
zephyr/libzephyr.a(soc.c.obj)
                              (--whole-archive)
zephyr/libzephyr.a(stm32cube_hal.c.obj)
                              (--whole-archive)
zephyr/libzephyr.a(soc_config.c.obj)
                              (--whole-archive)
zephyr/libzephyr.a(tracing_none.c.obj)
                              (--whole-archive)
zephyr/arch/common/libarch__common.a(sw_isr_common.c.obj)
                              (--whole-archive)
zephyr/arch/arch/arm/core/aarch32/libarch__arm__core__aarch32.a(cpu_idle.S.obj)
                              (--whole-archive)
zephyr/arch/arch/arm/core/aarch32/libarch__arm__core__aarch32.a(fatal.c.obj)
                              (--whole-archive)
zephyr/arch/arch/arm/core/aarch32/libarch__arm__core__aarch32.a(irq_manage.c.obj)
                              (--whole-archive)
zephyr/arch/arch/arm/core/aarch32/libarch__arm__core__aarch32.a(nmi.c.obj)
                              (--whole-archive)
zephyr/arch/arch/arm/core/aarch32/libarch__arm__core__aarch32.a(nmi_on_reset.S.obj)
                              (--whole-archive)
zephyr/arch/arch/arm/core/aarch32/libarch__arm__core__aarch32.a(prep_c.c.obj)
                              (--whole-archive)
zephyr/arch/arch/arm/core/aarch32/libarch__arm__core__aarch32.a(swap.c.obj)
                              (--whole-archive)
zephyr/arch/arch/arm/core/aarch32/libarch__arm__core__aarch32.a(swap_helper.S.obj)
                              (--whole-archive)
zephyr/arch/arch/arm/core/aarch32/libarch__arm__core__aarch32.a(thread.c.obj)
                              (--whole-archive)
zephyr/arch/arch/arm/core/aarch32/libarch__arm__core__aarch32.a(isr_wrapper.S.obj)
                              (--whole-archive)
zephyr/arch/arch/arm/core/aarch32/cortex_m/libarch__arm__core__aarch32__cortex_m.a(exc_exit.S.obj)
                              (--whole-archive)
zephyr/arch/arch/arm/core/aarch32/cortex_m/libarch__arm__core__aarch32__cortex_m.a(fault.c.obj)
                              (--whole-archive)
zephyr/arch/arch/arm/core/aarch32/cortex_m/libarch__arm__core__aarch32__cortex_m.a(fault_s.S.obj)
                              (--whole-archive)
zephyr/arch/arch/arm/core/aarch32/cortex_m/libarch__arm__core__aarch32__cortex_m.a(fpu.c.obj)
                              (--whole-archive)
zephyr/arch/arch/arm/core/aarch32/cortex_m/libarch__arm__core__aarch32__cortex_m.a(irq_init.c.obj)
                              (--whole-archive)
zephyr/arch/arch/arm/core/aarch32/cortex_m/libarch__arm__core__aarch32__cortex_m.a(reset.S.obj)
                              (--whole-archive)
zephyr/arch/arch/arm/core/aarch32/cortex_m/libarch__arm__core__aarch32__cortex_m.a(scb.c.obj)
                              (--whole-archive)
zephyr/arch/arch/arm/core/aarch32/cortex_m/libarch__arm__core__aarch32__cortex_m.a(thread_abort.c.obj)
                              (--whole-archive)
zephyr/arch/arch/arm/core/aarch32/cortex_m/libarch__arm__core__aarch32__cortex_m.a(vector_table.S.obj)
                              (--whole-archive)
zephyr/lib/libc/minimal/liblib__libc__minimal.a(abort.c.obj)
[...]
Memory Configuration

Name             Origin             Length             Attributes
FLASH            0x0000000008000000 0x0000000000080000 xr
RAM              0x0000000020000000 0x0000000000020000 xw
IDT_LIST         0x00000000fffff7ff 0x0000000000000800 xw
*default*        0x0000000000000000 0xffffffffffffffff

Linker script and memory map

LOAD zephyr/CMakeFiles/zephyr_final.dir/misc/empty_file.c.obj
LOAD zephyr/CMakeFiles/zephyr_final.dir/dev_handles.c.obj
LOAD zephyr/CMakeFiles/zephyr_final.dir/isr_tables.c.obj
LOAD zephyr/CMakeFiles/offsets.dir/./arch/arm/core/offsets/offsets.c.obj
                0x0000000000000004                _region_min_align = 0x4

.rel.plt        0x0000000008000000        0x0
 *(SORT_BY_ALIGNMENT(.rel.plt))
                [!provide]                        PROVIDE (__rel_iplt_start = .)
 *(SORT_BY_ALIGNMENT(.rel.iplt))
 .rel.iplt      0x0000000008000000        0x0 zephyr/CMakeFiles/zephyr_final.dir/isr_tables.c.obj
                [!provide]                        PROVIDE (__rel_iplt_end = .)

.rela.plt       0x0000000000000000        0x0
 *(SORT_BY_ALIGNMENT(.rela.plt))
                [!provide]                        PROVIDE (__rela_iplt_start = .)
 *(SORT_BY_ALIGNMENT(.rela.iplt))
                [!provide]                        PROVIDE (__rela_iplt_end = .)

.rel.dyn
 *(SORT_BY_ALIGNMENT(.rel.*))

.rela.dyn
 *(SORT_BY_ALIGNMENT(.rela.*))

/DISCARD/
 *(SORT_BY_ALIGNMENT(.plt))

/DISCARD/
 *(SORT_BY_ALIGNMENT(.iplt))
                0x0000000008000000                __rom_region_start = 0x8000000

rom_start       0x0000000008000000      0x198
                0x0000000008000000                . = (. + 0x0)
                0x0000000008000000                . = ALIGN (0x4)
                0x0000000008000000                . = ALIGN (0x80)
                0x0000000008000000                . = ALIGN (0x200)
                0x0000000008000000                _vector_start = .
 *(SORT_BY_ALIGNMENT(.exc_vector_table))
 *(SORT_BY_ALIGNMENT(.exc_vector_table.*))
 .exc_vector_table._vector_table_section
                0x0000000008000000       0x40 zephyr/arch/arch/arm/core/aarch32/cortex_m/libarch__arm__core__aarch32__cortex_m.a(vector_table.S.obj)
                0x0000000008000000                _vector_table
 *(SORT_BY_ALIGNMENT(.vectors))
                0x0000000008000198                _vector_end = .
                0x0000000008000040                . = ALIGN (0x4)
 *(SORT_BY_ALIGNMENT(.gnu.linkonce.irq_vector_table*))
 .gnu.linkonce.irq_vector_table
                0x0000000008000040      0x158 zephyr/CMakeFiles/zephyr_final.dir/isr_tables.c.obj
                0x0000000008000040                _irq_vector_table
                0x0000000008000198                _vector_end = .

text            0x0000000008000198     0x2cc0
                0x0000000008000198                __text_region_start = .
 *(SORT_BY_ALIGNMENT(.text))
 .text          0x0000000008000198       0x30 c:/users/jeppe/zephyr-sdk-0.15.2/arm-zephyr-eabi/bin/../lib/gcc/arm-zephyr-eabi/12.1.0/thumb/v7e-m+fp/hard\libgcc.a(_aeabi_uldivmod.o)
                0x0000000008000198                __aeabi_uldivmod
 .text          0x00000000080001c8        0x4 c:/users/jeppe/zephyr-sdk-0.15.2/arm-zephyr-eabi/bin/../lib/gcc/arm-zephyr-eabi/12.1.0/thumb/v7e-m+fp/hard\libgcc.a(_dvmd_tls.o)
                0x00000000080001c8                __aeabi_idiv0
                0x00000000080001c8                __aeabi_ldiv0
 .text          0x00000000080001cc      0x2a0 c:/users/jeppe/zephyr-sdk-0.15.2/arm-zephyr-eabi/bin/../lib/gcc/arm-zephyr-eabi/12.1.0/thumb/v7e-m+fp/hard\libgcc.a(_udivmoddi4.o)
                0x00000000080001cc                __udivmoddi4
 *(SORT_BY_ALIGNMENT(.text.*))
 *fill*         0x000000000800046c        0x4 
 .text.z_cbvprintf_impl
                0x0000000008000470      0xcd8 zephyr/libzephyr.a(cbprintf_complete.c.obj)
                0x0000000008000470                z_cbvprintf_impl
 .text.main     0x0000000008001148       0x14 app/libapp.a(main.c.obj)
                0x0000000008001148                main
 .text.char_out
                0x000000000800115c        0xc zephyr/libzephyr.a(printk.c.obj)
 .text.vprintk  0x0000000008001168       0x1c zephyr/libzephyr.a(printk.c.obj)
                0x0000000008001168                vprintk
 .text.st_stm32f4_init
                0x0000000008001184       0x40 zephyr/libzephyr.a(soc.c.obj)
 .text.z_arm_cpu_idle_init
                0x00000000080011c4        0xc zephyr/arch/arch/arm/core/aarch32/libarch__arm__core__aarch32.a(cpu_idle.S.obj)
                0x00000000080011c4                z_arm_cpu_idle_init
 .text.arch_cpu_idle
                0x00000000080011d0       0x1c zephyr/arch/arch/arm/core/aarch32/libarch__arm__core__aarch32.a(cpu_idle.S.obj)
                0x00000000080011d0                arch_cpu_idle
 .text.arch_irq_enable
                0x00000000080011ec       0x1c zephyr/arch/arch/arm/core/aarch32/libarch__arm__core__aarch32.a(irq_manage.c.obj)
                0x00000000080011ec                arch_irq_enable
 .text.z_arm_irq_priority_set
                0x0000000008001208       0x30 zephyr/arch/arch/arm/core/aarch32/libarch__arm__core__aarch32.a(irq_manage.c.obj)
                0x0000000008001208                z_arm_irq_priority_set
 .text.z_SysNmiOnReset
                0x0000000008001238        0x8 zephyr/arch/arch/arm/core/aarch32/libarch__arm__core__aarch32.a(nmi_on_reset.S.obj)
                0x0000000008001238                z_SysNmiOnReset
 .text.z_arm_prep_c
                0x0000000008001240       0x5c zephyr/arch/arch/arm/core/aarch32/libarch__arm__core__aarch32.a(prep_c.c.obj)
                0x0000000008001240                z_arm_prep_c
 .text.arch_swap
                0x000000000800129c       0x34 zephyr/arch/arch/arm/core/aarch32/libarch__arm__core__aarch32.a(swap.c.obj)
                0x000000000800129c                arch_swap
 .text.z_arm_pendsv
                0x00000000080012d0       0x84 zephyr/arch/arch/arm/core/aarch32/libarch__arm__core__aarch32.a(swap_helper.S.obj)
                0x00000000080012d0                z_arm_pendsv
 .text.z_arm_svc
                0x0000000008001354       0x20 zephyr/arch/arch/arm/core/aarch32/libarch__arm__core__aarch32.a(swap_helper.S.obj)
                0x0000000008001354                z_arm_svc
 .text.arch_new_thread
                0x0000000008001374       0x40 zephyr/arch/arch/arm/core/aarch32/libarch__arm__core__aarch32.a(thread.c.obj)
                0x0000000008001374                arch_new_thread
 .text.arch_switch_to_main_thread
                0x00000000080013b4       0x3c zephyr/arch/arch/arm/core/aarch32/libarch__arm__core__aarch32.a(thread.c.obj)
                0x00000000080013b4                arch_switch_to_main_thread
 .text._isr_wrapper
                0x00000000080013f0       0x28 zephyr/arch/arch/arm/core/aarch32/libarch__arm__core__aarch32.a(isr_wrapper.S.obj)
                0x00000000080013f0                _isr_wrapper
 .text._HandlerModeExit
                0x0000000008001418       0x1c zephyr/arch/arch/arm/core/aarch32/cortex_m/libarch__arm__core__aarch32__cortex_m.a(exc_exit.S.obj)
                0x0000000008001418                z_arm_int_exit
                0x0000000008001418                z_arm_exc_exit
 .text.usage_fault.constprop.0
                0x0000000008001434       0x54 zephyr/arch/arch/arm/core/aarch32/cortex_m/libarch__arm__core__aarch32__cortex_m.a(fault.c.obj)
 .text.bus_fault.constprop.0
                0x0000000008001488       0x6c zephyr/arch/arch/arm/core/aarch32/cortex_m/libarch__arm__core__aarch32__cortex_m.a(fault.c.obj)
 .text.mem_manage_fault.constprop.0
                0x00000000080014f4       0x78 zephyr/arch/arch/arm/core/aarch32/cortex_m/libarch__arm__core__aarch32__cortex_m.a(fault.c.obj)
 .text.z_arm_fault
                0x000000000800156c      0x118 zephyr/arch/arch/arm/core/aarch32/cortex_m/libarch__arm__core__aarch32__cortex_m.a(fault.c.obj)
                0x000000000800156c                z_arm_fault
 .text.z_arm_fault_init
                0x0000000008001684       0x10 zephyr/arch/arch/arm/core/aarch32/cortex_m/libarch__arm__core__aarch32__cortex_m.a(fault.c.obj)
                0x0000000008001684                z_arm_fault_init
 .text.__fault  0x0000000008001694       0x14 zephyr/arch/arch/arm/core/aarch32/cortex_m/libarch__arm__core__aarch32__cortex_m.a(fault_s.S.obj)
                0x0000000008001694                z_arm_usage_fault
                0x0000000008001694                z_arm_mpu_fault
                0x0000000008001694                z_arm_exc_spurious
                0x0000000008001694                z_arm_debug_monitor
                0x0000000008001694                z_arm_hard_fault
                0x0000000008001694                z_arm_bus_fault
 .text.z_arm_interrupt_init
                0x00000000080016a8       0x18 zephyr/arch/arch/arm/core/aarch32/cortex_m/libarch__arm__core__aarch32__cortex_m.a(irq_init.c.obj)
                0x00000000080016a8                z_arm_interrupt_init
 .text._reset_section
                0x00000000080016c0       0x2c zephyr/arch/arch/arm/core/aarch32/cortex_m/libarch__arm__core__aarch32__cortex_m.a(reset.S.obj)
                0x00000000080016c0                __start
                0x00000000080016c0                z_arm_reset
 .text.z_impl_k_thread_abort
                0x00000000080016ec       0x2c zephyr/arch/arch/arm/core/aarch32/cortex_m/libarch__arm__core__aarch32__cortex_m.a(thread_abort.c.obj)
                0x00000000080016ec                z_impl_k_thread_abort
 .text.stm32_exti_isr
                0x0000000008001718       0x48 zephyr/drivers/interrupt_controller/libdrivers__interrupt_controller.a(intc_exti_stm32.c.obj)
 .text.stm32_fill_irq_table
                0x0000000008001760       0x18 zephyr/drivers/interrupt_controller/libdrivers__interrupt_controller.a(intc_exti_stm32.c.obj)
 .text.stm32_exti_enable
                0x0000000008001778       0x24 zephyr/drivers/interrupt_controller/libdrivers__interrupt_controller.a(intc_exti_stm32.c.obj)
                0x0000000008001778                stm32_exti_enable
 .text.stm32_exti_disable
                0x000000000800179c       0x18 zephyr/drivers/interrupt_controller/libdrivers__interrupt_controller.a(intc_exti_stm32.c.obj)
                0x000000000800179c                stm32_exti_disable
 .text.stm32_exti_trigger
                0x00000000080017b4       0x60 zephyr/drivers/interrupt_controller/libdrivers__interrupt_controller.a(intc_exti_stm32.c.obj)
                0x00000000080017b4                stm32_exti_trigger
 .text.stm32_exti_set_callback
                0x0000000008001814       0x24 zephyr/drivers/interrupt_controller/libdrivers__interrupt_controller.a(intc_exti_stm32.c.obj)
                0x0000000008001814                stm32_exti_set_callback
 .text.stm32_exti_unset_callback
                0x0000000008001838       0x14 zephyr/drivers/interrupt_controller/libdrivers__interrupt_controller.a(intc_exti_stm32.c.obj)
                0x0000000008001838                stm32_exti_unset_callback
 .text.stm32_clock_control_get_subsys_rate
                0x000000000800184c       0x90 zephyr/drivers/clock_control/libdrivers__clock_control.a(clock_stm32_ll_common.c.obj)
 .text.stm32_clock_control_init
                0x00000000080018dc      0x104 zephyr/drivers/clock_control/libdrivers__clock_control.a(clock_stm32_ll_common.c.obj)
                0x00000000080018dc                stm32_clock_control_init
 .text.get_pllsrc_frequency
                0x00000000080019e0        0x8 zephyr/drivers/clock_control/libdrivers__clock_control.a(clock_stm32f2_f4_f7.c.obj)
                0x00000000080019e0                get_pllsrc_frequency
 .text.config_pll_sysclock
                0x00000000080019e8       0x28 zephyr/drivers/clock_control/libdrivers__clock_control.a(clock_stm32f2_f4_f7.c.obj)
                0x00000000080019e8                config_pll_sysclock
 .text.config_enable_default_clocks
                0x0000000008001a10       0x20 zephyr/drivers/clock_control/libdrivers__clock_control.a(clock_stm32f2_f4_f7.c.obj)
                0x0000000008001a10                config_enable_default_clocks
 .text.gpio_stm32_init
                0x0000000008001a30       0x30 zephyr/drivers/gpio/libdrivers__gpio.a(gpio_stm32.c.obj)
 .text.gpio_stm32_pin_interrupt_configure
                0x0000000008001a60      0x104 zephyr/drivers/gpio/libdrivers__gpio.a(gpio_stm32.c.obj)
 .text.elapsed  0x0000000008001b64       0x3c zephyr/drivers/timer/libdrivers__timer.a(cortex_m_systick.c.obj)
 .text.sys_clock_driver_init
                0x0000000008001ba0       0x34 zephyr/drivers/timer/libdrivers__timer.a(cortex_m_systick.c.obj)
 .text.sys_clock_isr
                0x0000000008001bd4       0x44 zephyr/drivers/timer/libdrivers__timer.a(cortex_m_systick.c.obj)
                0x0000000008001bd4                sys_clock_isr
 .text.sys_clock_set_timeout
                0x0000000008001c18       0xe0 zephyr/drivers/timer/libdrivers__timer.a(cortex_m_systick.c.obj)
                0x0000000008001c18                sys_clock_set_timeout
 .text.sys_clock_elapsed
                0x0000000008001cf8       0x3c zephyr/drivers/timer/libdrivers__timer.a(cortex_m_systick.c.obj)
                0x0000000008001cf8                sys_clock_elapsed
 .text.HAL_RCC_GetSysClockFreq
                0x0000000008001d34       0x5c modules/stm32/stm32cube/lib..__modules__hal__stm32__stm32cube.a(stm32f4xx_hal_rcc.c.obj)
                0x0000000008001d34                HAL_RCC_GetSysClockFreq
 .text.LL_SetFlashLatency
                0x0000000008001d90      0x10c modules/stm32/stm32cube/lib..__modules__hal__stm32__stm32cube.a(stm32f4xx_ll_utils.c.obj)
                0x0000000008001d90                LL_SetFlashLatency
 .text.z_sys_init_run_level
                0x0000000008001e9c       0x44 zephyr/kernel/libkernel.a(init.c.obj)
 .text.bg_thread_main
                0x0000000008001ee0       0x34 zephyr/kernel/libkernel.a(init.c.obj)
 .text.z_bss_zero
                0x0000000008001f14       0x18 zephyr/kernel/libkernel.a(init.c.obj)
                0x0000000008001f14                z_bss_zero
 .text.z_init_cpu
                0x0000000008001f2c       0x68 zephyr/kernel/libkernel.a(init.c.obj)
                0x0000000008001f2c                z_init_cpu
 .text.z_cstart
                0x0000000008001f94       0xcc zephyr/kernel/libkernel.a(init.c.obj)
                0x0000000008001f94                z_cstart
 .text.z_setup_new_thread
                0x0000000008002060       0x54 zephyr/kernel/libkernel.a(thread.c.obj)
                0x0000000008002060                z_setup_new_thread
 .text.z_init_static_threads
                0x00000000080020b4       0x98 zephyr/kernel/libkernel.a(thread.c.obj)
                0x00000000080020b4                z_init_static_threads
 .text.z_reset_time_slice
                0x000000000800214c       0x28 zephyr/kernel/libkernel.a(sched.c.obj)
                0x000000000800214c                z_reset_time_slice
 .text.update_cache
                0x0000000008002174       0x3c zephyr/kernel/libkernel.a(sched.c.obj)
 .text.move_thread_to_end_of_prio_q
                0x00000000080021b0       0x74 zephyr/kernel/libkernel.a(sched.c.obj)
 .text.ready_thread
                0x0000000008002224       0x68 zephyr/kernel/libkernel.a(sched.c.obj)
 .text.k_sched_time_slice_set
                0x000000000800228c       0x4c zephyr/kernel/libkernel.a(sched.c.obj)
                0x000000000800228c                k_sched_time_slice_set
 .text.z_time_slice
                0x00000000080022d8       0x84 zephyr/kernel/libkernel.a(sched.c.obj)
                0x00000000080022d8                z_time_slice
 .text.z_reschedule
                0x000000000800235c       0x24 zephyr/kernel/libkernel.a(sched.c.obj)
                0x000000000800235c                z_reschedule
 .text.z_sched_start
                0x0000000008002380       0x3c zephyr/kernel/libkernel.a(sched.c.obj)
                0x0000000008002380                z_sched_start
 .text.k_sched_lock
                0x00000000080023bc       0x28 zephyr/kernel/libkernel.a(sched.c.obj)
                0x00000000080023bc                k_sched_lock
 .text.k_sched_unlock
                0x00000000080023e4       0x38 zephyr/kernel/libkernel.a(sched.c.obj)
                0x00000000080023e4                k_sched_unlock
 .text.z_sched_init
                0x000000000800241c       0x18 zephyr/kernel/libkernel.a(sched.c.obj)
                0x000000000800241c                z_sched_init
 .text.z_impl_z_current_get
                0x0000000008002434        0xc zephyr/kernel/libkernel.a(sched.c.obj)
                0x0000000008002434                z_impl_z_current_get
 .text.z_thread_abort
                0x0000000008002440       0xc0 zephyr/kernel/libkernel.a(sched.c.obj)
                0x0000000008002440                z_thread_abort
 .text.z_data_copy
                0x0000000008002500       0x34 zephyr/kernel/libkernel.a(xip.c.obj)
                0x0000000008002500                z_data_copy
 .text.elapsed  0x0000000008002534       0x14 zephyr/kernel/libkernel.a(timeout.c.obj)
 .text.next_timeout
                0x0000000008002548       0x50 zephyr/kernel/libkernel.a(timeout.c.obj)
 .text.remove_timeout
                0x0000000008002598       0x38 zephyr/kernel/libkernel.a(timeout.c.obj)
 .text.z_add_timeout
                0x00000000080025d0       0xfc zephyr/kernel/libkernel.a(timeout.c.obj)
                0x00000000080025d0                z_add_timeout
 .text.sys_clock_announce
                0x00000000080026cc       0xd4 zephyr/kernel/libkernel.a(timeout.c.obj)
                0x00000000080026cc                sys_clock_announce
 .text.boot_banner
                0x00000000080027a0        0xc zephyr/kernel/libkernel.a(banner.c.obj)
                0x00000000080027a0                boot_banner
 .text._OffsetAbsSyms
                0x00000000080027ac        0x2 zephyr/CMakeFiles/offsets.dir/./arch/arm/core/offsets/offsets.c.obj
                0x00000000080027ac                _OffsetAbsSyms
 .text.arch_printk_char_out
                0x00000000080027ae        0x4 zephyr/libzephyr.a(printk.c.obj)
                0x00000000080027ae                arch_printk_char_out
 .text.printk   0x00000000080027b2       0x1a zephyr/libzephyr.a(printk.c.obj)
                0x00000000080027b2                printk
 .text.z_thread_entry
                0x00000000080027cc       0x14 zephyr/libzephyr.a(thread_entry.c.obj)
                0x00000000080027cc                z_thread_entry
 .text._ldiv5   0x00000000080027e0       0x30 zephyr/libzephyr.a(cbprintf_complete.c.obj)
 .text._get_digit
                0x0000000008002810       0x2e zephyr/libzephyr.a(cbprintf_complete.c.obj)
 .text.encode_uint
                0x000000000800283e       0x8c zephyr/libzephyr.a(cbprintf_complete.c.obj)
 .text.outs     0x00000000080028ca       0x2e zephyr/libzephyr.a(cbprintf_complete.c.obj)
 .text._ConfigAbsSyms
                0x00000000080028f8        0x2 zephyr/libzephyr.a(configs.c.obj)
                0x00000000080028f8                _ConfigAbsSyms
 .text.st_stm32_common_config
                0x00000000080028fa        0x4 zephyr/libzephyr.a(soc_config.c.obj)
 .text.z_arm_fatal_error
                0x00000000080028fe        0x4 zephyr/arch/arch/arm/core/aarch32/libarch__arm__core__aarch32.a(fatal.c.obj)
                0x00000000080028fe                z_arm_fatal_error
 .text.z_do_kernel_oops
                0x0000000008002902        0x8 zephyr/arch/arch/arm/core/aarch32/libarch__arm__core__aarch32.a(fatal.c.obj)
                0x0000000008002902                z_do_kernel_oops
 .text.z_irq_spurious
                0x000000000800290a        0x8 zephyr/arch/arch/arm/core/aarch32/libarch__arm__core__aarch32.a(irq_manage.c.obj)
                0x000000000800290a                z_irq_spurious
 .text.z_arm_nmi
                0x0000000008002912        0xe zephyr/arch/arch/arm/core/aarch32/libarch__arm__core__aarch32.a(nmi.c.obj)
                0x0000000008002912                z_arm_nmi
 .text.strlen   0x0000000008002920        0xe zephyr/lib/libc/minimal/liblib__libc__minimal.a(string.c.obj)
                0x0000000008002920                strlen
 .text.strnlen  0x000000000800292e       0x12 zephyr/lib/libc/minimal/liblib__libc__minimal.a(string.c.obj)
                0x000000000800292e                strnlen
 .text.memcpy   0x0000000008002940       0x16 zephyr/lib/libc/minimal/liblib__libc__minimal.a(string.c.obj)
                0x0000000008002940                memcpy
 .text.memset   0x0000000008002956       0x12 zephyr/lib/libc/minimal/liblib__libc__minimal.a(string.c.obj)
                0x0000000008002956                memset
 .text.stm32_exti_init
                0x0000000008002968       0x92 zephyr/drivers/interrupt_controller/libdrivers__interrupt_controller.a(intc_exti_stm32.c.obj)
 .text.stm32_clock_control_on
                0x00000000080029fa       0x24 zephyr/drivers/clock_control/libdrivers__clock_control.a(clock_stm32_ll_common.c.obj)
 .text.stm32_clock_control_off
                0x0000000008002a1e       0x24 zephyr/drivers/clock_control/libdrivers__clock_control.a(clock_stm32_ll_common.c.obj)
 .text.stm32_clock_control_configure
                0x0000000008002a42       0x38 zephyr/drivers/clock_control/libdrivers__clock_control.a(clock_stm32_ll_common.c.obj)
 .text.gpio_stm32_port_get_raw
                0x0000000008002a7a        0xc zephyr/drivers/gpio/libdrivers__gpio.a(gpio_stm32.c.obj)
 .text.gpio_stm32_port_set_masked_raw
                0x0000000008002a86       0x12 zephyr/drivers/gpio/libdrivers__gpio.a(gpio_stm32.c.obj)
 .text.gpio_stm32_port_set_bits_raw
                0x0000000008002a98        0xa zephyr/drivers/gpio/libdrivers__gpio.a(gpio_stm32.c.obj)
 .text.gpio_stm32_port_clear_bits_raw
                0x0000000008002aa2        0xc zephyr/drivers/gpio/libdrivers__gpio.a(gpio_stm32.c.obj)
 .text.gpio_stm32_port_toggle_bits
                0x0000000008002aae        0xe zephyr/drivers/gpio/libdrivers__gpio.a(gpio_stm32.c.obj)
 .text.gpio_stm32_manage_callback
                0x0000000008002abc       0x52 zephyr/drivers/gpio/libdrivers__gpio.a(gpio_stm32.c.obj)
 .text.gpio_stm32_configure_raw.isra.0
                0x0000000008002b0e      0x106 zephyr/drivers/gpio/libdrivers__gpio.a(gpio_stm32.c.obj)
 .text.gpio_stm32_config
                0x0000000008002c14       0x78 zephyr/drivers/gpio/libdrivers__gpio.a(gpio_stm32.c.obj)
 .text.gpio_stm32_isr
                0x0000000008002c8c       0x2e zephyr/drivers/gpio/libdrivers__gpio.a(gpio_stm32.c.obj)
 .text.z_device_state_init
                0x0000000008002cba        0x2 zephyr/kernel/libkernel.a(device.c.obj)
                0x0000000008002cba                z_device_state_init
 .text.z_device_is_ready
                0x0000000008002cbc       0x16 zephyr/kernel/libkernel.a(device.c.obj)
                0x0000000008002cbc                z_device_is_ready
 .text.arch_system_halt
                0x0000000008002cd2       0x12 zephyr/kernel/libkernel.a(fatal.c.obj)
                0x0000000008002cd2                arch_system_halt
 .text.k_sys_fatal_error_handler
                0x0000000008002ce4        0x6 zephyr/kernel/libkernel.a(fatal.c.obj)
                0x0000000008002ce4                k_sys_fatal_error_handler
 .text.z_fatal_error
                0x0000000008002cea       0x36 zephyr/kernel/libkernel.a(fatal.c.obj)
                0x0000000008002cea                z_fatal_error
 .text.z_early_memset
                0x0000000008002d20        0x4 zephyr/kernel/libkernel.a(init.c.obj)
                0x0000000008002d20                z_early_memset
 .text.z_early_memcpy
                0x0000000008002d24        0x4 zephyr/kernel/libkernel.a(init.c.obj)
                0x0000000008002d24                z_early_memcpy
 .text.idle     0x0000000008002d28       0x18 zephyr/kernel/libkernel.a(idle.c.obj)
                0x0000000008002d28                idle
 .text.sys_dlist_remove
                0x0000000008002d40       0x10 zephyr/kernel/libkernel.a(sched.c.obj)
 .text.unpend_thread_no_timeout
                0x0000000008002d50       0x14 zephyr/kernel/libkernel.a(sched.c.obj)
 .text.z_thread_timeout
                0x0000000008002d64       0x44 zephyr/kernel/libkernel.a(sched.c.obj)
                0x0000000008002d64                z_thread_timeout
 .text.z_ready_thread
                0x0000000008002da8       0x20 zephyr/kernel/libkernel.a(sched.c.obj)
                0x0000000008002da8                z_ready_thread
 .text.z_reschedule_irqlock
                0x0000000008002dc8       0x18 zephyr/kernel/libkernel.a(sched.c.obj)
                0x0000000008002dc8                z_reschedule_irqlock
 .text.z_reschedule_unlocked
                0x0000000008002de0       0x14 zephyr/kernel/libkernel.a(sched.c.obj)
 .text.z_abort_timeout
                0x0000000008002df4       0x2c zephyr/kernel/libkernel.a(timeout.c.obj)
                0x0000000008002df4                z_abort_timeout
 .text.z_set_timeout_expiry
                0x0000000008002e20       0x38 zephyr/kernel/libkernel.a(timeout.c.obj)
                0x0000000008002e20                z_set_timeout_expiry
 *(SORT_BY_ALIGNMENT(.TEXT.*))
 *(SORT_BY_ALIGNMENT(.gnu.linkonce.t.*))
 *(SORT_BY_ALIGNMENT(.glue_7t))
 .glue_7t       0x0000000008002e58        0x0 linker stubs
 *(SORT_BY_ALIGNMENT(.glue_7))
 .glue_7        0x0000000008002e58        0x0 linker stubs
 *(SORT_BY_ALIGNMENT(.vfp11_veneer))
 .vfp11_veneer  0x0000000008002e58        0x0 linker stubs
 *(SORT_BY_ALIGNMENT(.v4_bx))
 .v4_bx         0x0000000008002e58        0x0 linker stubs
                0x0000000008002e58                . = ALIGN (0x4)
                0x0000000008002e58                __text_region_end = .

.ARM.exidx      0x0000000008002e58        0x8
                0x0000000008002e58                __exidx_start = .
 *(SORT_BY_ALIGNMENT(.ARM.exidx*) SORT_BY_ALIGNMENT(gnu.linkonce.armexidx.*))
 .ARM.exidx     0x0000000008002e58        0x8 c:/users/jeppe/zephyr-sdk-0.15.2/arm-zephyr-eabi/bin/../lib/gcc/arm-zephyr-eabi/12.1.0/thumb/v7e-m+fp/hard\libgcc.a(_udivmoddi4.o)
                0x0000000008002e60                __exidx_end = .
                0x0000000008002e60                __rodata_region_start = .

initlevel       0x0000000008002e60       0x68
                0x0000000008002e60                __init_start = .
                0x0000000008002e60                __init_EARLY_start = .
 *(SORT_BY_NAME(SORT_BY_ALIGNMENT(.z_init_EARLY[0-9]_*)))
 *(SORT_BY_NAME(SORT_BY_ALIGNMENT(.z_init_EARLY[1-9][0-9]_*)))
                0x0000000008002e60                __init_PRE_KERNEL_1_start = .
 *(SORT_BY_NAME(SORT_BY_ALIGNMENT(.z_init_PRE_KERNEL_1[0-9]_*)))
 .z_init_PRE_KERNEL_10_
                0x0000000008002e60        0x8 zephyr/libzephyr.a(soc.c.obj)
 .z_init_PRE_KERNEL_11_
                0x0000000008002e68        0x8 zephyr/libzephyr.a(soc_config.c.obj)
 .z_init_PRE_KERNEL_11_
                0x0000000008002e70        0x8 zephyr/drivers/clock_control/libdrivers__clock_control.a(clock_stm32_ll_common.c.obj)
 *(SORT_BY_NAME(SORT_BY_ALIGNMENT(.z_init_PRE_KERNEL_1[1-9][0-9]_*)))
 .z_init_PRE_KERNEL_140_
                0x0000000008002e78        0x8 zephyr/drivers/interrupt_controller/libdrivers__interrupt_controller.a(intc_exti_stm32.c.obj)
 .z_init_PRE_KERNEL_140_
                0x0000000008002e80       0x40 zephyr/drivers/gpio/libdrivers__gpio.a(gpio_stm32.c.obj)
                0x0000000008002ec0                __init_PRE_KERNEL_2_start = .
 *(SORT_BY_NAME(SORT_BY_ALIGNMENT(.z_init_PRE_KERNEL_2[0-9]_*)))
 .z_init_PRE_KERNEL_20_
                0x0000000008002ec0        0x8 zephyr/drivers/timer/libdrivers__timer.a(cortex_m_systick.c.obj)
 *(SORT_BY_NAME(SORT_BY_ALIGNMENT(.z_init_PRE_KERNEL_2[1-9][0-9]_*)))
                0x0000000008002ec8                __init_POST_KERNEL_start = .
 *(SORT_BY_NAME(SORT_BY_ALIGNMENT(.z_init_POST_KERNEL[0-9]_*)))
 *(SORT_BY_NAME(SORT_BY_ALIGNMENT(.z_init_POST_KERNEL[1-9][0-9]_*)))
                0x0000000008002ec8                __init_APPLICATION_start = .
 *(SORT_BY_NAME(SORT_BY_ALIGNMENT(.z_init_APPLICATION[0-9]_*)))
 *(SORT_BY_NAME(SORT_BY_ALIGNMENT(.z_init_APPLICATION[1-9][0-9]_*)))
                0x0000000008002ec8                __init_SMP_start = .
 *(SORT_BY_NAME(SORT_BY_ALIGNMENT(.z_init_SMP[0-9]_*)))
 *(SORT_BY_NAME(SORT_BY_ALIGNMENT(.z_init_SMP[1-9][0-9]_*)))
                0x0000000008002ec8                __init_end = .

devices         0x0000000008002ec8       0xf0
                0x0000000008002ec8                __device_start = .
                0x0000000008002ec8                __device_EARLY_start = .
 *(SORT_BY_NAME(SORT_BY_ALIGNMENT(.z_device_EARLY[0-9]_*)))
 *(SORT_BY_NAME(SORT_BY_ALIGNMENT(.z_device_EARLY[1-9][0-9]_*)))
                0x0000000008002ec8                __device_PRE_KERNEL_1_start = .
 *(SORT_BY_NAME(SORT_BY_ALIGNMENT(.z_device_PRE_KERNEL_1[0-9]_*)))
 .z_device_PRE_KERNEL_11_
                0x0000000008002ec8       0x18 zephyr/drivers/clock_control/libdrivers__clock_control.a(clock_stm32_ll_common.c.obj)
                0x0000000008002ec8                __device_dts_ord_8
 *(SORT_BY_NAME(SORT_BY_ALIGNMENT(.z_device_PRE_KERNEL_1[1-9][0-9]_*)))
 .z_device_PRE_KERNEL_140_
                0x0000000008002ee0       0x18 zephyr/drivers/interrupt_controller/libdrivers__interrupt_controller.a(intc_exti_stm32.c.obj)
                0x0000000008002ee0                __device_dts_ord_28
 .z_device_PRE_KERNEL_140_
                0x0000000008002ef8       0xc0 zephyr/drivers/gpio/libdrivers__gpio.a(gpio_stm32.c.obj)
                0x0000000008002ef8                __device_dts_ord_54
                0x0000000008002f10                __device_dts_ord_53
                0x0000000008002f28                __device_dts_ord_52
                0x0000000008002f40                __device_dts_ord_51
                0x0000000008002f58                __device_dts_ord_50
                0x0000000008002f70                __device_dts_ord_49
                0x0000000008002f88                __device_dts_ord_60
                0x0000000008002fa0                __device_dts_ord_59
                0x0000000008002fb8                __device_PRE_KERNEL_2_start = .
 *(SORT_BY_NAME(SORT_BY_ALIGNMENT(.z_device_PRE_KERNEL_2[0-9]_*)))
 *(SORT_BY_NAME(SORT_BY_ALIGNMENT(.z_device_PRE_KERNEL_2[1-9][0-9]_*)))
                0x0000000008002fb8                __device_POST_KERNEL_start = .
 *(SORT_BY_NAME(SORT_BY_ALIGNMENT(.z_device_POST_KERNEL[0-9]_*)))
 *(SORT_BY_NAME(SORT_BY_ALIGNMENT(.z_device_POST_KERNEL[1-9][0-9]_*)))
                0x0000000008002fb8                __device_APPLICATION_start = .
 *(SORT_BY_NAME(SORT_BY_ALIGNMENT(.z_device_APPLICATION[0-9]_*)))
 *(SORT_BY_NAME(SORT_BY_ALIGNMENT(.z_device_APPLICATION[1-9][0-9]_*)))
                0x0000000008002fb8                __device_SMP_start = .
 *(SORT_BY_NAME(SORT_BY_ALIGNMENT(.z_device_SMP[0-9]_*)))
 *(SORT_BY_NAME(SORT_BY_ALIGNMENT(.z_device_SMP[1-9][0-9]_*)))
                0x0000000008002fb8                __device_end = .

sw_isr_table    0x0000000008002fb8      0x2b0
                0x0000000008002fb8                . = ALIGN (0x4)
 *(SORT_BY_ALIGNMENT(.gnu.linkonce.sw_isr_table*))
 .gnu.linkonce.sw_isr_table
                0x0000000008002fb8      0x2b0 zephyr/CMakeFiles/zephyr_final.dir/isr_tables.c.obj
                0x0000000008002fb8                _sw_isr_table

initlevel_error
                0x0000000008002e60        0x0
 *(SORT_BY_NAME(SORT_BY_ALIGNMENT(.z_init_[_A-Z0-9]*)))
                0x0000000000000001                ASSERT ((SIZEOF (initlevel_error) == 0x0), Undefined initialization levels used.)

app_shmem_regions
                0x0000000008003268        0x0
                0x0000000008003268                __app_shmem_regions_start = .
 *(SORT_BY_NAME(SORT_BY_ALIGNMENT(.app_regions.*)))
                0x0000000008003268                __app_shmem_regions_end = .

k_p4wq_initparam_area
                0x0000000008003268        0x0
                0x0000000008003268                _k_p4wq_initparam_list_start = .
 *(SORT_BY_NAME(SORT_BY_ALIGNMENT(._k_p4wq_initparam.static.*)))
                0x0000000008003268                _k_p4wq_initparam_list_end = .

_static_thread_data_area
                0x0000000008003268        0x0
                0x0000000008003268                __static_thread_data_list_start = .
 *(SORT_BY_NAME(SORT_BY_ALIGNMENT(.__static_thread_data.static.*)))
                0x0000000008003268                __static_thread_data_list_end = .

device_handles  0x0000000008003268       0x5c
                0x0000000008003268                __device_handles_start = .
 *(SORT_BY_NAME(SORT_BY_ALIGNMENT(.__device_handles_pass2*)))
 .__device_handles_pass2
                0x0000000008003268       0x5c zephyr/CMakeFiles/zephyr_final.dir/dev_handles.c.obj
                0x0000000008003268                __devicehdl_dts_ord_59
                0x0000000008003270                __devicehdl_dts_ord_60
                0x0000000008003278                __devicehdl_dts_ord_49
                0x0000000008003280                __devicehdl_dts_ord_50
                0x0000000008003288                __devicehdl_dts_ord_51
                0x0000000008003290                __devicehdl_dts_ord_52
                0x0000000008003298                __devicehdl_dts_ord_53
                0x00000000080032a0                __devicehdl_dts_ord_54
                0x00000000080032a8                __devicehdl_dts_ord_28
                0x00000000080032ae                __devicehdl_dts_ord_8
                0x00000000080032c4                __device_handles_end = .

ztest           0x00000000080032c4        0x0
                0x00000000080032c4                _ztest_expected_result_entry_list_start = .
 *(SORT_BY_NAME(SORT_BY_ALIGNMENT(._ztest_expected_result_entry.static.*)))
                0x00000000080032c4                _ztest_expected_result_entry_list_end = .
                0x00000000080032c4                _ztest_suite_node_list_start = .
 *(SORT_BY_NAME(SORT_BY_ALIGNMENT(._ztest_suite_node.static.*)))
                0x00000000080032c4                _ztest_suite_node_list_end = .
                0x00000000080032c4                _ztest_unit_test_list_start = .
 *(SORT_BY_NAME(SORT_BY_ALIGNMENT(._ztest_unit_test.static.*)))
                0x00000000080032c4                _ztest_unit_test_list_end = .
                0x00000000080032c4                _ztest_test_rule_list_start = .
 *(SORT_BY_NAME(SORT_BY_ALIGNMENT(._ztest_test_rule.static.*)))
                0x00000000080032c4                _ztest_test_rule_list_end = .

bt_l2cap_fixed_chan_area
                0x00000000080032c4        0x0
                0x00000000080032c4                _bt_l2cap_fixed_chan_list_start = .
 *(SORT_BY_NAME(SORT_BY_ALIGNMENT(._bt_l2cap_fixed_chan.static.*)))
                0x00000000080032c4                _bt_l2cap_fixed_chan_list_end = .

bt_gatt_service_static_area
                0x00000000080032c4        0x0
                0x00000000080032c4                _bt_gatt_service_static_list_start = .
 *(SORT_BY_NAME(SORT_BY_ALIGNMENT(._bt_gatt_service_static.static.*)))
                0x00000000080032c4                _bt_gatt_service_static_list_end = .

log_strings_sections
                0x00000000080032c4        0x0
                0x00000000080032c4                __log_strings_start = .
 *(SORT_BY_NAME(SORT_BY_ALIGNMENT(.log_strings*)))
                0x00000000080032c4                __log_strings_end = .

log_const_sections
                0x00000000080032c4       0x10
                0x00000000080032c4                __log_const_start = .
 *(SORT_BY_NAME(SORT_BY_ALIGNMENT(.log_const_*)))
 .log_const_cbprintf_package
                0x00000000080032c4        0x8 zephyr/libzephyr.a(cbprintf_packaged.c.obj)
                0x00000000080032c4                log_const_cbprintf_package
 .log_const_os  0x00000000080032cc        0x8 zephyr/kernel/libkernel.a(init.c.obj)
                0x00000000080032cc                log_const_os
                0x00000000080032d4                __log_const_end = .

log_backend_area
                0x00000000080032d4        0x0
                0x00000000080032d4                _log_backend_list_start = .
 *(SORT_BY_NAME(SORT_BY_ALIGNMENT(._log_backend.static.*)))
                0x00000000080032d4                _log_backend_list_end = .

log_link_area   0x00000000080032d4        0x0
                0x00000000080032d4                _log_link_list_start = .
 *(SORT_BY_NAME(SORT_BY_ALIGNMENT(._log_link.static.*)))
                0x00000000080032d4                _log_link_list_end = .

tracing_backend_area
                0x00000000080032d4        0x0
                0x00000000080032d4                _tracing_backend_list_start = .
 *(SORT_BY_NAME(SORT_BY_ALIGNMENT(._tracing_backend.static.*)))
                0x00000000080032d4                _tracing_backend_list_end = .

zephyr_dbg_info
 *(SORT_BY_ALIGNMENT(.dbg_thread_info))

symbol_to_keep  0x00000000080032d4        0x0
                0x00000000080032d4                __symbol_to_keep_start = .
 *(SORT_BY_NAME(SORT_BY_ALIGNMENT(.symbol_to_keep*)))
                0x00000000080032d4                __symbol_to_keep_end = .

shell_area      0x00000000080032d4        0x0
                0x00000000080032d4                _shell_list_start = .
 *(SORT_BY_NAME(SORT_BY_ALIGNMENT(._shell.static.*)))
                0x00000000080032d4                _shell_list_end = .

shell_root_cmds_sections
                0x00000000080032d4        0x0
                0x00000000080032d4                __shell_root_cmds_start = .
 *(SORT_BY_NAME(SORT_BY_ALIGNMENT(.shell_root_cmd_*)))
                0x00000000080032d4                __shell_root_cmds_end = .

shell_subcmds_sections
                0x00000000080032d4        0x0
                0x00000000080032d4                __shell_subcmds_start = .
 *(SORT_BY_NAME(SORT_BY_ALIGNMENT(.shell_subcmd_*)))
                0x00000000080032d4                __shell_subcmds_end = .

shell_dynamic_subcmds_sections
                0x00000000080032d4        0x0
                0x00000000080032d4                __shell_dynamic_subcmds_start = .
 *(SORT_BY_NAME(SORT_BY_ALIGNMENT(.shell_dynamic_subcmd_*)))
                0x00000000080032d4                __shell_dynamic_subcmds_end = .

font_entry_sections
                0x00000000080032d4        0x0
                0x00000000080032d4                __font_entry_start = .
 *(SORT_BY_NAME(SORT_BY_ALIGNMENT(._cfb_font.*)))
                0x00000000080032d4                __font_entry_end = .

rodata          0x00000000080032d4      0x224
 *(SORT_BY_ALIGNMENT(.rodata))
 .rodata        0x00000000080032d4        0x8 zephyr/drivers/gpio/libdrivers__gpio.a(gpio_stm32.c.obj)
 *(SORT_BY_ALIGNMENT(.rodata.*))
 .rodata.gpio_stm32_cfg_h
                0x00000000080032dc       0x14 zephyr/drivers/gpio/libdrivers__gpio.a(gpio_stm32.c.obj)
 .rodata.gpio_stm32_cfg_g
                0x00000000080032f0       0x14 zephyr/drivers/gpio/libdrivers__gpio.a(gpio_stm32.c.obj)
 .rodata.gpio_stm32_cfg_f
                0x0000000008003304       0x14 zephyr/drivers/gpio/libdrivers__gpio.a(gpio_stm32.c.obj)
 .rodata.gpio_stm32_cfg_e
                0x0000000008003318       0x14 zephyr/drivers/gpio/libdrivers__gpio.a(gpio_stm32.c.obj)
 .rodata.gpio_stm32_cfg_d
                0x000000000800332c       0x14 zephyr/drivers/gpio/libdrivers__gpio.a(gpio_stm32.c.obj)
 .rodata.gpio_stm32_cfg_c
                0x0000000008003340       0x14 zephyr/drivers/gpio/libdrivers__gpio.a(gpio_stm32.c.obj)
 .rodata.gpio_stm32_cfg_b
                0x0000000008003354       0x14 zephyr/drivers/gpio/libdrivers__gpio.a(gpio_stm32.c.obj)
 .rodata.gpio_stm32_cfg_a
                0x0000000008003368       0x14 zephyr/drivers/gpio/libdrivers__gpio.a(gpio_stm32.c.obj)
 .rodata.gpio_stm32_driver
                0x000000000800337c       0x24 zephyr/drivers/gpio/libdrivers__gpio.a(gpio_stm32.c.obj)
 .rodata._k_neg_eagain
                0x00000000080033a0        0x4 zephyr/kernel/libkernel.a(errno.c.obj)
                0x00000000080033a0                _k_neg_eagain
 .rodata.levels.0
                0x00000000080033a4       0x18 zephyr/kernel/libkernel.a(init.c.obj)
 .rodata.main.str1.1
                0x00000000080033bc       0x21 app/libapp.a(main.c.obj)
 .rodata.str1.1
                0x00000000080033dd       0x11 zephyr/libzephyr.a(cbprintf_packaged.c.obj)
 .rodata.z_cbvprintf_impl.str1.1
                0x00000000080033ee        0x6 zephyr/libzephyr.a(cbprintf_complete.c.obj)
 .rodata.line_range_6.0
                0x00000000080033f4        0x2 zephyr/drivers/interrupt_controller/libdrivers__interrupt_controller.a(intc_exti_stm32.c.obj)
 .rodata.line_range_5.1
                0x00000000080033f6        0x2 zephyr/drivers/interrupt_controller/libdrivers__interrupt_controller.a(intc_exti_stm32.c.obj)
 .rodata.line_range_4.2
                0x00000000080033f8        0x2 zephyr/drivers/interrupt_controller/libdrivers__interrupt_controller.a(intc_exti_stm32.c.obj)
 .rodata.line_range_3.3
                0x00000000080033fa        0x2 zephyr/drivers/interrupt_controller/libdrivers__interrupt_controller.a(intc_exti_stm32.c.obj)
 .rodata.line_range_2.4
                0x00000000080033fc        0x2 zephyr/drivers/interrupt_controller/libdrivers__interrupt_controller.a(intc_exti_stm32.c.obj)
 .rodata.line_range_1.5
                0x00000000080033fe        0x2 zephyr/drivers/interrupt_controller/libdrivers__interrupt_controller.a(intc_exti_stm32.c.obj)
 .rodata.line_range_0.6
                0x0000000008003400        0x2 zephyr/drivers/interrupt_controller/libdrivers__interrupt_controller.a(intc_exti_stm32.c.obj)
 .rodata.str1.1
                0x0000000008003402       0x1e zephyr/drivers/interrupt_controller/libdrivers__interrupt_controller.a(intc_exti_stm32.c.obj)
 .rodata.str1.1
                0x0000000008003420        0xd zephyr/drivers/clock_control/libdrivers__clock_control.a(clock_stm32_ll_common.c.obj)
 .rodata.str1.1
                0x000000000800342d       0x70 zephyr/drivers/gpio/libdrivers__gpio.a(gpio_stm32.c.obj)
 .rodata.AHBPrescTable
                0x000000000800349d       0x10 modules/stm32/stm32cube/lib..__modules__hal__stm32__stm32cube.a(system_stm32f4xx.c.obj)
                0x000000000800349d                AHBPrescTable
 .rodata.z_cstart.str1.1
                0x00000000080034ad        0x5 zephyr/kernel/libkernel.a(init.c.obj)
 .rodata.str1.1
                0x00000000080034b2        0x3 zephyr/kernel/libkernel.a(init.c.obj)
 .rodata.boot_banner.str1.1
                0x00000000080034b5       0x41 zephyr/kernel/libkernel.a(banner.c.obj)
 *(SORT_BY_ALIGNMENT(.gnu.linkonce.r.*))
                0x00000000080034f8                . = ALIGN (0x4)
 *fill*         0x00000000080034f6        0x2 
                0x00000000080034f8                __rodata_region_end = .
                0x00000000080034f8                . = ALIGN (_region_min_align)
                0x00000000080034f8                __rom_region_end = ((__rom_region_start + .) - ADDR (rom_start))

/DISCARD/
 *(SORT_BY_ALIGNMENT(.got.plt))
 *(SORT_BY_ALIGNMENT(.igot.plt))
 *(SORT_BY_ALIGNMENT(.got))
 *(SORT_BY_ALIGNMENT(.igot))
                0x0000000020000000                . = 0x20000000
                0x0000000020000000                . = ALIGN (_region_min_align)
                0x0000000020000000                _image_ram_start = .

.ramfunc        0x0000000020000000        0x0 load address 0x00000000080034f8
                0x0000000020000000                . = ALIGN (_region_min_align)
                0x0000000020000000                __ramfunc_start = .
 *(SORT_BY_ALIGNMENT(.ramfunc))
 *(SORT_BY_ALIGNMENT(.ramfunc.*))
                0x0000000020000000                . = ALIGN (_region_min_align)
                0x0000000020000000                __ramfunc_end = .
                0x0000000000000000                __ramfunc_size = (__ramfunc_end - __ramfunc_start)
                0x00000000080034f8                __ramfunc_load_start = LOADADDR (.ramfunc)

datas           0x0000000020000000       0x3c load address 0x00000000080034f8
                0x0000000020000000                __data_region_start = .
                0x0000000020000000                __data_start = .
 *(SORT_BY_ALIGNMENT(.data))
 *(SORT_BY_ALIGNMENT(.data.*))
 .data._char_out
                0x0000000020000000        0x4 zephyr/libzephyr.a(printk.c.obj)
                0x0000000020000000                _char_out
 .data.stm32_clock_control_api
                0x0000000020000004       0x1c zephyr/drivers/clock_control/libdrivers__clock_control.a(clock_stm32_ll_common.c.obj)
 .data.SystemCoreClock
                0x0000000020000020        0x4 modules/stm32/stm32cube/lib..__modules__hal__stm32__stm32cube.a(system_stm32f4xx.c.obj)
                0x0000000020000020                SystemCoreClock
 .data.timeout_list
                0x0000000020000024        0x8 zephyr/kernel/libkernel.a(timeout.c.obj)
 .data.exti_irq_table
                0x000000002000002c       0x10 zephyr/drivers/interrupt_controller/libdrivers__interrupt_controller.a(intc_exti_stm32.c.obj)
 *(SORT_BY_ALIGNMENT(.kernel.*))
                0x000000002000003c                __data_end = .
                0x000000000000003c                __data_size = (__data_end - __data_start)
                0x00000000080034f8                __data_load_start = LOADADDR (datas)
                0x00000000080034f8                __data_region_load_start = LOADADDR (datas)

device_states   0x000000002000003c       0x14 load address 0x0000000008003534
                0x000000002000003c                __device_states_start = .
 *(SORT_BY_ALIGNMENT(.z_devstate))
 .z_devstate    0x000000002000003c        0x2 zephyr/drivers/interrupt_controller/libdrivers__interrupt_controller.a(intc_exti_stm32.c.obj)
 .z_devstate    0x000000002000003e        0x2 zephyr/drivers/clock_control/libdrivers__clock_control.a(clock_stm32_ll_common.c.obj)
 .z_devstate    0x0000000020000040       0x10 zephyr/drivers/gpio/libdrivers__gpio.a(gpio_stm32.c.obj)
 *(SORT_BY_ALIGNMENT(.z_devstate.*))
                0x0000000020000050                __device_states_end = .

initshell       0x0000000020000050        0x0 load address 0x0000000008003548
                0x0000000020000050                __shell_module_start = .
 *(SORT_BY_ALIGNMENT(.shell_module_*))
                0x0000000020000050                __shell_module_end = .
                0x0000000020000050                __shell_cmd_start = .
 *(SORT_BY_ALIGNMENT(.shell_cmd_*))
                0x0000000020000050                __shell_cmd_end = .

log_mpsc_pbuf_area
                0x0000000020000050        0x0 load address 0x0000000008003548
                0x0000000020000050                _log_mpsc_pbuf_list_start = .
 *(SORT_BY_NAME(SORT_BY_ALIGNMENT(._log_mpsc_pbuf.static.*)))
                0x0000000020000050                _log_mpsc_pbuf_list_end = .

log_msg_ptr_area
                0x0000000020000050        0x0 load address 0x0000000008003548
                0x0000000020000050                _log_msg_ptr_list_start = .
 *(SORT_BY_NAME(SORT_BY_ALIGNMENT(._log_msg_ptr.static.*)))
                0x0000000020000050                _log_msg_ptr_list_end = .

log_dynamic_sections
                0x0000000020000050        0x0 load address 0x0000000008003548
                0x0000000020000050                __log_dynamic_start = .
 *(SORT_BY_NAME(SORT_BY_ALIGNMENT(.log_dynamic_*)))
                0x0000000020000050                __log_dynamic_end = .

k_timer_area    0x0000000020000050        0x0 load address 0x0000000008003548
                0x0000000020000050                _k_timer_list_start = .
 *(SORT_BY_NAME(SORT_BY_ALIGNMENT(._k_timer.static.*)))
                0x0000000020000050                _k_timer_list_end = .

k_mem_slab_area
                0x0000000020000050        0x0 load address 0x0000000008003548
                0x0000000020000050                _k_mem_slab_list_start = .
 *(SORT_BY_NAME(SORT_BY_ALIGNMENT(._k_mem_slab.static.*)))
                0x0000000020000050                _k_mem_slab_list_end = .

k_heap_area     0x0000000020000050        0x0 load address 0x0000000008003548
                0x0000000020000050                _k_heap_list_start = .
 *(SORT_BY_NAME(SORT_BY_ALIGNMENT(._k_heap.static.*)))
                0x0000000020000050                _k_heap_list_end = .

k_mutex_area    0x0000000020000050        0x0 load address 0x0000000008003548
                0x0000000020000050                _k_mutex_list_start = .
 *(SORT_BY_NAME(SORT_BY_ALIGNMENT(._k_mutex.static.*)))
                0x0000000020000050                _k_mutex_list_end = .

k_stack_area    0x0000000020000050        0x0 load address 0x0000000008003548
                0x0000000020000050                _k_stack_list_start = .
 *(SORT_BY_NAME(SORT_BY_ALIGNMENT(._k_stack.static.*)))
                0x0000000020000050                _k_stack_list_end = .

k_msgq_area     0x0000000020000050        0x0 load address 0x0000000008003548
                0x0000000020000050                _k_msgq_list_start = .
 *(SORT_BY_NAME(SORT_BY_ALIGNMENT(._k_msgq.static.*)))
                0x0000000020000050                _k_msgq_list_end = .

k_mbox_area     0x0000000020000050        0x0 load address 0x0000000008003548
                0x0000000020000050                _k_mbox_list_start = .
 *(SORT_BY_NAME(SORT_BY_ALIGNMENT(._k_mbox.static.*)))
                0x0000000020000050                _k_mbox_list_end = .

k_pipe_area     0x0000000020000050        0x0 load address 0x0000000008003548
                0x0000000020000050                _k_pipe_list_start = .
 *(SORT_BY_NAME(SORT_BY_ALIGNMENT(._k_pipe.static.*)))
                0x0000000020000050                _k_pipe_list_end = .

k_sem_area      0x0000000020000050        0x0 load address 0x0000000008003548
                0x0000000020000050                _k_sem_list_start = .
 *(SORT_BY_NAME(SORT_BY_ALIGNMENT(._k_sem.static.*)))
                0x0000000020000050                _k_sem_list_end = .

k_event_area    0x0000000020000050        0x0 load address 0x0000000008003548
                0x0000000020000050                _k_event_list_start = .
 *(SORT_BY_NAME(SORT_BY_ALIGNMENT(._k_event.static.*)))
                0x0000000020000050                _k_event_list_end = .

k_queue_area    0x0000000020000050        0x0 load address 0x0000000008003548
                0x0000000020000050                _k_queue_list_start = .
 *(SORT_BY_NAME(SORT_BY_ALIGNMENT(._k_queue.static.*)))
                0x0000000020000050                _k_queue_list_end = .

k_condvar_area  0x0000000020000050        0x0 load address 0x0000000008003548
                0x0000000020000050                _k_condvar_list_start = .
 *(SORT_BY_NAME(SORT_BY_ALIGNMENT(._k_condvar.static.*)))
                0x0000000020000050                _k_condvar_list_end = .

_net_buf_pool_area
                0x0000000020000050        0x0 load address 0x0000000008003548
                0x0000000020000050                _net_buf_pool_list = .
 *(SORT_BY_NAME(SORT_BY_ALIGNMENT(._net_buf_pool.static.*)))
                0x0000000020000050                __data_region_end = .

bss             0x0000000020000050      0x2c5
                0x0000000020000050                . = ALIGN (0x4)
                0x0000000020000050                __bss_start = .
                0x0000000020000050                __kernel_ram_start = .
 *(SORT_BY_ALIGNMENT(.bss))
 *(SORT_BY_ALIGNMENT(.bss.*))
 .bss.z_idle_threads
                0x0000000020000050       0xb8 zephyr/kernel/libkernel.a(init.c.obj)
                0x0000000020000050                z_idle_threads
 .bss.z_main_thread
                0x0000000020000108       0xb8 zephyr/kernel/libkernel.a(init.c.obj)
                0x0000000020000108                z_main_thread
 .bss.curr_tick
                0x00000000200001c0        0x8 zephyr/kernel/libkernel.a(timeout.c.obj)
 .bss.exti_data
                0x00000000200001c8       0x80 zephyr/drivers/interrupt_controller/libdrivers__interrupt_controller.a(intc_exti_stm32.c.obj)
 .bss.gpio_stm32_data_h
                0x0000000020000248       0x10 zephyr/drivers/gpio/libdrivers__gpio.a(gpio_stm32.c.obj)
 .bss.gpio_stm32_data_g
                0x0000000020000258       0x10 zephyr/drivers/gpio/libdrivers__gpio.a(gpio_stm32.c.obj)
 .bss.gpio_stm32_data_f
                0x0000000020000268       0x10 zephyr/drivers/gpio/libdrivers__gpio.a(gpio_stm32.c.obj)
 .bss.gpio_stm32_data_e
                0x0000000020000278       0x10 zephyr/drivers/gpio/libdrivers__gpio.a(gpio_stm32.c.obj)
 .bss.gpio_stm32_data_d
                0x0000000020000288       0x10 zephyr/drivers/gpio/libdrivers__gpio.a(gpio_stm32.c.obj)
 .bss.gpio_stm32_data_c
                0x0000000020000298       0x10 zephyr/drivers/gpio/libdrivers__gpio.a(gpio_stm32.c.obj)
 .bss.gpio_stm32_data_b
                0x00000000200002a8       0x10 zephyr/drivers/gpio/libdrivers__gpio.a(gpio_stm32.c.obj)
 .bss.gpio_stm32_data_a
                0x00000000200002b8       0x10 zephyr/drivers/gpio/libdrivers__gpio.a(gpio_stm32.c.obj)
 .bss.overflow_cyc
                0x00000000200002c8        0x4 zephyr/drivers/timer/libdrivers__timer.a(cortex_m_systick.c.obj)
 .bss.announced_cycles
                0x00000000200002cc        0x4 zephyr/drivers/timer/libdrivers__timer.a(cortex_m_systick.c.obj)
 .bss.cycle_count
                0x00000000200002d0        0x4 zephyr/drivers/timer/libdrivers__timer.a(cortex_m_systick.c.obj)
 .bss.last_load
                0x00000000200002d4        0x4 zephyr/drivers/timer/libdrivers__timer.a(cortex_m_systick.c.obj)
 .bss._kernel   0x00000000200002d8       0x2c zephyr/kernel/libkernel.a(init.c.obj)
                0x00000000200002d8                _kernel
 .bss.pending_current
                0x0000000020000304        0x4 zephyr/kernel/libkernel.a(sched.c.obj)
 .bss.slice_max_prio
                0x0000000020000308        0x4 zephyr/kernel/libkernel.a(sched.c.obj)
 .bss.slice_ticks
                0x000000002000030c        0x4 zephyr/kernel/libkernel.a(sched.c.obj)
 .bss.announce_remaining
                0x0000000020000310        0x4 zephyr/kernel/libkernel.a(timeout.c.obj)
 .bss.z_sys_post_kernel
                0x0000000020000314        0x1 zephyr/kernel/libkernel.a(init.c.obj)
                0x0000000020000314                z_sys_post_kernel
 .bss.sched_spinlock
                0x0000000020000315        0x0 zephyr/kernel/libkernel.a(sched.c.obj)
                0x0000000020000315                sched_spinlock
 *(SORT_BY_ALIGNMENT(COMMON))
 *(SORT_BY_ALIGNMENT(.kernel_bss.*))
                0x0000000020000318                __bss_end = ALIGN (0x4)

noinit          0x0000000020000318      0xd40
 *(SORT_BY_ALIGNMENT(.noinit))
 *(SORT_BY_ALIGNMENT(.noinit.*))
 .noinit."WEST_TOPDIR/zephyr/kernel/init.c".2
                0x0000000020000318      0x800 zephyr/kernel/libkernel.a(init.c.obj)
                0x0000000020000318                z_interrupt_stacks
 .noinit."WEST_TOPDIR/zephyr/kernel/init.c".1
                0x0000000020000b18      0x140 zephyr/kernel/libkernel.a(init.c.obj)
 .noinit."WEST_TOPDIR/zephyr/kernel/init.c".0
                0x0000000020000c58      0x400 zephyr/kernel/libkernel.a(init.c.obj)
                0x0000000020000c58                z_main_stack
 *(SORT_BY_ALIGNMENT(.kernel_noinit.*))
                0x0000000020001058                _image_ram_end = .
                0x0000000020001058                _end = .
                0x0000000020020000                __kernel_ram_end = 0x20020000
                0x000000000001ffb0                __kernel_ram_size = (__kernel_ram_end - __kernel_ram_start)

/DISCARD/
 *(SORT_BY_ALIGNMENT(.irq_info*))
 *(SORT_BY_ALIGNMENT(.intList*))

.stab
 *(SORT_BY_ALIGNMENT(.stab))

.stabstr
 *(SORT_BY_ALIGNMENT(.stabstr))

.stab.excl
 *(SORT_BY_ALIGNMENT(.stab.excl))

.stab.exclstr
 *(SORT_BY_ALIGNMENT(.stab.exclstr))

.stab.index
 *(SORT_BY_ALIGNMENT(.stab.index))

.stab.indexstr
 *(SORT_BY_ALIGNMENT(.stab.indexstr))

.gnu.build.attributes
 *(SORT_BY_ALIGNMENT(.gnu.build.attributes) SORT_BY_ALIGNMENT(.gnu.build.attributes.*))

.comment        0x0000000000000000       0x20
 *(SORT_BY_ALIGNMENT(.comment))
 .comment       0x0000000000000000       0x20 zephyr/CMakeFiles/zephyr_final.dir/dev_handles.c.obj
                                         0x21 (size before relaxing)
 .comment       0x0000000000000020       0x21 zephyr/CMakeFiles/zephyr_final.dir/isr_tables.c.obj
 .comment       0x0000000000000020       0x21 zephyr/CMakeFiles/offsets.dir/./arch/arm/core/offsets/offsets.c.obj
 .comment       0x0000000000000020       0x21 app/libapp.a(main.c.obj)
 .comment       0x0000000000000020       0x21 zephyr/libzephyr.a(cbprintf_packaged.c.obj)
 .comment       0x0000000000000020       0x21 zephyr/libzephyr.a(printk.c.obj)
 .comment       0x0000000000000020       0x21 zephyr/libzephyr.a(thread_entry.c.obj)
 .comment       0x0000000000000020       0x21 zephyr/libzephyr.a(cbprintf_complete.c.obj)
 .comment       0x0000000000000020       0x21 zephyr/libzephyr.a(configs.c.obj)
 .comment       0x0000000000000020       0x21 zephyr/libzephyr.a(soc.c.obj)
 .comment       0x0000000000000020       0x21 zephyr/libzephyr.a(soc_config.c.obj)
 .comment       0x0000000000000020       0x21 zephyr/arch/arch/arm/core/aarch32/libarch__arm__core__aarch32.a(fatal.c.obj)
 .comment       0x0000000000000020       0x21 zephyr/arch/arch/arm/core/aarch32/libarch__arm__core__aarch32.a(irq_manage.c.obj)
 .comment       0x0000000000000020       0x21 zephyr/arch/arch/arm/core/aarch32/libarch__arm__core__aarch32.a(nmi.c.obj)
 .comment       0x0000000000000020       0x21 zephyr/arch/arch/arm/core/aarch32/libarch__arm__core__aarch32.a(prep_c.c.obj)
 .comment       0x0000000000000020       0x21 zephyr/arch/arch/arm/core/aarch32/libarch__arm__core__aarch32.a(swap.c.obj)
 .comment       0x0000000000000020       0x21 zephyr/arch/arch/arm/core/aarch32/libarch__arm__core__aarch32.a(thread.c.obj)
 .comment       0x0000000000000020       0x21 zephyr/arch/arch/arm/core/aarch32/cortex_m/libarch__arm__core__aarch32__cortex_m.a(fault.c.obj)
 .comment       0x0000000000000020       0x21 zephyr/arch/arch/arm/core/aarch32/cortex_m/libarch__arm__core__aarch32__cortex_m.a(irq_init.c.obj)
 .comment       0x0000000000000020       0x21 zephyr/arch/arch/arm/core/aarch32/cortex_m/libarch__arm__core__aarch32__cortex_m.a(thread_abort.c.obj)
 .comment       0x0000000000000020       0x21 zephyr/lib/libc/minimal/liblib__libc__minimal.a(string.c.obj)
 .comment       0x0000000000000020       0x21 zephyr/drivers/interrupt_controller/libdrivers__interrupt_controller.a(intc_exti_stm32.c.obj)
 .comment       0x0000000000000020       0x21 zephyr/drivers/clock_control/libdrivers__clock_control.a(clock_stm32_ll_common.c.obj)
 .comment       0x0000000000000020       0x21 zephyr/drivers/clock_control/libdrivers__clock_control.a(clock_stm32f2_f4_f7.c.obj)
 .comment       0x0000000000000020       0x21 zephyr/drivers/gpio/libdrivers__gpio.a(gpio_stm32.c.obj)
 .comment       0x0000000000000020       0x21 zephyr/drivers/timer/libdrivers__timer.a(cortex_m_systick.c.obj)
 .comment       0x0000000000000020       0x21 modules/stm32/stm32cube/lib..__modules__hal__stm32__stm32cube.a(system_stm32f4xx.c.obj)
 .comment       0x0000000000000020       0x21 modules/stm32/stm32cube/lib..__modules__hal__stm32__stm32cube.a(stm32f4xx_hal_rcc.c.obj)
 .comment       0x0000000000000020       0x21 modules/stm32/stm32cube/lib..__modules__hal__stm32__stm32cube.a(stm32f4xx_ll_utils.c.obj)
 .comment       0x0000000000000020       0x21 zephyr/kernel/libkernel.a(device.c.obj)
 .comment       0x0000000000000020       0x21 zephyr/kernel/libkernel.a(errno.c.obj)
 .comment       0x0000000000000020       0x21 zephyr/kernel/libkernel.a(fatal.c.obj)
 .comment       0x0000000000000020       0x21 zephyr/kernel/libkernel.a(init.c.obj)
 .comment       0x0000000000000020       0x21 zephyr/kernel/libkernel.a(thread.c.obj)
 .comment       0x0000000000000020       0x21 zephyr/kernel/libkernel.a(idle.c.obj)
 .comment       0x0000000000000020       0x21 zephyr/kernel/libkernel.a(sched.c.obj)
 .comment       0x0000000000000020       0x21 zephyr/kernel/libkernel.a(xip.c.obj)
 .comment       0x0000000000000020       0x21 zephyr/kernel/libkernel.a(timeout.c.obj)
 .comment       0x0000000000000020       0x21 zephyr/kernel/libkernel.a(banner.c.obj)

.debug
 *(SORT_BY_ALIGNMENT(.debug))

.line
 *(SORT_BY_ALIGNMENT(.line))

.debug_srcinfo
 *(SORT_BY_ALIGNMENT(.debug_srcinfo))

.debug_sfnames
 *(SORT_BY_ALIGNMENT(.debug_sfnames))

.debug_aranges  0x0000000000000000      0xc50
 *(SORT_BY_ALIGNMENT(.debug_aranges))
 .debug_aranges
                0x0000000000000000       0x30 zephyr/arch/arch/arm/core/aarch32/libarch__arm__core__aarch32.a(cpu_idle.S.obj)
 .debug_aranges
                0x0000000000000030       0x20 zephyr/arch/arch/arm/core/aarch32/libarch__arm__core__aarch32.a(nmi_on_reset.S.obj)
 .debug_aranges
                0x0000000000000050       0x28 zephyr/arch/arch/arm/core/aarch32/libarch__arm__core__aarch32.a(swap_helper.S.obj)
 .debug_aranges
                0x0000000000000078       0x20 zephyr/arch/arch/arm/core/aarch32/libarch__arm__core__aarch32.a(isr_wrapper.S.obj)
 .debug_aranges
                0x0000000000000098       0x20 zephyr/arch/arch/arm/core/aarch32/cortex_m/libarch__arm__core__aarch32__cortex_m.a(exc_exit.S.obj)
 .debug_aranges
                0x00000000000000b8       0x20 zephyr/arch/arch/arm/core/aarch32/cortex_m/libarch__arm__core__aarch32__cortex_m.a(fault_s.S.obj)
 .debug_aranges
                0x00000000000000d8       0x20 zephyr/arch/arch/arm/core/aarch32/cortex_m/libarch__arm__core__aarch32__cortex_m.a(reset.S.obj)
 .debug_aranges
                0x00000000000000f8       0x18 zephyr/CMakeFiles/zephyr_final.dir/dev_handles.c.obj
 .debug_aranges
                0x0000000000000110       0x18 zephyr/CMakeFiles/zephyr_final.dir/isr_tables.c.obj
 .debug_aranges
                0x0000000000000128       0x20 zephyr/CMakeFiles/offsets.dir/./arch/arm/core/offsets/offsets.c.obj
 .debug_aranges
                0x0000000000000148       0x20 app/libapp.a(main.c.obj)
 .debug_aranges
                0x0000000000000168       0x40 zephyr/libzephyr.a(cbprintf_packaged.c.obj)
 .debug_aranges
                0x00000000000001a8       0x68 zephyr/libzephyr.a(printk.c.obj)
 .debug_aranges
                0x0000000000000210       0x20 zephyr/libzephyr.a(thread_entry.c.obj)
 .debug_aranges
                0x0000000000000230       0x40 zephyr/libzephyr.a(cbprintf_complete.c.obj)
 .debug_aranges
                0x0000000000000270       0x20 zephyr/libzephyr.a(configs.c.obj)
 .debug_aranges
                0x0000000000000290       0x20 zephyr/libzephyr.a(soc.c.obj)
 .debug_aranges
                0x00000000000002b0       0x20 zephyr/libzephyr.a(soc_config.c.obj)
 .debug_aranges
                0x00000000000002d0       0x30 zephyr/arch/arch/arm/core/aarch32/libarch__arm__core__aarch32.a(fatal.c.obj)
 .debug_aranges
                0x0000000000000300       0x40 zephyr/arch/arch/arm/core/aarch32/libarch__arm__core__aarch32.a(irq_manage.c.obj)
 .debug_aranges
                0x0000000000000340       0x20 zephyr/arch/arch/arm/core/aarch32/libarch__arm__core__aarch32.a(nmi.c.obj)
 .debug_aranges
                0x0000000000000360       0x20 zephyr/arch/arch/arm/core/aarch32/libarch__arm__core__aarch32.a(prep_c.c.obj)
 .debug_aranges
                0x0000000000000380       0x20 zephyr/arch/arch/arm/core/aarch32/libarch__arm__core__aarch32.a(swap.c.obj)
 .debug_aranges
                0x00000000000003a0       0x38 zephyr/arch/arch/arm/core/aarch32/libarch__arm__core__aarch32.a(thread.c.obj)
 .debug_aranges
                0x00000000000003d8       0x40 zephyr/arch/arch/arm/core/aarch32/cortex_m/libarch__arm__core__aarch32__cortex_m.a(fault.c.obj)
 .debug_aranges
                0x0000000000000418       0x20 zephyr/arch/arch/arm/core/aarch32/cortex_m/libarch__arm__core__aarch32__cortex_m.a(irq_init.c.obj)
 .debug_aranges
                0x0000000000000438       0x20 zephyr/arch/arch/arm/core/aarch32/cortex_m/libarch__arm__core__aarch32__cortex_m.a(thread_abort.c.obj)
 .debug_aranges
                0x0000000000000458       0x98 zephyr/lib/libc/minimal/liblib__libc__minimal.a(string.c.obj)
 .debug_aranges
                0x00000000000004f0       0x58 zephyr/drivers/interrupt_controller/libdrivers__interrupt_controller.a(intc_exti_stm32.c.obj)
 .debug_aranges
                0x0000000000000548       0x40 zephyr/drivers/clock_control/libdrivers__clock_control.a(clock_stm32_ll_common.c.obj)
 .debug_aranges
                0x0000000000000588       0x30 zephyr/drivers/clock_control/libdrivers__clock_control.a(clock_stm32f2_f4_f7.c.obj)
 .debug_aranges
                0x00000000000005b8       0x78 zephyr/drivers/gpio/libdrivers__gpio.a(gpio_stm32.c.obj)
 .debug_aranges
                0x0000000000000630       0x58 zephyr/drivers/timer/libdrivers__timer.a(cortex_m_systick.c.obj)
 .debug_aranges
                0x0000000000000688       0x28 modules/stm32/stm32cube/lib..__modules__hal__stm32__stm32cube.a(system_stm32f4xx.c.obj)
 .debug_aranges
                0x00000000000006b0       0x88 modules/stm32/stm32cube/lib..__modules__hal__stm32__stm32cube.a(stm32f4xx_hal_rcc.c.obj)
 .debug_aranges
                0x0000000000000738       0x58 modules/stm32/stm32cube/lib..__modules__hal__stm32__stm32cube.a(stm32f4xx_ll_utils.c.obj)
 .debug_aranges
                0x0000000000000790       0x50 zephyr/kernel/libkernel.a(device.c.obj)
 .debug_aranges
                0x00000000000007e0       0x20 zephyr/kernel/libkernel.a(errno.c.obj)
 .debug_aranges
                0x0000000000000800       0x60 zephyr/kernel/libkernel.a(fatal.c.obj)
 .debug_aranges
                0x0000000000000860       0x50 zephyr/kernel/libkernel.a(init.c.obj)
 .debug_aranges
                0x00000000000008b0       0xb8 zephyr/kernel/libkernel.a(thread.c.obj)
 .debug_aranges
                0x0000000000000968       0x28 zephyr/kernel/libkernel.a(idle.c.obj)
 .debug_aranges
                0x0000000000000990      0x1e8 zephyr/kernel/libkernel.a(sched.c.obj)
 .debug_aranges
                0x0000000000000b78       0x20 zephyr/kernel/libkernel.a(xip.c.obj)
 .debug_aranges
                0x0000000000000b98       0x98 zephyr/kernel/libkernel.a(timeout.c.obj)
 .debug_aranges
                0x0000000000000c30       0x20 zephyr/kernel/libkernel.a(banner.c.obj)

.debug_pubnames
 *(SORT_BY_ALIGNMENT(.debug_pubnames))

.debug_info     0x0000000000000000    0x30498
 *(SORT_BY_ALIGNMENT(.debug_info) SORT_BY_ALIGNMENT(.gnu.linkonce.wi.*))
 .debug_info    0x0000000000000000      0x193 zephyr/CMakeFiles/zephyr_final.dir/dev_handles.c.obj
 .debug_info    0x0000000000000193      0x184 zephyr/CMakeFiles/zephyr_final.dir/isr_tables.c.obj
 .debug_info    0x0000000000000317       0xd7 zephyr/CMakeFiles/offsets.dir/./arch/arm/core/offsets/offsets.c.obj
 .debug_info    0x00000000000003ee       0xd5 app/libapp.a(main.c.obj)
 .debug_info    0x00000000000004c3     0x1e0f zephyr/libzephyr.a(cbprintf_packaged.c.obj)
 .debug_info    0x00000000000022d2      0x6e5 zephyr/libzephyr.a(printk.c.obj)
 .debug_info    0x00000000000029b7      0x716 zephyr/libzephyr.a(thread_entry.c.obj)
 .debug_info    0x00000000000030cd     0x160d zephyr/libzephyr.a(cbprintf_complete.c.obj)
 .debug_info    0x00000000000046da       0x38 zephyr/libzephyr.a(configs.c.obj)
 .debug_info    0x0000000000004712      0x399 zephyr/libzephyr.a(soc.c.obj)
 .debug_info    0x0000000000004aab      0x224 zephyr/libzephyr.a(soc_config.c.obj)
 .debug_info    0x0000000000004ccf       0x22 zephyr/arch/arch/arm/core/aarch32/libarch__arm__core__aarch32.a(cpu_idle.S.obj)
 .debug_info    0x0000000000004cf1     0x39fa zephyr/arch/arch/arm/core/aarch32/libarch__arm__core__aarch32.a(fatal.c.obj)
 .debug_info    0x00000000000086eb      0x962 zephyr/arch/arch/arm/core/aarch32/libarch__arm__core__aarch32.a(irq_manage.c.obj)
 .debug_info    0x000000000000904d       0xbd zephyr/arch/arch/arm/core/aarch32/libarch__arm__core__aarch32.a(nmi.c.obj)
 .debug_info    0x000000000000910a       0x23 zephyr/arch/arch/arm/core/aarch32/libarch__arm__core__aarch32.a(nmi_on_reset.S.obj)
 .debug_info    0x000000000000912d      0x454 zephyr/arch/arch/arm/core/aarch32/libarch__arm__core__aarch32.a(prep_c.c.obj)
 .debug_info    0x0000000000009581      0x8d9 zephyr/arch/arch/arm/core/aarch32/libarch__arm__core__aarch32.a(swap.c.obj)
 .debug_info    0x0000000000009e5a       0x22 zephyr/arch/arch/arm/core/aarch32/libarch__arm__core__aarch32.a(swap_helper.S.obj)
 .debug_info    0x0000000000009e7c      0xc34 zephyr/arch/arch/arm/core/aarch32/libarch__arm__core__aarch32.a(thread.c.obj)
 .debug_info    0x000000000000aab0       0x23 zephyr/arch/arch/arm/core/aarch32/libarch__arm__core__aarch32.a(isr_wrapper.S.obj)
 .debug_info    0x000000000000aad3       0x23 zephyr/arch/arch/arm/core/aarch32/cortex_m/libarch__arm__core__aarch32__cortex_m.a(exc_exit.S.obj)
 .debug_info    0x000000000000aaf6     0xbbbc zephyr/arch/arch/arm/core/aarch32/cortex_m/libarch__arm__core__aarch32__cortex_m.a(fault.c.obj)
 .debug_info    0x00000000000166b2       0x23 zephyr/arch/arch/arm/core/aarch32/cortex_m/libarch__arm__core__aarch32__cortex_m.a(fault_s.S.obj)
 .debug_info    0x00000000000166d5      0x5bb zephyr/arch/arch/arm/core/aarch32/cortex_m/libarch__arm__core__aarch32__cortex_m.a(irq_init.c.obj)
 .debug_info    0x0000000000016c90       0x23 zephyr/arch/arch/arm/core/aarch32/cortex_m/libarch__arm__core__aarch32__cortex_m.a(reset.S.obj)
 .debug_info    0x0000000000016cb3      0x919 zephyr/arch/arch/arm/core/aarch32/cortex_m/libarch__arm__core__aarch32__cortex_m.a(thread_abort.c.obj)
 .debug_info    0x00000000000175cc      0x730 zephyr/lib/libc/minimal/liblib__libc__minimal.a(string.c.obj)
 .debug_info    0x0000000000017cfc      0xf53 zephyr/drivers/interrupt_controller/libdrivers__interrupt_controller.a(intc_exti_stm32.c.obj)
 .debug_info    0x0000000000018c4f     0x1071 zephyr/drivers/clock_control/libdrivers__clock_control.a(clock_stm32_ll_common.c.obj)
 .debug_info    0x0000000000019cc0      0x3b9 zephyr/drivers/clock_control/libdrivers__clock_control.a(clock_stm32f2_f4_f7.c.obj)
 .debug_info    0x000000000001a079     0x2ca0 zephyr/drivers/gpio/libdrivers__gpio.a(gpio_stm32.c.obj)
 .debug_info    0x000000000001cd19      0xcd3 zephyr/drivers/timer/libdrivers__timer.a(cortex_m_systick.c.obj)
 .debug_info    0x000000000001d9ec      0x545 modules/stm32/stm32cube/lib..__modules__hal__stm32__stm32cube.a(system_stm32f4xx.c.obj)
 .debug_info    0x000000000001df31      0xb7f modules/stm32/stm32cube/lib..__modules__hal__stm32__stm32cube.a(stm32f4xx_hal_rcc.c.obj)
 .debug_info    0x000000000001eab0      0xcc4 modules/stm32/stm32cube/lib..__modules__hal__stm32__stm32cube.a(stm32f4xx_ll_utils.c.obj)
 .debug_info    0x000000000001f774      0x6d4 zephyr/kernel/libkernel.a(device.c.obj)
 .debug_info    0x000000000001fe48      0x78c zephyr/kernel/libkernel.a(errno.c.obj)
 .debug_info    0x00000000000205d4     0x2959 zephyr/kernel/libkernel.a(fatal.c.obj)
 .debug_info    0x0000000000022f2d     0x1995 zephyr/kernel/libkernel.a(init.c.obj)
 .debug_info    0x00000000000248c2     0x28d7 zephyr/kernel/libkernel.a(thread.c.obj)
 .debug_info    0x0000000000027199      0x237 zephyr/kernel/libkernel.a(idle.c.obj)
 .debug_info    0x00000000000273d0     0x71be zephyr/kernel/libkernel.a(sched.c.obj)
 .debug_info    0x000000000002e58e      0x140 zephyr/kernel/libkernel.a(xip.c.obj)
 .debug_info    0x000000000002e6ce     0x1cfe zephyr/kernel/libkernel.a(timeout.c.obj)
 .debug_info    0x00000000000303cc       0xcc zephyr/kernel/libkernel.a(banner.c.obj)

.debug_abbrev   0x0000000000000000     0x6952
 *(SORT_BY_ALIGNMENT(.debug_abbrev))
 .debug_abbrev  0x0000000000000000       0x64 zephyr/CMakeFiles/zephyr_final.dir/dev_handles.c.obj
 .debug_abbrev  0x0000000000000064      0x118 zephyr/CMakeFiles/zephyr_final.dir/isr_tables.c.obj
 .debug_abbrev  0x000000000000017c       0x62 zephyr/CMakeFiles/offsets.dir/./arch/arm/core/offsets/offsets.c.obj
 .debug_abbrev  0x00000000000001de       0x8c app/libapp.a(main.c.obj)
 .debug_abbrev  0x000000000000026a      0x4e8 zephyr/libzephyr.a(cbprintf_packaged.c.obj)
 .debug_abbrev  0x0000000000000752      0x322 zephyr/libzephyr.a(printk.c.obj)
 .debug_abbrev  0x0000000000000a74      0x23a zephyr/libzephyr.a(thread_entry.c.obj)
 .debug_abbrev  0x0000000000000cae      0x445 zephyr/libzephyr.a(cbprintf_complete.c.obj)
 .debug_abbrev  0x00000000000010f3       0x2e zephyr/libzephyr.a(configs.c.obj)
 .debug_abbrev  0x0000000000001121      0x24a zephyr/libzephyr.a(soc.c.obj)
 .debug_abbrev  0x000000000000136b      0x144 zephyr/libzephyr.a(soc_config.c.obj)
 .debug_abbrev  0x00000000000014af       0x12 zephyr/arch/arch/arm/core/aarch32/libarch__arm__core__aarch32.a(cpu_idle.S.obj)
 .debug_abbrev  0x00000000000014c1      0x2cb zephyr/arch/arch/arm/core/aarch32/libarch__arm__core__aarch32.a(fatal.c.obj)
 .debug_abbrev  0x000000000000178c      0x29d zephyr/arch/arch/arm/core/aarch32/libarch__arm__core__aarch32.a(irq_manage.c.obj)
 .debug_abbrev  0x0000000000001a29       0x70 zephyr/arch/arch/arm/core/aarch32/libarch__arm__core__aarch32.a(nmi.c.obj)
 .debug_abbrev  0x0000000000001a99       0x14 zephyr/arch/arch/arm/core/aarch32/libarch__arm__core__aarch32.a(nmi_on_reset.S.obj)
 .debug_abbrev  0x0000000000001aad      0x1ab zephyr/arch/arch/arm/core/aarch32/libarch__arm__core__aarch32.a(prep_c.c.obj)
 .debug_abbrev  0x0000000000001c58      0x1d9 zephyr/arch/arch/arm/core/aarch32/libarch__arm__core__aarch32.a(swap.c.obj)
 .debug_abbrev  0x0000000000001e31       0x12 zephyr/arch/arch/arm/core/aarch32/libarch__arm__core__aarch32.a(swap_helper.S.obj)
 .debug_abbrev  0x0000000000001e43      0x365 zephyr/arch/arch/arm/core/aarch32/libarch__arm__core__aarch32.a(thread.c.obj)
 .debug_abbrev  0x00000000000021a8       0x14 zephyr/arch/arch/arm/core/aarch32/libarch__arm__core__aarch32.a(isr_wrapper.S.obj)
 .debug_abbrev  0x00000000000021bc       0x14 zephyr/arch/arch/arm/core/aarch32/cortex_m/libarch__arm__core__aarch32__cortex_m.a(exc_exit.S.obj)
 .debug_abbrev  0x00000000000021d0      0x41f zephyr/arch/arch/arm/core/aarch32/cortex_m/libarch__arm__core__aarch32__cortex_m.a(fault.c.obj)
 .debug_abbrev  0x00000000000025ef       0x14 zephyr/arch/arch/arm/core/aarch32/cortex_m/libarch__arm__core__aarch32__cortex_m.a(fault_s.S.obj)
 .debug_abbrev  0x0000000000002603      0x168 zephyr/arch/arch/arm/core/aarch32/cortex_m/libarch__arm__core__aarch32__cortex_m.a(irq_init.c.obj)
 .debug_abbrev  0x000000000000276b       0x14 zephyr/arch/arch/arm/core/aarch32/cortex_m/libarch__arm__core__aarch32__cortex_m.a(reset.S.obj)
 .debug_abbrev  0x000000000000277f      0x227 zephyr/arch/arch/arm/core/aarch32/cortex_m/libarch__arm__core__aarch32__cortex_m.a(thread_abort.c.obj)
 .debug_abbrev  0x00000000000029a6      0x171 zephyr/lib/libc/minimal/liblib__libc__minimal.a(string.c.obj)
 .debug_abbrev  0x0000000000002b17      0x47c zephyr/drivers/interrupt_controller/libdrivers__interrupt_controller.a(intc_exti_stm32.c.obj)
 .debug_abbrev  0x0000000000002f93      0x484 zephyr/drivers/clock_control/libdrivers__clock_control.a(clock_stm32_ll_common.c.obj)
 .debug_abbrev  0x0000000000003417      0x165 zephyr/drivers/clock_control/libdrivers__clock_control.a(clock_stm32f2_f4_f7.c.obj)
 .debug_abbrev  0x000000000000357c      0x537 zephyr/drivers/gpio/libdrivers__gpio.a(gpio_stm32.c.obj)
 .debug_abbrev  0x0000000000003ab3      0x419 zephyr/drivers/timer/libdrivers__timer.a(cortex_m_systick.c.obj)
 .debug_abbrev  0x0000000000003ecc      0x119 modules/stm32/stm32cube/lib..__modules__hal__stm32__stm32cube.a(system_stm32f4xx.c.obj)
 .debug_abbrev  0x0000000000003fe5      0x341 modules/stm32/stm32cube/lib..__modules__hal__stm32__stm32cube.a(stm32f4xx_hal_rcc.c.obj)
 .debug_abbrev  0x0000000000004326      0x2f3 modules/stm32/stm32cube/lib..__modules__hal__stm32__stm32cube.a(stm32f4xx_ll_utils.c.obj)
 .debug_abbrev  0x0000000000004619      0x2d6 zephyr/kernel/libkernel.a(device.c.obj)
 .debug_abbrev  0x00000000000048ef      0x191 zephyr/kernel/libkernel.a(errno.c.obj)
 .debug_abbrev  0x0000000000004a80      0x424 zephyr/kernel/libkernel.a(fatal.c.obj)
 .debug_abbrev  0x0000000000004ea4      0x61f zephyr/kernel/libkernel.a(init.c.obj)
 .debug_abbrev  0x00000000000054c3      0x5c9 zephyr/kernel/libkernel.a(thread.c.obj)
 .debug_abbrev  0x0000000000005a8c      0x164 zephyr/kernel/libkernel.a(idle.c.obj)
 .debug_abbrev  0x0000000000005bf0      0x6d6 zephyr/kernel/libkernel.a(sched.c.obj)
 .debug_abbrev  0x00000000000062c6       0xd1 zephyr/kernel/libkernel.a(xip.c.obj)
 .debug_abbrev  0x0000000000006397      0x52c zephyr/kernel/libkernel.a(timeout.c.obj)
 .debug_abbrev  0x00000000000068c3       0x8f zephyr/kernel/libkernel.a(banner.c.obj)

.debug_line     0x0000000000000000    0x105e2
 *(SORT_BY_ALIGNMENT(.debug_line) SORT_BY_ALIGNMENT(.debug_line.*) SORT_BY_ALIGNMENT(.debug_line_end))
 .debug_line    0x0000000000000000       0xf9 zephyr/CMakeFiles/zephyr_final.dir/dev_handles.c.obj
 .debug_line    0x00000000000000f9      0x10f zephyr/CMakeFiles/zephyr_final.dir/isr_tables.c.obj
 .debug_line    0x0000000000000208      0x154 zephyr/CMakeFiles/offsets.dir/./arch/arm/core/offsets/offsets.c.obj
 .debug_line    0x000000000000035c       0xca app/libapp.a(main.c.obj)
 .debug_line    0x0000000000000426      0xfa8 zephyr/libzephyr.a(cbprintf_packaged.c.obj)
 .debug_line    0x00000000000013ce      0x44c zephyr/libzephyr.a(printk.c.obj)
 .debug_line    0x000000000000181a      0x331 zephyr/libzephyr.a(thread_entry.c.obj)
 .debug_line    0x0000000000001b4b     0x1407 zephyr/libzephyr.a(cbprintf_complete.c.obj)
 .debug_line    0x0000000000002f52      0x15f zephyr/libzephyr.a(configs.c.obj)
 .debug_line    0x00000000000030b1      0x2c4 zephyr/libzephyr.a(soc.c.obj)
 .debug_line    0x0000000000003375      0x130 zephyr/libzephyr.a(soc_config.c.obj)
 .debug_line    0x00000000000034a5       0xad zephyr/arch/arch/arm/core/aarch32/libarch__arm__core__aarch32.a(cpu_idle.S.obj)
 .debug_line    0x0000000000003552      0x2f8 zephyr/arch/arch/arm/core/aarch32/libarch__arm__core__aarch32.a(fatal.c.obj)
 .debug_line    0x000000000000384a      0x361 zephyr/arch/arch/arm/core/aarch32/libarch__arm__core__aarch32.a(irq_manage.c.obj)
 .debug_line    0x0000000000003bab       0xd8 zephyr/arch/arch/arm/core/aarch32/libarch__arm__core__aarch32.a(nmi.c.obj)
 .debug_line    0x0000000000003c83       0x7d zephyr/arch/arch/arm/core/aarch32/libarch__arm__core__aarch32.a(nmi_on_reset.S.obj)
 .debug_line    0x0000000000003d00      0x2bc zephyr/arch/arch/arm/core/aarch32/libarch__arm__core__aarch32.a(prep_c.c.obj)
 .debug_line    0x0000000000003fbc      0x36e zephyr/arch/arch/arm/core/aarch32/libarch__arm__core__aarch32.a(swap.c.obj)
 .debug_line    0x000000000000432a       0xe0 zephyr/arch/arch/arm/core/aarch32/libarch__arm__core__aarch32.a(swap_helper.S.obj)
 .debug_line    0x000000000000440a      0x5cd zephyr/arch/arch/arm/core/aarch32/libarch__arm__core__aarch32.a(thread.c.obj)
 .debug_line    0x00000000000049d7       0x94 zephyr/arch/arch/arm/core/aarch32/libarch__arm__core__aarch32.a(isr_wrapper.S.obj)
 .debug_line    0x0000000000004a6b       0x90 zephyr/arch/arch/arm/core/aarch32/cortex_m/libarch__arm__core__aarch32__cortex_m.a(exc_exit.S.obj)
 .debug_line    0x0000000000004afb      0x7d1 zephyr/arch/arch/arm/core/aarch32/cortex_m/libarch__arm__core__aarch32__cortex_m.a(fault.c.obj)
 .debug_line    0x00000000000052cc       0x8a zephyr/arch/arch/arm/core/aarch32/cortex_m/libarch__arm__core__aarch32__cortex_m.a(fault_s.S.obj)
 .debug_line    0x0000000000005356      0x208 zephyr/arch/arch/arm/core/aarch32/cortex_m/libarch__arm__core__aarch32__cortex_m.a(irq_init.c.obj)
 .debug_line    0x000000000000555e       0x8f zephyr/arch/arch/arm/core/aarch32/cortex_m/libarch__arm__core__aarch32__cortex_m.a(reset.S.obj)
 .debug_line    0x00000000000055ed      0x41c zephyr/arch/arch/arm/core/aarch32/cortex_m/libarch__arm__core__aarch32__cortex_m.a(thread_abort.c.obj)
 .debug_line    0x0000000000005a09      0x561 zephyr/lib/libc/minimal/liblib__libc__minimal.a(string.c.obj)
 .debug_line    0x0000000000005f6a      0x71e zephyr/drivers/interrupt_controller/libdrivers__interrupt_controller.a(intc_exti_stm32.c.obj)
 .debug_line    0x0000000000006688      0x893 zephyr/drivers/clock_control/libdrivers__clock_control.a(clock_stm32_ll_common.c.obj)
 .debug_line    0x0000000000006f1b      0x22b zephyr/drivers/clock_control/libdrivers__clock_control.a(clock_stm32f2_f4_f7.c.obj)
 .debug_line    0x0000000000007146     0x1047 zephyr/drivers/gpio/libdrivers__gpio.a(gpio_stm32.c.obj)
 .debug_line    0x000000000000818d      0x74d zephyr/drivers/timer/libdrivers__timer.a(cortex_m_systick.c.obj)
 .debug_line    0x00000000000088da      0x1f7 modules/stm32/stm32cube/lib..__modules__hal__stm32__stm32cube.a(system_stm32f4xx.c.obj)
 .debug_line    0x0000000000008ad1      0xadc modules/stm32/stm32cube/lib..__modules__hal__stm32__stm32cube.a(stm32f4xx_hal_rcc.c.obj)
 .debug_line    0x00000000000095ad      0x9c9 modules/stm32/stm32cube/lib..__modules__hal__stm32__stm32cube.a(stm32f4xx_ll_utils.c.obj)
 .debug_line    0x0000000000009f76      0x47e zephyr/kernel/libkernel.a(device.c.obj)
 .debug_line    0x000000000000a3f4      0x343 zephyr/kernel/libkernel.a(errno.c.obj)
 .debug_line    0x000000000000a737      0x5ae zephyr/kernel/libkernel.a(fatal.c.obj)
 .debug_line    0x000000000000ace5      0x9b7 zephyr/kernel/libkernel.a(init.c.obj)
 .debug_line    0x000000000000b69c      0xb71 zephyr/kernel/libkernel.a(thread.c.obj)
 .debug_line    0x000000000000c20d      0x296 zephyr/kernel/libkernel.a(idle.c.obj)
 .debug_line    0x000000000000c4a3     0x2faa zephyr/kernel/libkernel.a(sched.c.obj)
 .debug_line    0x000000000000f44d      0x1c7 zephyr/kernel/libkernel.a(xip.c.obj)
 .debug_line    0x000000000000f614      0xf1d zephyr/kernel/libkernel.a(timeout.c.obj)
 .debug_line    0x0000000000010531       0xb1 zephyr/kernel/libkernel.a(banner.c.obj)

.debug_frame    0x0000000000000000     0x19b0
 *(SORT_BY_ALIGNMENT(.debug_frame))
 .debug_frame   0x0000000000000000       0x20 zephyr/CMakeFiles/offsets.dir/./arch/arm/core/offsets/offsets.c.obj
 .debug_frame   0x0000000000000020       0x28 app/libapp.a(main.c.obj)
 .debug_frame   0x0000000000000048       0xec zephyr/libzephyr.a(cbprintf_packaged.c.obj)
 .debug_frame   0x0000000000000134      0x118 zephyr/libzephyr.a(printk.c.obj)
 .debug_frame   0x000000000000024c       0x28 zephyr/libzephyr.a(thread_entry.c.obj)
 .debug_frame   0x0000000000000274       0xc0 zephyr/libzephyr.a(cbprintf_complete.c.obj)
 .debug_frame   0x0000000000000334       0x20 zephyr/libzephyr.a(configs.c.obj)
 .debug_frame   0x0000000000000354       0x20 zephyr/libzephyr.a(soc.c.obj)
 .debug_frame   0x0000000000000374       0x20 zephyr/libzephyr.a(soc_config.c.obj)
 .debug_frame   0x0000000000000394       0x48 zephyr/arch/arch/arm/core/aarch32/libarch__arm__core__aarch32.a(fatal.c.obj)
 .debug_frame   0x00000000000003dc       0x60 zephyr/arch/arch/arm/core/aarch32/libarch__arm__core__aarch32.a(irq_manage.c.obj)
 .debug_frame   0x000000000000043c       0x2c zephyr/arch/arch/arm/core/aarch32/libarch__arm__core__aarch32.a(nmi.c.obj)
 .debug_frame   0x0000000000000468       0x28 zephyr/arch/arch/arm/core/aarch32/libarch__arm__core__aarch32.a(prep_c.c.obj)
 .debug_frame   0x0000000000000490       0x20 zephyr/arch/arch/arm/core/aarch32/libarch__arm__core__aarch32.a(swap.c.obj)
 .debug_frame   0x00000000000004b0       0x50 zephyr/arch/arch/arm/core/aarch32/libarch__arm__core__aarch32.a(thread.c.obj)
 .debug_frame   0x0000000000000500       0x88 zephyr/arch/arch/arm/core/aarch32/cortex_m/libarch__arm__core__aarch32__cortex_m.a(fault.c.obj)
 .debug_frame   0x0000000000000588       0x20 zephyr/arch/arch/arm/core/aarch32/cortex_m/libarch__arm__core__aarch32__cortex_m.a(irq_init.c.obj)
 .debug_frame   0x00000000000005a8       0x20 zephyr/arch/arch/arm/core/aarch32/cortex_m/libarch__arm__core__aarch32__cortex_m.a(thread_abort.c.obj)
 .debug_frame   0x00000000000005c8      0x170 zephyr/lib/libc/minimal/liblib__libc__minimal.a(string.c.obj)
 .debug_frame   0x0000000000000738       0xbc zephyr/drivers/interrupt_controller/libdrivers__interrupt_controller.a(intc_exti_stm32.c.obj)
 .debug_frame   0x00000000000007f4       0x74 zephyr/drivers/clock_control/libdrivers__clock_control.a(clock_stm32_ll_common.c.obj)
 .debug_frame   0x0000000000000868       0x48 zephyr/drivers/clock_control/libdrivers__clock_control.a(clock_stm32f2_f4_f7.c.obj)
 .debug_frame   0x00000000000008b0      0x130 zephyr/drivers/gpio/libdrivers__gpio.a(gpio_stm32.c.obj)
 .debug_frame   0x00000000000009e0       0xc4 zephyr/drivers/timer/libdrivers__timer.a(cortex_m_systick.c.obj)
 .debug_frame   0x0000000000000aa4       0x30 modules/stm32/stm32cube/lib..__modules__hal__stm32__stm32cube.a(system_stm32f4xx.c.obj)
 .debug_frame   0x0000000000000ad4      0x13c modules/stm32/stm32cube/lib..__modules__hal__stm32__stm32cube.a(stm32f4xx_hal_rcc.c.obj)
 .debug_frame   0x0000000000000c10       0xdc modules/stm32/stm32cube/lib..__modules__hal__stm32__stm32cube.a(stm32f4xx_ll_utils.c.obj)
 .debug_frame   0x0000000000000cec       0xcc zephyr/kernel/libkernel.a(device.c.obj)
 .debug_frame   0x0000000000000db8       0x20 zephyr/kernel/libkernel.a(errno.c.obj)
 .debug_frame   0x0000000000000dd8       0xc8 zephyr/kernel/libkernel.a(fatal.c.obj)
 .debug_frame   0x0000000000000ea0       0xbc zephyr/kernel/libkernel.a(init.c.obj)
 .debug_frame   0x0000000000000f5c      0x1c4 zephyr/kernel/libkernel.a(thread.c.obj)
 .debug_frame   0x0000000000001120       0x38 zephyr/kernel/libkernel.a(idle.c.obj)
 .debug_frame   0x0000000000001158      0x5f4 zephyr/kernel/libkernel.a(sched.c.obj)
 .debug_frame   0x000000000000174c       0x2c zephyr/kernel/libkernel.a(xip.c.obj)
 .debug_frame   0x0000000000001778      0x1b8 zephyr/kernel/libkernel.a(timeout.c.obj)
 .debug_frame   0x0000000000001930       0x20 zephyr/kernel/libkernel.a(banner.c.obj)
 .debug_frame   0x0000000000001950       0x2c c:/users/jeppe/zephyr-sdk-0.15.2/arm-zephyr-eabi/bin/../lib/gcc/arm-zephyr-eabi/12.1.0/thumb/v7e-m+fp/hard\libgcc.a(_aeabi_uldivmod.o)
 .debug_frame   0x000000000000197c       0x34 c:/users/jeppe/zephyr-sdk-0.15.2/arm-zephyr-eabi/bin/../lib/gcc/arm-zephyr-eabi/12.1.0/thumb/v7e-m+fp/hard\libgcc.a(_udivmoddi4.o)

.debug_str      0x0000000000000000     0x60d0
 *(SORT_BY_ALIGNMENT(.debug_str))
 .debug_str     0x0000000000000000      0x315 zephyr/CMakeFiles/zephyr_final.dir/dev_handles.c.obj
                                        0x356 (size before relaxing)
 .debug_str     0x0000000000000315      0x128 zephyr/CMakeFiles/zephyr_final.dir/isr_tables.c.obj
                                        0x33c (size before relaxing)
 .debug_str     0x000000000000043d      0x118 zephyr/CMakeFiles/offsets.dir/./arch/arm/core/offsets/offsets.c.obj
                                        0x32c (size before relaxing)
 .debug_str     0x0000000000000555       0x37 app/libapp.a(main.c.obj)
                                        0x257 (size before relaxing)
 .debug_str     0x000000000000058c      0x6c0 zephyr/libzephyr.a(cbprintf_packaged.c.obj)
                                        0xa54 (size before relaxing)
 .debug_str     0x0000000000000c4c      0x296 zephyr/libzephyr.a(printk.c.obj)
                                        0x5ba (size before relaxing)
 .debug_str     0x0000000000000ee2      0x229 zephyr/libzephyr.a(thread_entry.c.obj)
                                        0x514 (size before relaxing)
 .debug_str     0x000000000000110b      0x40f zephyr/libzephyr.a(cbprintf_complete.c.obj)
                                        0x6eb (size before relaxing)
 .debug_str     0x000000000000151a       0x65 zephyr/libzephyr.a(configs.c.obj)
                                        0x1d8 (size before relaxing)
 .debug_str     0x000000000000157f      0x10c zephyr/libzephyr.a(soc.c.obj)
                                        0x411 (size before relaxing)
 .debug_str     0x000000000000168b       0x6a zephyr/libzephyr.a(soc_config.c.obj)
                                        0x394 (size before relaxing)
 .debug_str     0x00000000000016f5       0x54 zephyr/arch/arch/arm/core/aarch32/libarch__arm__core__aarch32.a(cpu_idle.S.obj)
                                         0x8a (size before relaxing)
 .debug_str     0x0000000000001749      0x10d zephyr/arch/arch/arm/core/aarch32/libarch__arm__core__aarch32.a(fatal.c.obj)
                                        0x7e7 (size before relaxing)
 .debug_str     0x0000000000001856      0x540 zephyr/arch/arch/arm/core/aarch32/libarch__arm__core__aarch32.a(irq_manage.c.obj)
                                        0x867 (size before relaxing)
 .debug_str     0x0000000000001d96       0x6c zephyr/arch/arch/arm/core/aarch32/libarch__arm__core__aarch32.a(nmi.c.obj)
                                        0x280 (size before relaxing)
 .debug_str     0x0000000000001e02       0x4c zephyr/arch/arch/arm/core/aarch32/libarch__arm__core__aarch32.a(nmi_on_reset.S.obj)
                                         0x8e (size before relaxing)
 .debug_str     0x0000000000001e4e      0x100 zephyr/arch/arch/arm/core/aarch32/libarch__arm__core__aarch32.a(prep_c.c.obj)
                                        0x39f (size before relaxing)
 .debug_str     0x0000000000001f4e       0xa3 zephyr/arch/arch/arm/core/aarch32/libarch__arm__core__aarch32.a(swap.c.obj)
                                        0x59a (size before relaxing)
 .debug_str     0x0000000000001ff1       0x4b zephyr/arch/arch/arm/core/aarch32/libarch__arm__core__aarch32.a(swap_helper.S.obj)
                                         0x8d (size before relaxing)
 .debug_str     0x000000000000203c      0x122 zephyr/arch/arch/arm/core/aarch32/libarch__arm__core__aarch32.a(thread.c.obj)
                                        0x699 (size before relaxing)
 .debug_str     0x000000000000215e       0x4b zephyr/arch/arch/arm/core/aarch32/libarch__arm__core__aarch32.a(isr_wrapper.S.obj)
                                         0x8d (size before relaxing)
 .debug_str     0x00000000000021a9       0x51 zephyr/arch/arch/arm/core/aarch32/cortex_m/libarch__arm__core__aarch32__cortex_m.a(exc_exit.S.obj)
                                         0x93 (size before relaxing)
 .debug_str     0x00000000000021fa      0x5fd zephyr/arch/arch/arm/core/aarch32/cortex_m/libarch__arm__core__aarch32__cortex_m.a(fault.c.obj)
                                        0xde1 (size before relaxing)
 .debug_str     0x00000000000027f7       0x50 zephyr/arch/arch/arm/core/aarch32/cortex_m/libarch__arm__core__aarch32__cortex_m.a(fault_s.S.obj)
                                         0x92 (size before relaxing)
 .debug_str     0x0000000000002847       0x51 zephyr/arch/arch/arm/core/aarch32/cortex_m/libarch__arm__core__aarch32__cortex_m.a(irq_init.c.obj)
                                        0x70c (size before relaxing)
 .debug_str     0x0000000000002898       0x4e zephyr/arch/arch/arm/core/aarch32/cortex_m/libarch__arm__core__aarch32__cortex_m.a(reset.S.obj)
                                         0x90 (size before relaxing)
 .debug_str     0x00000000000028e6       0x64 zephyr/arch/arch/arm/core/aarch32/cortex_m/libarch__arm__core__aarch32__cortex_m.a(thread_abort.c.obj)
                                        0x5d8 (size before relaxing)
 .debug_str     0x000000000000294a       0xd6 zephyr/lib/libc/minimal/liblib__libc__minimal.a(string.c.obj)
                                        0x307 (size before relaxing)
 .debug_str     0x0000000000002a20      0x462 zephyr/drivers/interrupt_controller/libdrivers__interrupt_controller.a(intc_exti_stm32.c.obj)
                                        0xd47 (size before relaxing)
 .debug_str     0x0000000000002e82      0x688 zephyr/drivers/clock_control/libdrivers__clock_control.a(clock_stm32_ll_common.c.obj)
                                        0xbf9 (size before relaxing)
 .debug_str     0x000000000000350a       0xb7 zephyr/drivers/clock_control/libdrivers__clock_control.a(clock_stm32f2_f4_f7.c.obj)
                                        0x429 (size before relaxing)
 .debug_str     0x00000000000035c1      0xa01 zephyr/drivers/gpio/libdrivers__gpio.a(gpio_stm32.c.obj)
                                       0x1426 (size before relaxing)
 .debug_str     0x0000000000003fc2      0x1c2 zephyr/drivers/timer/libdrivers__timer.a(cortex_m_systick.c.obj)
                                        0x9e2 (size before relaxing)
 .debug_str     0x0000000000004184       0xa7 modules/stm32/stm32cube/lib..__modules__hal__stm32__stm32cube.a(system_stm32f4xx.c.obj)
                                        0x42f (size before relaxing)
 .debug_str     0x000000000000422b      0x37e modules/stm32/stm32cube/lib..__modules__hal__stm32__stm32cube.a(stm32f4xx_hal_rcc.c.obj)
                                        0x79a (size before relaxing)
 .debug_str     0x00000000000045a9      0x275 modules/stm32/stm32cube/lib..__modules__hal__stm32__stm32cube.a(stm32f4xx_ll_utils.c.obj)
                                        0x7b7 (size before relaxing)
 .debug_str     0x000000000000481e      0x18b zephyr/kernel/libkernel.a(device.c.obj)
                                        0x42f (size before relaxing)
 .debug_str     0x00000000000049a9       0x45 zephyr/kernel/libkernel.a(errno.c.obj)
                                        0x739 (size before relaxing)
 .debug_str     0x00000000000049ee      0x232 zephyr/kernel/libkernel.a(fatal.c.obj)
                                        0xbec (size before relaxing)
 .debug_str     0x0000000000004c20      0x37c zephyr/kernel/libkernel.a(init.c.obj)
                                       0x10a7 (size before relaxing)
 .debug_str     0x0000000000004f9c      0x4bf zephyr/kernel/libkernel.a(thread.c.obj)
                                        0xf36 (size before relaxing)
 .debug_str     0x000000000000545b       0x62 zephyr/kernel/libkernel.a(idle.c.obj)
                                        0x347 (size before relaxing)
 .debug_str     0x00000000000054bd      0x97d zephyr/kernel/libkernel.a(sched.c.obj)
                                       0x15ea (size before relaxing)
 .debug_str     0x0000000000005e3a       0xa7 zephyr/kernel/libkernel.a(xip.c.obj)
                                        0x2e7 (size before relaxing)
 .debug_str     0x0000000000005ee1      0x1b8 zephyr/kernel/libkernel.a(timeout.c.obj)
                                        0xae8 (size before relaxing)