Archive member included to satisfy reference by file (symbol)

app/libapp.a(main.c.obj)      (--whole-archive)
zephyr/libzephyr.a(cbprintf_packaged.c.obj)
                              (--whole-archive)
zephyr/libzephyr.a(dec.c.obj)
                              (--whole-archive)
zephyr/libzephyr.a(fdtable.c.obj)
                              (--whole-archive)
zephyr/libzephyr.a(hex.c.obj)
                              (--whole-archive)
zephyr/libzephyr.a(printk.c.obj)
                              (--whole-archive)
zephyr/libzephyr.a(rb.c.obj)  (--whole-archive)
zephyr/libzephyr.a(sem.c.obj)
                              (--whole-archive)
zephyr/libzephyr.a(thread_entry.c.obj)
                              (--whole-archive)
zephyr/libzephyr.a(timeutil.c.obj)
                              (--whole-archive)
zephyr/libzephyr.a(heap.c.obj)
                              (--whole-archive)
zephyr/libzephyr.a(heap-validate.c.obj)
                              (--whole-archive)
zephyr/libzephyr.a(bitarray.c.obj)
                              (--whole-archive)
zephyr/libzephyr.a(multi_heap.c.obj)
                              (--whole-archive)
zephyr/libzephyr.a(crc32c_sw.c.obj)
                              (--whole-archive)
zephyr/libzephyr.a(crc32_sw.c.obj)
                              (--whole-archive)
zephyr/libzephyr.a(crc16_sw.c.obj)
                              (--whole-archive)
zephyr/libzephyr.a(crc8_sw.c.obj)
                              (--whole-archive)
zephyr/libzephyr.a(crc7_sw.c.obj)
                              (--whole-archive)
zephyr/libzephyr.a(cbprintf_complete.c.obj)
                              (--whole-archive)
zephyr/libzephyr.a(cbprintf.c.obj)
                              (--whole-archive)
zephyr/libzephyr.a(assert.c.obj)
                              (--whole-archive)
zephyr/libzephyr.a(configs.c.obj)
                              (--whole-archive)
zephyr/libzephyr.a(soc.c.obj)
                              (--whole-archive)
zephyr/libzephyr.a(stm32cube_hal.c.obj)
                              (--whole-archive)
zephyr/libzephyr.a(soc_config.c.obj)
                              (--whole-archive)
zephyr/libzephyr.a(tracing_none.c.obj)
                              (--whole-archive)
zephyr/arch/common/libarch__common.a(sw_isr_common.c.obj)
                              (--whole-archive)
zephyr/arch/arch/arm/core/aarch32/libarch__arm__core__aarch32.a(cpu_idle.S.obj)
                              (--whole-archive)
zephyr/arch/arch/arm/core/aarch32/libarch__arm__core__aarch32.a(fatal.c.obj)
                              (--whole-archive)
zephyr/arch/arch/arm/core/aarch32/libarch__arm__core__aarch32.a(irq_manage.c.obj)
                              (--whole-archive)
zephyr/arch/arch/arm/core/aarch32/libarch__arm__core__aarch32.a(nmi.c.obj)
                              (--whole-archive)
zephyr/arch/arch/arm/core/aarch32/libarch__arm__core__aarch32.a(nmi_on_reset.S.obj)
                              (--whole-archive)
zephyr/arch/arch/arm/core/aarch32/libarch__arm__core__aarch32.a(prep_c.c.obj)
                              (--whole-archive)
zephyr/arch/arch/arm/core/aarch32/libarch__arm__core__aarch32.a(swap.c.obj)
                              (--whole-archive)
zephyr/arch/arch/arm/core/aarch32/libarch__arm__core__aarch32.a(swap_helper.S.obj)
                              (--whole-archive)
zephyr/arch/arch/arm/core/aarch32/libarch__arm__core__aarch32.a(thread.c.obj)
                              (--whole-archive)
zephyr/arch/arch/arm/core/aarch32/libarch__arm__core__aarch32.a(isr_wrapper.S.obj)
                              (--whole-archive)
zephyr/arch/arch/arm/core/aarch32/cortex_m/libarch__arm__core__aarch32__cortex_m.a(exc_exit.S.obj)
                              (--whole-archive)
zephyr/arch/arch/arm/core/aarch32/cortex_m/libarch__arm__core__aarch32__cortex_m.a(fault.c.obj)
                              (--whole-archive)
zephyr/arch/arch/arm/core/aarch32/cortex_m/libarch__arm__core__aarch32__cortex_m.a(fault_s.S.obj)
                              (--whole-archive)
zephyr/arch/arch/arm/core/aarch32/cortex_m/libarch__arm__core__aarch32__cortex_m.a(fpu.c.obj)
                              (--whole-archive)
zephyr/arch/arch/arm/core/aarch32/cortex_m/libarch__arm__core__aarch32__cortex_m.a(irq_init.c.obj)
                              (--whole-archive)
zephyr/arch/arch/arm/core/aarch32/cortex_m/libarch__arm__core__aarch32__cortex_m.a(reset.S.obj)
                              (--whole-archive)
zephyr/arch/arch/arm/core/aarch32/cortex_m/libarch__arm__core__aarch32__cortex_m.a(scb.c.obj)
                              (--whole-archive)
zephyr/arch/arch/arm/core/aarch32/cortex_m/libarch__arm__core__aarch32__cortex_m.a(thread_abort.c.obj)
                              (--whole-archive)
zephyr/arch/arch/arm/core/aarch32/cortex_m/libarch__arm__core__aarch32__cortex_m.a(vector_table.S.obj)
                              (--whole-archive)
[...]
Memory Configuration

Name             Origin             Length             Attributes
FLASH            0x0000000008000000 0x0000000000080000 xr
RAM              0x0000000020000000 0x0000000000020000 xw
IDT_LIST         0x00000000fffff7ff 0x0000000000000800 xw
*default*        0x0000000000000000 0xffffffffffffffff

Linker script and memory map

LOAD zephyr/CMakeFiles/zephyr_pre0.dir/misc/empty_file.c.obj
LOAD zephyr/CMakeFiles/offsets.dir/./arch/arm/core/offsets/offsets.c.obj
                0x0000000000000004                _region_min_align = 0x4

.rel.plt        0x0000000008000000        0x0
 *(SORT_BY_ALIGNMENT(.rel.plt))
                [!provide]                        PROVIDE (__rel_iplt_start = .)
 *(SORT_BY_ALIGNMENT(.rel.iplt))
 .rel.iplt      0x0000000008000000        0x0 app/libapp.a(main.c.obj)
                [!provide]                        PROVIDE (__rel_iplt_end = .)

.rela.plt       0x0000000000000000        0x0
 *(SORT_BY_ALIGNMENT(.rela.plt))
                [!provide]                        PROVIDE (__rela_iplt_start = .)
 *(SORT_BY_ALIGNMENT(.rela.iplt))
                [!provide]                        PROVIDE (__rela_iplt_end = .)

.rel.dyn
 *(SORT_BY_ALIGNMENT(.rel.*))

.rela.dyn
 *(SORT_BY_ALIGNMENT(.rela.*))

/DISCARD/
 *(SORT_BY_ALIGNMENT(.plt))

/DISCARD/
 *(SORT_BY_ALIGNMENT(.iplt))
                0x0000000008000000                __rom_region_start = 0x8000000

rom_start       0x0000000008000000      0x198
                0x0000000008000000                . = (. + 0x0)
                0x0000000008000000                . = ALIGN (0x4)
                0x0000000008000000                . = ALIGN (0x80)
                0x0000000008000000                . = ALIGN (0x200)
                0x0000000008000000                _vector_start = .
 *(SORT_BY_ALIGNMENT(.exc_vector_table))
 *(SORT_BY_ALIGNMENT(.exc_vector_table.*))
 .exc_vector_table._vector_table_section
                0x0000000008000000       0x40 zephyr/arch/arch/arm/core/aarch32/cortex_m/libarch__arm__core__aarch32__cortex_m.a(vector_table.S.obj)
                0x0000000008000000                _vector_table
 *(SORT_BY_ALIGNMENT(.vectors))
                0x0000000008000198                _vector_end = .
                0x0000000008000040                . = ALIGN (0x4)
 *(SORT_BY_ALIGNMENT(.gnu.linkonce.irq_vector_table*))
 .gnu.linkonce.irq_vector_table
                0x0000000008000040      0x158 zephyr/arch/common/libisr_tables.a(isr_tables.c.obj)
                0x0000000008000040                _irq_vector_table
                0x0000000008000198                _vector_end = .

text            0x00000000080001c0     0x4aec
                0x00000000080001c0                __text_region_start = .
 *(SORT_BY_ALIGNMENT(.text))
 .text          0x00000000080001c0       0xdc C:/Users/Jeppe/zephyr-sdk-0.15.2/arm-zephyr-eabi/arm-zephyr-eabi/lib/thumb/v7e-m+fp/hard\libc.a(lib_a-strlen.o)
                0x00000000080001c0                strlen
 .text          0x000000000800029c      0x378 c:/users/jeppe/zephyr-sdk-0.15.2/arm-zephyr-eabi/bin/../lib/gcc/arm-zephyr-eabi/12.1.0/thumb/v7e-m+fp/hard\libgcc.a(_arm_addsubdf3.o)
                0x000000000800029c                __aeabi_drsub
                0x00000000080002a4                __aeabi_dsub
                0x00000000080002a4                __subdf3
                0x00000000080002a8                __aeabi_dadd
                0x00000000080002a8                __adddf3
                0x0000000008000520                __floatunsidf
                0x0000000008000520                __aeabi_ui2d
                0x0000000008000540                __floatsidf
                0x0000000008000540                __aeabi_i2d
                0x0000000008000564                __aeabi_f2d
                0x0000000008000564                __extendsfdf2
                0x00000000080005a8                __floatundidf
                0x00000000080005a8                __aeabi_ul2d
                0x00000000080005b8                __floatdidf
                0x00000000080005b8                __aeabi_l2d
 .text          0x0000000008000614      0x424 c:/users/jeppe/zephyr-sdk-0.15.2/arm-zephyr-eabi/bin/../lib/gcc/arm-zephyr-eabi/12.1.0/thumb/v7e-m+fp/hard\libgcc.a(_arm_muldivdf3.o)
                0x0000000008000614                __aeabi_dmul
                0x0000000008000614                __muldf3
                0x0000000008000868                __divdf3
                0x0000000008000868                __aeabi_ddiv
 .text          0x0000000008000a38       0x40 c:/users/jeppe/zephyr-sdk-0.15.2/arm-zephyr-eabi/bin/../lib/gcc/arm-zephyr-eabi/12.1.0/thumb/v7e-m+fp/hard\libgcc.a(_arm_fixunsdfsi.o)
                0x0000000008000a38                __aeabi_d2uiz
                0x0000000008000a38                __fixunsdfsi
 .text          0x0000000008000a78       0x30 c:/users/jeppe/zephyr-sdk-0.15.2/arm-zephyr-eabi/bin/../lib/gcc/arm-zephyr-eabi/12.1.0/thumb/v7e-m+fp/hard\libgcc.a(_aeabi_uldivmod.o)
                0x0000000008000a78                __aeabi_uldivmod
 .text          0x0000000008000aa8        0x4 c:/users/jeppe/zephyr-sdk-0.15.2/arm-zephyr-eabi/bin/../lib/gcc/arm-zephyr-eabi/12.1.0/thumb/v7e-m+fp/hard\libgcc.a(_dvmd_tls.o)
                0x0000000008000aa8                __aeabi_idiv0
                0x0000000008000aa8                __aeabi_ldiv0
 .text          0x0000000008000aac      0x134 C:/Users/Jeppe/zephyr-sdk-0.15.2/arm-zephyr-eabi/arm-zephyr-eabi/lib/thumb/v7e-m+fp/hard\libc.a(lib_a-memcpy.o)
                0x0000000008000aac                memcpy
 .text          0x0000000008000be0      0x2a0 c:/users/jeppe/zephyr-sdk-0.15.2/arm-zephyr-eabi/bin/../lib/gcc/arm-zephyr-eabi/12.1.0/thumb/v7e-m+fp/hard\libgcc.a(_udivmoddi4.o)
                0x0000000008000be0                __udivmoddi4
 *(SORT_BY_ALIGNMENT(.text.*))
 .text.z_cbvprintf_impl
                0x0000000008000e80      0xcd8 zephyr/libzephyr.a(cbprintf_complete.c.obj)
                0x0000000008000e80                z_cbvprintf_impl
 .text.currsmp_shunt_stm32_get_smp_time
                0x0000000008001b58       0x80 modules/spinner/drivers/currsmp/lib..__spinner__drivers__currsmp.a(currsmp_shunt_stm32.c.obj)
 .text.main     0x0000000008001bd8        0xc app/libapp.a(main.c.obj)
                0x0000000008001bd8                main
 .text.char_out
                0x0000000008001be4        0xc zephyr/libzephyr.a(printk.c.obj)
 .text.vprintk  0x0000000008001bf0       0x1c zephyr/libzephyr.a(printk.c.obj)
                0x0000000008001bf0                vprintk
 .text.extract_decimal
                0x0000000008001c0c       0x2c zephyr/libzephyr.a(cbprintf_complete.c.obj)
 .text.encode_uint
                0x0000000008001c38       0x98 zephyr/libzephyr.a(cbprintf_complete.c.obj)
 .text.st_stm32f4_init
                0x0000000008001cd0       0x40 zephyr/libzephyr.a(soc.c.obj)
 .text.z_arm_cpu_idle_init
                0x0000000008001d10        0xc zephyr/arch/arch/arm/core/aarch32/libarch__arm__core__aarch32.a(cpu_idle.S.obj)
                0x0000000008001d10                z_arm_cpu_idle_init
 .text.arch_cpu_idle
                0x0000000008001d1c       0x1c zephyr/arch/arch/arm/core/aarch32/libarch__arm__core__aarch32.a(cpu_idle.S.obj)
                0x0000000008001d1c                arch_cpu_idle
 .text.arch_irq_enable
                0x0000000008001d38       0x1c zephyr/arch/arch/arm/core/aarch32/libarch__arm__core__aarch32.a(irq_manage.c.obj)
                0x0000000008001d38                arch_irq_enable
 .text.z_arm_irq_priority_set
                0x0000000008001d54       0x34 zephyr/arch/arch/arm/core/aarch32/libarch__arm__core__aarch32.a(irq_manage.c.obj)
                0x0000000008001d54                z_arm_irq_priority_set
 .text.z_SysNmiOnReset
                0x0000000008001d88        0x8 zephyr/arch/arch/arm/core/aarch32/libarch__arm__core__aarch32.a(nmi_on_reset.S.obj)
                0x0000000008001d88                z_SysNmiOnReset
 .text.z_arm_prep_c
                0x0000000008001d90       0x5c zephyr/arch/arch/arm/core/aarch32/libarch__arm__core__aarch32.a(prep_c.c.obj)
                0x0000000008001d90                z_arm_prep_c
 .text.arch_swap
                0x0000000008001dec       0x34 zephyr/arch/arch/arm/core/aarch32/libarch__arm__core__aarch32.a(swap.c.obj)
                0x0000000008001dec                arch_swap
 .text.z_arm_pendsv
                0x0000000008001e20       0x84 zephyr/arch/arch/arm/core/aarch32/libarch__arm__core__aarch32.a(swap_helper.S.obj)
                0x0000000008001e20                z_arm_pendsv
 .text.z_arm_svc
                0x0000000008001ea4       0x20 zephyr/arch/arch/arm/core/aarch32/libarch__arm__core__aarch32.a(swap_helper.S.obj)
                0x0000000008001ea4                z_arm_svc
 .text.arch_new_thread
                0x0000000008001ec4       0x40 zephyr/arch/arch/arm/core/aarch32/libarch__arm__core__aarch32.a(thread.c.obj)
                0x0000000008001ec4                arch_new_thread
 .text.arch_switch_to_main_thread
                0x0000000008001f04       0x3c zephyr/arch/arch/arm/core/aarch32/libarch__arm__core__aarch32.a(thread.c.obj)
                0x0000000008001f04                arch_switch_to_main_thread
 .text._isr_wrapper
                0x0000000008001f40       0x28 zephyr/arch/arch/arm/core/aarch32/libarch__arm__core__aarch32.a(isr_wrapper.S.obj)
                0x0000000008001f40                _isr_wrapper
 .text._HandlerModeExit
                0x0000000008001f68       0x1c zephyr/arch/arch/arm/core/aarch32/cortex_m/libarch__arm__core__aarch32__cortex_m.a(exc_exit.S.obj)
                0x0000000008001f68                z_arm_int_exit
                0x0000000008001f68                z_arm_exc_exit
 .text.usage_fault.constprop.0
                0x0000000008001f84       0x54 zephyr/arch/arch/arm/core/aarch32/cortex_m/libarch__arm__core__aarch32__cortex_m.a(fault.c.obj)
 .text.bus_fault.constprop.0
                0x0000000008001fd8       0x6c zephyr/arch/arch/arm/core/aarch32/cortex_m/libarch__arm__core__aarch32__cortex_m.a(fault.c.obj)
 .text.mem_manage_fault.constprop.0
                0x0000000008002044       0x78 zephyr/arch/arch/arm/core/aarch32/cortex_m/libarch__arm__core__aarch32__cortex_m.a(fault.c.obj)
 .text.z_arm_fault
                0x00000000080020bc      0x118 zephyr/arch/arch/arm/core/aarch32/cortex_m/libarch__arm__core__aarch32__cortex_m.a(fault.c.obj)
                0x00000000080020bc                z_arm_fault
 .text.z_arm_fault_init
                0x00000000080021d4       0x10 zephyr/arch/arch/arm/core/aarch32/cortex_m/libarch__arm__core__aarch32__cortex_m.a(fault.c.obj)
                0x00000000080021d4                z_arm_fault_init
 .text.__fault  0x00000000080021e4       0x14 zephyr/arch/arch/arm/core/aarch32/cortex_m/libarch__arm__core__aarch32__cortex_m.a(fault_s.S.obj)
                0x00000000080021e4                z_arm_usage_fault
                0x00000000080021e4                z_arm_mpu_fault
                0x00000000080021e4                z_arm_exc_spurious
                0x00000000080021e4                z_arm_debug_monitor
                0x00000000080021e4                z_arm_hard_fault
                0x00000000080021e4                z_arm_bus_fault
 .text.z_arm_interrupt_init
                0x00000000080021f8       0x18 zephyr/arch/arch/arm/core/aarch32/cortex_m/libarch__arm__core__aarch32__cortex_m.a(irq_init.c.obj)
                0x00000000080021f8                z_arm_interrupt_init
 .text._reset_section
                0x0000000008002210       0x2c zephyr/arch/arch/arm/core/aarch32/cortex_m/libarch__arm__core__aarch32__cortex_m.a(reset.S.obj)
                0x0000000008002210                __start
                0x0000000008002210                z_arm_reset
 .text.z_impl_k_thread_abort
                0x000000000800223c       0x2c zephyr/arch/arch/arm/core/aarch32/cortex_m/libarch__arm__core__aarch32__cortex_m.a(thread_abort.c.obj)
                0x000000000800223c                z_impl_k_thread_abort
 .text.stm32_exti_isr
                0x0000000008002268       0x48 zephyr/drivers/interrupt_controller/libdrivers__interrupt_controller.a(intc_exti_stm32.c.obj)
 .text.stm32_fill_irq_table
                0x00000000080022b0       0x18 zephyr/drivers/interrupt_controller/libdrivers__interrupt_controller.a(intc_exti_stm32.c.obj)
 .text.stm32_exti_enable
                0x00000000080022c8       0x24 zephyr/drivers/interrupt_controller/libdrivers__interrupt_controller.a(intc_exti_stm32.c.obj)
                0x00000000080022c8                stm32_exti_enable
 .text.stm32_exti_disable
                0x00000000080022ec       0x18 zephyr/drivers/interrupt_controller/libdrivers__interrupt_controller.a(intc_exti_stm32.c.obj)
                0x00000000080022ec                stm32_exti_disable
 .text.stm32_exti_trigger
                0x0000000008002304       0x60 zephyr/drivers/interrupt_controller/libdrivers__interrupt_controller.a(intc_exti_stm32.c.obj)
                0x0000000008002304                stm32_exti_trigger
 .text.stm32_exti_set_callback
                0x0000000008002364       0x24 zephyr/drivers/interrupt_controller/libdrivers__interrupt_controller.a(intc_exti_stm32.c.obj)
                0x0000000008002364                stm32_exti_set_callback
 .text.stm32_exti_unset_callback
                0x0000000008002388       0x14 zephyr/drivers/interrupt_controller/libdrivers__interrupt_controller.a(intc_exti_stm32.c.obj)
                0x0000000008002388                stm32_exti_unset_callback
 .text.stm32_clock_control_get_subsys_rate
                0x000000000800239c       0x90 zephyr/drivers/clock_control/libdrivers__clock_control.a(clock_stm32_ll_common.c.obj)
 .text.stm32_clock_control_init
                0x000000000800242c      0x104 zephyr/drivers/clock_control/libdrivers__clock_control.a(clock_stm32_ll_common.c.obj)
                0x000000000800242c                stm32_clock_control_init
 .text.get_pllsrc_frequency
                0x0000000008002530        0x8 zephyr/drivers/clock_control/libdrivers__clock_control.a(clock_stm32f2_f4_f7.c.obj)
                0x0000000008002530                get_pllsrc_frequency
 .text.config_pll_sysclock
                0x0000000008002538       0x28 zephyr/drivers/clock_control/libdrivers__clock_control.a(clock_stm32f2_f4_f7.c.obj)
                0x0000000008002538                config_pll_sysclock
 .text.config_enable_default_clocks
                0x0000000008002560       0x20 zephyr/drivers/clock_control/libdrivers__clock_control.a(clock_stm32f2_f4_f7.c.obj)
                0x0000000008002560                config_enable_default_clocks
 .text.gpio_stm32_init
                0x0000000008002580       0x30 zephyr/drivers/gpio/libdrivers__gpio.a(gpio_stm32.c.obj)
 .text.gpio_stm32_pin_interrupt_configure
                0x00000000080025b0      0x104 zephyr/drivers/gpio/libdrivers__gpio.a(gpio_stm32.c.obj)
 .text.pinctrl_configure_pins
                0x00000000080026b4       0x84 zephyr/drivers/pinctrl/libdrivers__pinctrl.a(pinctrl_stm32.c.obj)
                0x00000000080026b4                pinctrl_configure_pins
 .text.elapsed  0x0000000008002738       0x3c zephyr/drivers/timer/libdrivers__timer.a(cortex_m_systick.c.obj)
 .text.sys_clock_driver_init
                0x0000000008002774       0x34 zephyr/drivers/timer/libdrivers__timer.a(cortex_m_systick.c.obj)
 .text.sys_clock_isr
                0x00000000080027a8       0x44 zephyr/drivers/timer/libdrivers__timer.a(cortex_m_systick.c.obj)
                0x00000000080027a8                sys_clock_isr
 .text.sys_clock_set_timeout
                0x00000000080027ec       0xe0 zephyr/drivers/timer/libdrivers__timer.a(cortex_m_systick.c.obj)
                0x00000000080027ec                sys_clock_set_timeout
 .text.sys_clock_elapsed
                0x00000000080028cc       0x3c zephyr/drivers/timer/libdrivers__timer.a(cortex_m_systick.c.obj)
                0x00000000080028cc                sys_clock_elapsed
 .text.adc_irq  0x0000000008002908       0x30 modules/spinner/drivers/currsmp/lib..__spinner__drivers__currsmp.a(currsmp_shunt_stm32.c.obj)
                0x0000000008002908                adc_irq
 .text.currsmp_shunt_stm32_init
                0x0000000008002938      0x118 modules/spinner/drivers/currsmp/lib..__spinner__drivers__currsmp.a(currsmp_shunt_stm32.c.obj)
 .text.timer_irq
                0x0000000008002a50       0xfc modules/spinner/drivers/feedback/lib..__spinner__drivers__feedback.a(halls_stm32.c.obj)
                0x0000000008002a50                timer_irq
 .text.halls_stm32_init
                0x0000000008002b4c      0x12c modules/spinner/drivers/feedback/lib..__spinner__drivers__feedback.a(halls_stm32.c.obj)
 .text.svpwm_stm32_init
                0x0000000008002c78      0x1e4 modules/spinner/drivers/svpwm/lib..__spinner__drivers__svpwm.a(svpwm_stm32.c.obj)
 .text.regulate
                0x0000000008002e5c       0xf0 modules/spinner/lib/control/lib..__spinner__lib__control.a(cloop.c.obj)
 .text.cloop_init
                0x0000000008002f4c       0x60 modules/spinner/lib/control/lib..__spinner__lib__control.a(cloop.c.obj)
 .text.svm_set  0x0000000008002fac      0x1a4 modules/spinner/lib/svm/lib..__spinner__lib__svm.a(svm.c.obj)
                0x0000000008002fac                svm_set
 .text.stm32_tim_clk_get
                0x0000000008003150       0x34 modules/spinner/lib/utils/lib..__spinner__lib__utils.a(stm32_tim.c.obj)
                0x0000000008003150                stm32_tim_clk_get
 .text.stm32_adc_clk_get
                0x0000000008003184       0x28 modules/spinner/lib/utils/lib..__spinner__lib__utils.a(stm32_adc.c.obj)
                0x0000000008003184                stm32_adc_clk_get
 .text.arm_sin_cos_f32
                0x00000000080031ac      0x104 modules/cmsis/CMSIS/DSP/Source/ControllerFunctions/lib..__modules__hal__cmsis__CMSIS__DSP__Source__ControllerFunctions.a(arm_sin_cos_f32.c.obj)
                0x00000000080031ac                arm_sin_cos_f32
 .text.HAL_RCC_GetSysClockFreq
                0x00000000080032b0       0x5c modules/stm32/stm32cube/lib..__modules__hal__stm32__stm32cube.a(stm32f4xx_hal_rcc.c.obj)
                0x00000000080032b0                HAL_RCC_GetSysClockFreq
 .text.LL_ADC_CommonInit
                0x000000000800330c       0x24 modules/stm32/stm32cube/lib..__modules__hal__stm32__stm32cube.a(stm32f4xx_ll_adc.c.obj)
                0x000000000800330c                LL_ADC_CommonInit
 .text.LL_ADC_REG_Init
                0x0000000008003330       0x50 modules/stm32/stm32cube/lib..__modules__hal__stm32__stm32cube.a(stm32f4xx_ll_adc.c.obj)
                0x0000000008003330                LL_ADC_REG_Init
 .text.LL_TIM_Init
                0x0000000008003380       0x84 modules/stm32/stm32cube/lib..__modules__hal__stm32__stm32cube.a(stm32f4xx_ll_tim.c.obj)
                0x0000000008003380                LL_TIM_Init
 .text.LL_TIM_OC_Init
                0x0000000008003404      0x190 modules/stm32/stm32cube/lib..__modules__hal__stm32__stm32cube.a(stm32f4xx_ll_tim.c.obj)
                0x0000000008003404                LL_TIM_OC_Init
 .text.LL_SetFlashLatency
                0x0000000008003594      0x10c modules/stm32/stm32cube/lib..__modules__hal__stm32__stm32cube.a(stm32f4xx_ll_utils.c.obj)
                0x0000000008003594                LL_SetFlashLatency
 .text.z_impl_z_errno
                0x00000000080036a0        0xc zephyr/kernel/libkernel.a(errno.c.obj)
                0x00000000080036a0                z_impl_z_errno
 .text.z_sys_init_run_level
                0x00000000080036ac       0x44 zephyr/kernel/libkernel.a(init.c.obj)
 .text.bg_thread_main
                0x00000000080036f0       0x34 zephyr/kernel/libkernel.a(init.c.obj)
 .text.z_bss_zero
                0x0000000008003724       0x18 zephyr/kernel/libkernel.a(init.c.obj)
                0x0000000008003724                z_bss_zero
 .text.z_init_cpu
                0x000000000800373c       0x68 zephyr/kernel/libkernel.a(init.c.obj)
                0x000000000800373c                z_init_cpu
 .text.z_cstart
                0x00000000080037a4       0xcc zephyr/kernel/libkernel.a(init.c.obj)
                0x00000000080037a4                z_cstart
 .text.z_setup_new_thread
                0x0000000008003870       0x54 zephyr/kernel/libkernel.a(thread.c.obj)
                0x0000000008003870                z_setup_new_thread
 .text.z_init_static_threads
                0x00000000080038c4       0x98 zephyr/kernel/libkernel.a(thread.c.obj)
                0x00000000080038c4                z_init_static_threads
 .text.z_reset_time_slice
                0x000000000800395c       0x28 zephyr/kernel/libkernel.a(sched.c.obj)
                0x000000000800395c                z_reset_time_slice
 .text.update_cache
                0x0000000008003984       0x3c zephyr/kernel/libkernel.a(sched.c.obj)
 .text.move_thread_to_end_of_prio_q
                0x00000000080039c0       0x74 zephyr/kernel/libkernel.a(sched.c.obj)
 .text.ready_thread
                0x0000000008003a34       0x68 zephyr/kernel/libkernel.a(sched.c.obj)
 .text.k_sched_time_slice_set
                0x0000000008003a9c       0x4c zephyr/kernel/libkernel.a(sched.c.obj)
                0x0000000008003a9c                k_sched_time_slice_set
 .text.z_time_slice
                0x0000000008003ae8       0x84 zephyr/kernel/libkernel.a(sched.c.obj)
                0x0000000008003ae8                z_time_slice
 .text.z_reschedule
                0x0000000008003b6c       0x24 zephyr/kernel/libkernel.a(sched.c.obj)
                0x0000000008003b6c                z_reschedule
 .text.z_sched_start
                0x0000000008003b90       0x3c zephyr/kernel/libkernel.a(sched.c.obj)
                0x0000000008003b90                z_sched_start
 .text.k_sched_lock
                0x0000000008003bcc       0x28 zephyr/kernel/libkernel.a(sched.c.obj)
                0x0000000008003bcc                k_sched_lock
 .text.k_sched_unlock
                0x0000000008003bf4       0x38 zephyr/kernel/libkernel.a(sched.c.obj)
                0x0000000008003bf4                k_sched_unlock
 .text.z_sched_init
                0x0000000008003c2c       0x18 zephyr/kernel/libkernel.a(sched.c.obj)
                0x0000000008003c2c                z_sched_init
 .text.z_impl_z_current_get
                0x0000000008003c44        0xc zephyr/kernel/libkernel.a(sched.c.obj)
                0x0000000008003c44                z_impl_z_current_get
 .text.z_thread_abort
                0x0000000008003c50       0xc0 zephyr/kernel/libkernel.a(sched.c.obj)
                0x0000000008003c50                z_thread_abort
 .text.z_data_copy
                0x0000000008003d10       0x34 zephyr/kernel/libkernel.a(xip.c.obj)
                0x0000000008003d10                z_data_copy
 .text.elapsed  0x0000000008003d44       0x14 zephyr/kernel/libkernel.a(timeout.c.obj)
 .text.next_timeout
                0x0000000008003d58       0x50 zephyr/kernel/libkernel.a(timeout.c.obj)
 .text.remove_timeout
                0x0000000008003da8       0x38 zephyr/kernel/libkernel.a(timeout.c.obj)
 .text.z_add_timeout
                0x0000000008003de0       0xfc zephyr/kernel/libkernel.a(timeout.c.obj)
                0x0000000008003de0                z_add_timeout
 .text.sys_clock_announce
                0x0000000008003edc       0xd4 zephyr/kernel/libkernel.a(timeout.c.obj)
                0x0000000008003edc                sys_clock_announce
 .text.boot_banner
                0x0000000008003fb0        0xc zephyr/kernel/libkernel.a(banner.c.obj)
                0x0000000008003fb0                boot_banner
 .text.sqrtf    0x0000000008003fbc       0x50 C:/Users/Jeppe/zephyr-sdk-0.15.2/arm-zephyr-eabi/arm-zephyr-eabi/lib/thumb/v7e-m+fp/hard\libm.a(lib_a-wf_sqrt.o)
                0x0000000008003fbc                sqrtf
 .text.__ieee754_sqrtf
                0x000000000800400c        0x8 C:/Users/Jeppe/zephyr-sdk-0.15.2/arm-zephyr-eabi/arm-zephyr-eabi/lib/thumb/v7e-m+fp/hard\libm.a(lib_a-ef_sqrt.o)
                0x000000000800400c                __ieee754_sqrtf
 .text.memset   0x0000000008004014       0xa4 C:/Users/Jeppe/zephyr-sdk-0.15.2/arm-zephyr-eabi/arm-zephyr-eabi/lib/thumb/v7e-m+fp/hard\libc.a(lib_a-memset.o)
                0x0000000008004014                memset
 .text.strnlen  0x00000000080040b8       0x24 C:/Users/Jeppe/zephyr-sdk-0.15.2/arm-zephyr-eabi/arm-zephyr-eabi/lib/thumb/v7e-m+fp/hard\libc.a(lib_a-strnlen.o)
                0x00000000080040b8                strnlen
 .text._OffsetAbsSyms
                0x00000000080040dc        0x2 zephyr/CMakeFiles/offsets.dir/./arch/arm/core/offsets/offsets.c.obj
                0x00000000080040dc                _OffsetAbsSyms
 .text.arch_printk_char_out
                0x00000000080040de        0x4 zephyr/libzephyr.a(printk.c.obj)
                0x00000000080040de                arch_printk_char_out
 .text.printk   0x00000000080040e2       0x1a zephyr/libzephyr.a(printk.c.obj)
                0x00000000080040e2                printk
 .text.z_thread_entry
                0x00000000080040fc       0x14 zephyr/libzephyr.a(thread_entry.c.obj)
                0x00000000080040fc                z_thread_entry
 .text._ldiv5   0x0000000008004110       0x30 zephyr/libzephyr.a(cbprintf_complete.c.obj)
 .text._get_digit
                0x0000000008004140       0x2e zephyr/libzephyr.a(cbprintf_complete.c.obj)
 .text.outs     0x000000000800416e       0x2e zephyr/libzephyr.a(cbprintf_complete.c.obj)
 .text._ConfigAbsSyms
                0x000000000800419c        0x2 zephyr/libzephyr.a(configs.c.obj)
                0x000000000800419c                _ConfigAbsSyms
 .text.st_stm32_common_config
                0x000000000800419e        0x4 zephyr/libzephyr.a(soc_config.c.obj)
 .text.z_arm_fatal_error
                0x00000000080041a2        0x4 zephyr/arch/arch/arm/core/aarch32/libarch__arm__core__aarch32.a(fatal.c.obj)
                0x00000000080041a2                z_arm_fatal_error
 .text.z_do_kernel_oops
                0x00000000080041a6        0x8 zephyr/arch/arch/arm/core/aarch32/libarch__arm__core__aarch32.a(fatal.c.obj)
                0x00000000080041a6                z_do_kernel_oops
 .text.z_irq_spurious
                0x00000000080041ae        0x8 zephyr/arch/arch/arm/core/aarch32/libarch__arm__core__aarch32.a(irq_manage.c.obj)
                0x00000000080041ae                z_irq_spurious
 .text.z_arm_nmi
                0x00000000080041b6        0xe zephyr/arch/arch/arm/core/aarch32/libarch__arm__core__aarch32.a(nmi.c.obj)
                0x00000000080041b6                z_arm_nmi
 .text.malloc_prepare
                0x00000000080041c4        0x4 zephyr/lib/libc/newlib/liblib__libc__newlib.a(libc-hooks.c.obj)
 .text.__errno  0x00000000080041c8        0x4 zephyr/lib/libc/newlib/liblib__libc__newlib.a(libc-hooks.c.obj)
                0x00000000080041c8                __errno
 .text.stm32_exti_init
                0x00000000080041cc       0x92 zephyr/drivers/interrupt_controller/libdrivers__interrupt_controller.a(intc_exti_stm32.c.obj)
 .text.stm32_clock_control_on
                0x000000000800425e       0x24 zephyr/drivers/clock_control/libdrivers__clock_control.a(clock_stm32_ll_common.c.obj)
 .text.stm32_clock_control_off
                0x0000000008004282       0x24 zephyr/drivers/clock_control/libdrivers__clock_control.a(clock_stm32_ll_common.c.obj)
 .text.stm32_clock_control_configure
                0x00000000080042a6       0x38 zephyr/drivers/clock_control/libdrivers__clock_control.a(clock_stm32_ll_common.c.obj)
 .text.gpio_stm32_port_get_raw
                0x00000000080042de        0xc zephyr/drivers/gpio/libdrivers__gpio.a(gpio_stm32.c.obj)
 .text.gpio_stm32_port_set_masked_raw
                0x00000000080042ea       0x12 zephyr/drivers/gpio/libdrivers__gpio.a(gpio_stm32.c.obj)
 .text.gpio_stm32_port_set_bits_raw
                0x00000000080042fc        0xa zephyr/drivers/gpio/libdrivers__gpio.a(gpio_stm32.c.obj)
 .text.gpio_stm32_port_clear_bits_raw
                0x0000000008004306        0xc zephyr/drivers/gpio/libdrivers__gpio.a(gpio_stm32.c.obj)
 .text.gpio_stm32_port_toggle_bits
                0x0000000008004312        0xe zephyr/drivers/gpio/libdrivers__gpio.a(gpio_stm32.c.obj)
 .text.gpio_stm32_manage_callback
                0x0000000008004320       0x52 zephyr/drivers/gpio/libdrivers__gpio.a(gpio_stm32.c.obj)
 .text.gpio_stm32_configure_raw.isra.0
                0x0000000008004372      0x106 zephyr/drivers/gpio/libdrivers__gpio.a(gpio_stm32.c.obj)
 .text.gpio_stm32_config
                0x0000000008004478       0x78 zephyr/drivers/gpio/libdrivers__gpio.a(gpio_stm32.c.obj)
 .text.gpio_stm32_isr
                0x00000000080044f0       0x2e zephyr/drivers/gpio/libdrivers__gpio.a(gpio_stm32.c.obj)
 .text.gpio_stm32_configure
                0x000000000800451e       0x30 zephyr/drivers/gpio/libdrivers__gpio.a(gpio_stm32.c.obj)
                0x000000000800451e                gpio_stm32_configure
 .text.pinctrl_lookup_state
                0x000000000800454e       0x26 zephyr/drivers/pinctrl/libdrivers__pinctrl.a(common.c.obj)
                0x000000000800454e                pinctrl_lookup_state
 .text.currsmp_shunt_stm32_configure
                0x0000000008004574        0x8 modules/spinner/drivers/currsmp/lib..__spinner__drivers__currsmp.a(currsmp_shunt_stm32.c.obj)
 .text.currsmp_shunt_stm32_set_sector
                0x000000000800457c       0x22 modules/spinner/drivers/currsmp/lib..__spinner__drivers__currsmp.a(currsmp_shunt_stm32.c.obj)
 .text.currsmp_shunt_stm32_start
                0x000000000800459e        0x2 modules/spinner/drivers/currsmp/lib..__spinner__drivers__currsmp.a(currsmp_shunt_stm32.c.obj)
 .text.currsmp_shunt_stm32_pause
                0x00000000080045a0        0xe modules/spinner/drivers/currsmp/lib..__spinner__drivers__currsmp.a(currsmp_shunt_stm32.c.obj)
 .text.currsmp_shunt_stm32_resume
                0x00000000080045ae        0xe modules/spinner/drivers/currsmp/lib..__spinner__drivers__currsmp.a(currsmp_shunt_stm32.c.obj)
 .text.LL_ADC_SetChannelSamplingTime
                0x00000000080045bc       0x50 modules/spinner/drivers/currsmp/lib..__spinner__drivers__currsmp.a(currsmp_shunt_stm32.c.obj)
 .text.currsmp_shunt_stm32_stop
                0x000000000800460c        0x2 modules/spinner/drivers/currsmp/lib..__spinner__drivers__currsmp.a(currsmp_shunt_stm32.c.obj)
 .text.currsmp_shunt_stm32_get_currents
                0x000000000800460e       0xe4 modules/spinner/drivers/currsmp/lib..__spinner__drivers__currsmp.a(currsmp_shunt_stm32.c.obj)
 .text.gpio_pin_get_raw
                0x00000000080046f2       0x22 modules/spinner/drivers/feedback/lib..__spinner__drivers__feedback.a(halls_stm32.c.obj)
 .text.halls_stm32_get_eangle
                0x0000000008004714        0xe modules/spinner/drivers/feedback/lib..__spinner__drivers__feedback.a(halls_stm32.c.obj)
 .text.halls_stm32_get_speed
                0x0000000008004722       0x1a modules/spinner/drivers/feedback/lib..__spinner__drivers__feedback.a(halls_stm32.c.obj)
 .text.halls_stm32_get_state.isra.0
                0x000000000800473c       0x32 modules/spinner/drivers/feedback/lib..__spinner__drivers__feedback.a(halls_stm32.c.obj)
 .text.svpwm_stm32_set_phase_voltages
                0x000000000800476e       0x68 modules/spinner/drivers/svpwm/lib..__spinner__drivers__svpwm.a(svpwm_stm32.c.obj)
 .text.gpio_pin_set.isra.0
                0x00000000080047d6       0x20 modules/spinner/drivers/svpwm/lib..__spinner__drivers__svpwm.a(svpwm_stm32.c.obj)
 .text.svpwm_stm32_stop
                0x00000000080047f6       0x82 modules/spinner/drivers/svpwm/lib..__spinner__drivers__svpwm.a(svpwm_stm32.c.obj)
 .text.svpwm_stm32_start
                0x0000000008004878       0xae modules/spinner/drivers/svpwm/lib..__spinner__drivers__svpwm.a(svpwm_stm32.c.obj)
 .text.svm_init
                0x0000000008004926       0x16 modules/spinner/lib/svm/lib..__spinner__lib__svm.a(svm.c.obj)
                0x0000000008004926                svm_init
 .text.stm32_adc_res_get
                0x000000000800493c        0x6 modules/spinner/lib/utils/lib..__spinner__lib__utils.a(stm32_adc.c.obj)
                0x000000000800493c                stm32_adc_res_get
 .text.stm32_adc_smp_get
                0x0000000008004942        0x6 modules/spinner/lib/utils/lib..__spinner__lib__utils.a(stm32_adc.c.obj)
                0x0000000008004942                stm32_adc_smp_get
 .text.stm32_adc_t_sar_get
                0x0000000008004948        0x6 modules/spinner/lib/utils/lib..__spinner__lib__utils.a(stm32_adc.c.obj)
                0x0000000008004948                stm32_adc_t_sar_get
 .text.arm_pid_init_f32
                0x000000000800494e       0x38 modules/cmsis/CMSIS/DSP/Source/ControllerFunctions/lib..__modules__hal__cmsis__CMSIS__DSP__Source__ControllerFunctions.a(arm_pid_init_f32.c.obj)
                0x000000000800494e                arm_pid_init_f32
 .text.LL_ADC_CommonStructInit
                0x0000000008004986        0x6 modules/stm32/stm32cube/lib..__modules__hal__stm32__stm32cube.a(stm32f4xx_ll_adc.c.obj)
                0x0000000008004986                LL_ADC_CommonStructInit
 .text.LL_ADC_Init
                0x000000000800498c       0x32 modules/stm32/stm32cube/lib..__modules__hal__stm32__stm32cube.a(stm32f4xx_ll_adc.c.obj)
                0x000000000800498c                LL_ADC_Init
 .text.LL_ADC_StructInit
                0x00000000080049be        0xe modules/stm32/stm32cube/lib..__modules__hal__stm32__stm32cube.a(stm32f4xx_ll_adc.c.obj)
                0x00000000080049be                LL_ADC_StructInit
 .text.LL_ADC_REG_StructInit
                0x00000000080049cc        0xe modules/stm32/stm32cube/lib..__modules__hal__stm32__stm32cube.a(stm32f4xx_ll_adc.c.obj)
                0x00000000080049cc                LL_ADC_REG_StructInit
 .text.LL_ADC_INJ_Init
                0x00000000080049da       0x46 modules/stm32/stm32cube/lib..__modules__hal__stm32__stm32cube.a(stm32f4xx_ll_adc.c.obj)
                0x00000000080049da                LL_ADC_INJ_Init
 .text.LL_ADC_INJ_StructInit
                0x0000000008004a20        0xc modules/stm32/stm32cube/lib..__modules__hal__stm32__stm32cube.a(stm32f4xx_ll_adc.c.obj)
                0x0000000008004a20                LL_ADC_INJ_StructInit
 .text.LL_TIM_StructInit
                0x0000000008004a2c       0x12 modules/stm32/stm32cube/lib..__modules__hal__stm32__stm32cube.a(stm32f4xx_ll_tim.c.obj)
                0x0000000008004a2c                LL_TIM_StructInit
 .text.LL_TIM_OC_StructInit
                0x0000000008004a3e       0x14 modules/stm32/stm32cube/lib..__modules__hal__stm32__stm32cube.a(stm32f4xx_ll_tim.c.obj)
                0x0000000008004a3e                LL_TIM_OC_StructInit
 .text.LL_TIM_ENCODER_StructInit
                0x0000000008004a52       0x1c modules/stm32/stm32cube/lib..__modules__hal__stm32__stm32cube.a(stm32f4xx_ll_tim.c.obj)
                0x0000000008004a52                LL_TIM_ENCODER_StructInit
 .text.LL_TIM_ENCODER_Init
                0x0000000008004a6e       0x5a modules/stm32/stm32cube/lib..__modules__hal__stm32__stm32cube.a(stm32f4xx_ll_tim.c.obj)
                0x0000000008004a6e                LL_TIM_ENCODER_Init
 .text.LL_TIM_BDTR_StructInit
                0x0000000008004ac8       0x12 modules/stm32/stm32cube/lib..__modules__hal__stm32__stm32cube.a(stm32f4xx_ll_tim.c.obj)
                0x0000000008004ac8                LL_TIM_BDTR_StructInit
 .text.LL_TIM_BDTR_Init
                0x0000000008004ada       0x34 modules/stm32/stm32cube/lib..__modules__hal__stm32__stm32cube.a(stm32f4xx_ll_tim.c.obj)
                0x0000000008004ada                LL_TIM_BDTR_Init
 .text.z_device_state_init
                0x0000000008004b0e        0x2 zephyr/kernel/libkernel.a(device.c.obj)
                0x0000000008004b0e                z_device_state_init
 .text.z_device_is_ready
                0x0000000008004b10       0x16 zephyr/kernel/libkernel.a(device.c.obj)
                0x0000000008004b10                z_device_is_ready
 .text.arch_system_halt
                0x0000000008004b26       0x12 zephyr/kernel/libkernel.a(fatal.c.obj)
                0x0000000008004b26                arch_system_halt
 .text.k_sys_fatal_error_handler
                0x0000000008004b38        0x6 zephyr/kernel/libkernel.a(fatal.c.obj)
                0x0000000008004b38                k_sys_fatal_error_handler
 .text.z_fatal_error
                0x0000000008004b3e       0x36 zephyr/kernel/libkernel.a(fatal.c.obj)
                0x0000000008004b3e                z_fatal_error
 .text.z_early_memset
                0x0000000008004b74        0x4 zephyr/kernel/libkernel.a(init.c.obj)
                0x0000000008004b74                z_early_memset
 .text.z_early_memcpy
                0x0000000008004b78        0x4 zephyr/kernel/libkernel.a(init.c.obj)
                0x0000000008004b78                z_early_memcpy
 .text.idle     0x0000000008004b7c       0x18 zephyr/kernel/libkernel.a(idle.c.obj)
                0x0000000008004b7c                idle
 .text.sys_dlist_remove
                0x0000000008004b94       0x10 zephyr/kernel/libkernel.a(sched.c.obj)
 .text.unpend_thread_no_timeout
                0x0000000008004ba4       0x14 zephyr/kernel/libkernel.a(sched.c.obj)
 .text.z_thread_timeout
                0x0000000008004bb8       0x44 zephyr/kernel/libkernel.a(sched.c.obj)
                0x0000000008004bb8                z_thread_timeout
 .text.z_ready_thread
                0x0000000008004bfc       0x20 zephyr/kernel/libkernel.a(sched.c.obj)
                0x0000000008004bfc                z_ready_thread
 .text.z_reschedule_irqlock
                0x0000000008004c1c       0x18 zephyr/kernel/libkernel.a(sched.c.obj)
                0x0000000008004c1c                z_reschedule_irqlock
 .text.z_reschedule_unlocked
                0x0000000008004c34       0x14 zephyr/kernel/libkernel.a(sched.c.obj)
 .text.z_abort_timeout
                0x0000000008004c48       0x2c zephyr/kernel/libkernel.a(timeout.c.obj)
                0x0000000008004c48                z_abort_timeout
 .text.z_set_timeout_expiry
                0x0000000008004c74       0x38 zephyr/kernel/libkernel.a(timeout.c.obj)
                0x0000000008004c74                z_set_timeout_expiry
 *(SORT_BY_ALIGNMENT(.TEXT.*))
 *(SORT_BY_ALIGNMENT(.gnu.linkonce.t.*))
 *(SORT_BY_ALIGNMENT(.glue_7t))
 .glue_7t       0x0000000008004cac        0x0 linker stubs
 *(SORT_BY_ALIGNMENT(.glue_7))
 .glue_7        0x0000000008004cac        0x0 linker stubs
 *(SORT_BY_ALIGNMENT(.vfp11_veneer))
 .vfp11_veneer  0x0000000008004cac        0x0 linker stubs
 *(SORT_BY_ALIGNMENT(.v4_bx))
 .v4_bx         0x0000000008004cac        0x0 linker stubs
                0x0000000008004cac                . = ALIGN (0x4)
                0x0000000008004cac                __text_region_end = .

.ARM.exidx      0x0000000008004cac        0x8
                0x0000000008004cac                __exidx_start = .
 *(SORT_BY_ALIGNMENT(.ARM.exidx*) SORT_BY_ALIGNMENT(gnu.linkonce.armexidx.*))
 .ARM.exidx     0x0000000008004cac        0x8 c:/users/jeppe/zephyr-sdk-0.15.2/arm-zephyr-eabi/bin/../lib/gcc/arm-zephyr-eabi/12.1.0/thumb/v7e-m+fp/hard\libgcc.a(_udivmoddi4.o)
                0x0000000008004cb4                __exidx_end = .
                0x0000000008004cb4                __rodata_region_start = .

initlevel       0x0000000008004cb4       0x90
                0x0000000008004cb4                __init_start = .
                0x0000000008004cb4                __init_EARLY_start = .
 *(SORT_BY_NAME(SORT_BY_ALIGNMENT(.z_init_EARLY[0-9]_*)))
 *(SORT_BY_NAME(SORT_BY_ALIGNMENT(.z_init_EARLY[1-9][0-9]_*)))
                0x0000000008004cb4                __init_PRE_KERNEL_1_start = .
 *(SORT_BY_NAME(SORT_BY_ALIGNMENT(.z_init_PRE_KERNEL_1[0-9]_*)))
 .z_init_PRE_KERNEL_10_
                0x0000000008004cb4        0x8 zephyr/libzephyr.a(soc.c.obj)
 .z_init_PRE_KERNEL_11_
                0x0000000008004cbc        0x8 zephyr/libzephyr.a(soc_config.c.obj)
 .z_init_PRE_KERNEL_11_
                0x0000000008004cc4        0x8 zephyr/drivers/clock_control/libdrivers__clock_control.a(clock_stm32_ll_common.c.obj)
 *(SORT_BY_NAME(SORT_BY_ALIGNMENT(.z_init_PRE_KERNEL_1[1-9][0-9]_*)))
 .z_init_PRE_KERNEL_140_
                0x0000000008004ccc        0x8 zephyr/drivers/interrupt_controller/libdrivers__interrupt_controller.a(intc_exti_stm32.c.obj)
 .z_init_PRE_KERNEL_140_
                0x0000000008004cd4       0x40 zephyr/drivers/gpio/libdrivers__gpio.a(gpio_stm32.c.obj)
                0x0000000008004d14                __init_PRE_KERNEL_2_start = .
 *(SORT_BY_NAME(SORT_BY_ALIGNMENT(.z_init_PRE_KERNEL_2[0-9]_*)))
 .z_init_PRE_KERNEL_20_
                0x0000000008004d14        0x8 zephyr/drivers/timer/libdrivers__timer.a(cortex_m_systick.c.obj)
 *(SORT_BY_NAME(SORT_BY_ALIGNMENT(.z_init_PRE_KERNEL_2[1-9][0-9]_*)))
                0x0000000008004d1c                __init_POST_KERNEL_start = .
 *(SORT_BY_NAME(SORT_BY_ALIGNMENT(.z_init_POST_KERNEL[0-9]_*)))
 *(SORT_BY_NAME(SORT_BY_ALIGNMENT(.z_init_POST_KERNEL[1-9][0-9]_*)))
 .z_init_POST_KERNEL40_
                0x0000000008004d1c        0x8 zephyr/lib/libc/newlib/liblib__libc__newlib.a(libc-hooks.c.obj)
 .z_init_POST_KERNEL50_
                0x0000000008004d24        0x8 modules/spinner/drivers/feedback/lib..__spinner__drivers__feedback.a(halls_stm32.c.obj)
 .z_init_POST_KERNEL80_
                0x0000000008004d2c        0x8 modules/spinner/drivers/currsmp/lib..__spinner__drivers__currsmp.a(currsmp_shunt_stm32.c.obj)
 .z_init_POST_KERNEL90_
                0x0000000008004d34        0x8 modules/spinner/drivers/svpwm/lib..__spinner__drivers__svpwm.a(svpwm_stm32.c.obj)
                0x0000000008004d3c                __init_APPLICATION_start = .
 *(SORT_BY_NAME(SORT_BY_ALIGNMENT(.z_init_APPLICATION[0-9]_*)))
 *(SORT_BY_NAME(SORT_BY_ALIGNMENT(.z_init_APPLICATION[1-9][0-9]_*)))
 .z_init_APPLICATION90_
                0x0000000008004d3c        0x8 modules/spinner/lib/control/lib..__spinner__lib__control.a(cloop.c.obj)
                0x0000000008004d44                __init_SMP_start = .
 *(SORT_BY_NAME(SORT_BY_ALIGNMENT(.z_init_SMP[0-9]_*)))
 *(SORT_BY_NAME(SORT_BY_ALIGNMENT(.z_init_SMP[1-9][0-9]_*)))
                0x0000000008004d44                __init_end = .

devices         0x0000000008004d44      0x138
                0x0000000008004d44                __device_start = .
                0x0000000008004d44                __device_EARLY_start = .
 *(SORT_BY_NAME(SORT_BY_ALIGNMENT(.z_device_EARLY[0-9]_*)))
 *(SORT_BY_NAME(SORT_BY_ALIGNMENT(.z_device_EARLY[1-9][0-9]_*)))
                0x0000000008004d44                __device_PRE_KERNEL_1_start = .
 *(SORT_BY_NAME(SORT_BY_ALIGNMENT(.z_device_PRE_KERNEL_1[0-9]_*)))
 .z_device_PRE_KERNEL_11_
                0x0000000008004d44       0x18 zephyr/drivers/clock_control/libdrivers__clock_control.a(clock_stm32_ll_common.c.obj)
                0x0000000008004d44                __device_dts_ord_8
 *(SORT_BY_NAME(SORT_BY_ALIGNMENT(.z_device_PRE_KERNEL_1[1-9][0-9]_*)))
 .z_device_PRE_KERNEL_140_
                0x0000000008004d5c       0x18 zephyr/drivers/interrupt_controller/libdrivers__interrupt_controller.a(intc_exti_stm32.c.obj)
                0x0000000008004d5c                __device_dts_ord_28
 .z_device_PRE_KERNEL_140_
                0x0000000008004d74       0xc0 zephyr/drivers/gpio/libdrivers__gpio.a(gpio_stm32.c.obj)
                0x0000000008004d74                __device_dts_ord_52
                0x0000000008004d8c                __device_dts_ord_51
                0x0000000008004da4                __device_dts_ord_50
                0x0000000008004dbc                __device_dts_ord_49
                0x0000000008004dd4                __device_dts_ord_48
                0x0000000008004dec                __device_dts_ord_47
                0x0000000008004e04                __device_dts_ord_58
                0x0000000008004e1c                __device_dts_ord_57
                0x0000000008004e34                __device_PRE_KERNEL_2_start = .
 *(SORT_BY_NAME(SORT_BY_ALIGNMENT(.z_device_PRE_KERNEL_2[0-9]_*)))
 *(SORT_BY_NAME(SORT_BY_ALIGNMENT(.z_device_PRE_KERNEL_2[1-9][0-9]_*)))
                0x0000000008004e34                __device_POST_KERNEL_start = .
 *(SORT_BY_NAME(SORT_BY_ALIGNMENT(.z_device_POST_KERNEL[0-9]_*)))
 *(SORT_BY_NAME(SORT_BY_ALIGNMENT(.z_device_POST_KERNEL[1-9][0-9]_*)))
 .z_device_POST_KERNEL50_
                0x0000000008004e34       0x18 modules/spinner/drivers/feedback/lib..__spinner__drivers__feedback.a(halls_stm32.c.obj)
                0x0000000008004e34                __device_dts_ord_62
 .z_device_POST_KERNEL80_
                0x0000000008004e4c       0x18 modules/spinner/drivers/currsmp/lib..__spinner__drivers__currsmp.a(currsmp_shunt_stm32.c.obj)
                0x0000000008004e4c                __device_dts_ord_85
 .z_device_POST_KERNEL90_
                0x0000000008004e64       0x18 modules/spinner/drivers/svpwm/lib..__spinner__drivers__svpwm.a(svpwm_stm32.c.obj)
                0x0000000008004e64                __device_dts_ord_90
                0x0000000008004e7c                __device_APPLICATION_start = .
 *(SORT_BY_NAME(SORT_BY_ALIGNMENT(.z_device_APPLICATION[0-9]_*)))
 *(SORT_BY_NAME(SORT_BY_ALIGNMENT(.z_device_APPLICATION[1-9][0-9]_*)))
                0x0000000008004e7c                __device_SMP_start = .
 *(SORT_BY_NAME(SORT_BY_ALIGNMENT(.z_device_SMP[0-9]_*)))
 *(SORT_BY_NAME(SORT_BY_ALIGNMENT(.z_device_SMP[1-9][0-9]_*)))
                0x0000000008004e7c                __device_end = .

sw_isr_table    0x0000000008004e7c      0x2b0
                0x0000000008004e7c                . = ALIGN (0x4)
 *(SORT_BY_ALIGNMENT(.gnu.linkonce.sw_isr_table*))
 .gnu.linkonce.sw_isr_table
                0x0000000008004e7c      0x2b0 zephyr/arch/common/libisr_tables.a(isr_tables.c.obj)
                0x0000000008004e7c                _sw_isr_table

initlevel_error
                0x0000000008004cb4        0x0
 *(SORT_BY_NAME(SORT_BY_ALIGNMENT(.z_init_[_A-Z0-9]*)))
                0x0000000000000001                ASSERT ((SIZEOF (initlevel_error) == 0x0), Undefined initialization levels used.)

app_shmem_regions
                0x000000000800512c        0x0
                0x000000000800512c                __app_shmem_regions_start = .
 *(SORT_BY_NAME(SORT_BY_ALIGNMENT(.app_regions.*)))
                0x000000000800512c                __app_shmem_regions_end = .

k_p4wq_initparam_area
                0x000000000800512c        0x0
                0x000000000800512c                _k_p4wq_initparam_list_start = .
 *(SORT_BY_NAME(SORT_BY_ALIGNMENT(._k_p4wq_initparam.static.*)))
                0x000000000800512c                _k_p4wq_initparam_list_end = .

_static_thread_data_area
                0x000000000800512c        0x0
                0x000000000800512c                __static_thread_data_list_start = .
 *(SORT_BY_NAME(SORT_BY_ALIGNMENT(.__static_thread_data.static.*)))
                0x000000000800512c                __static_thread_data_list_end = .

device_handles  0x000000000800512c       0xf0
                0x000000000800512c                __device_handles_start = .
 *(SORT_BY_NAME(SORT_BY_ALIGNMENT(.__device_handles_pass1*)))
 .__device_handles_pass1
                0x000000000800512c        0xa zephyr/drivers/interrupt_controller/libdrivers__interrupt_controller.a(intc_exti_stm32.c.obj)
                0x000000000800512c                __devicehdl_dts_ord_28
 .__device_handles_pass1
                0x0000000008005136       0x5a zephyr/drivers/clock_control/libdrivers__clock_control.a(clock_stm32_ll_common.c.obj)
                0x0000000008005136                __devicehdl_dts_ord_8
 .__device_handles_pass1
                0x0000000008005190       0x56 zephyr/drivers/gpio/libdrivers__gpio.a(gpio_stm32.c.obj)
                0x0000000008005190                __devicehdl_dts_ord_52
                0x000000000800519a                __devicehdl_dts_ord_51
                0x00000000080051a4                __devicehdl_dts_ord_50
                0x00000000080051ae                __devicehdl_dts_ord_49
                0x00000000080051b8                __devicehdl_dts_ord_48
                0x00000000080051c2                __devicehdl_dts_ord_47
                0x00000000080051cc                __devicehdl_dts_ord_58
                0x00000000080051da                __devicehdl_dts_ord_57
 .__device_handles_pass1
                0x00000000080051e6       0x10 modules/spinner/drivers/currsmp/lib..__spinner__drivers__currsmp.a(currsmp_shunt_stm32.c.obj)
                0x00000000080051e6                __devicehdl_dts_ord_85
 .__device_handles_pass1
                0x00000000080051f6       0x12 modules/spinner/drivers/feedback/lib..__spinner__drivers__feedback.a(halls_stm32.c.obj)
                0x00000000080051f6                __devicehdl_dts_ord_62
 .__device_handles_pass1
                0x0000000008005208       0x14 modules/spinner/drivers/svpwm/lib..__spinner__drivers__svpwm.a(svpwm_stm32.c.obj)
                0x0000000008005208                __devicehdl_dts_ord_90
                0x000000000800521c                __device_handles_end = .

ztest           0x000000000800521c        0x0
                0x000000000800521c                _ztest_expected_result_entry_list_start = .
 *(SORT_BY_NAME(SORT_BY_ALIGNMENT(._ztest_expected_result_entry.static.*)))
                0x000000000800521c                _ztest_expected_result_entry_list_end = .
                0x000000000800521c                _ztest_suite_node_list_start = .
 *(SORT_BY_NAME(SORT_BY_ALIGNMENT(._ztest_suite_node.static.*)))
                0x000000000800521c                _ztest_suite_node_list_end = .
                0x000000000800521c                _ztest_unit_test_list_start = .
 *(SORT_BY_NAME(SORT_BY_ALIGNMENT(._ztest_unit_test.static.*)))
                0x000000000800521c                _ztest_unit_test_list_end = .
                0x000000000800521c                _ztest_test_rule_list_start = .
 *(SORT_BY_NAME(SORT_BY_ALIGNMENT(._ztest_test_rule.static.*)))
                0x000000000800521c                _ztest_test_rule_list_end = .

bt_l2cap_fixed_chan_area
                0x000000000800521c        0x0
                0x000000000800521c                _bt_l2cap_fixed_chan_list_start = .
 *(SORT_BY_NAME(SORT_BY_ALIGNMENT(._bt_l2cap_fixed_chan.static.*)))
                0x000000000800521c                _bt_l2cap_fixed_chan_list_end = .

bt_gatt_service_static_area
                0x000000000800521c        0x0
                0x000000000800521c                _bt_gatt_service_static_list_start = .
 *(SORT_BY_NAME(SORT_BY_ALIGNMENT(._bt_gatt_service_static.static.*)))
                0x000000000800521c                _bt_gatt_service_static_list_end = .

log_strings_sections
                0x000000000800521c        0x0
                0x000000000800521c                __log_strings_start = .
 *(SORT_BY_NAME(SORT_BY_ALIGNMENT(.log_strings*)))
                0x000000000800521c                __log_strings_end = .

log_const_sections
                0x000000000800521c       0x28
                0x000000000800521c                __log_const_start = .
 *(SORT_BY_NAME(SORT_BY_ALIGNMENT(.log_const_*)))
 .log_const_cbprintf_package
                0x000000000800521c        0x8 zephyr/libzephyr.a(cbprintf_packaged.c.obj)
                0x000000000800521c                log_const_cbprintf_package
 .log_const_currsmp_shunt_stm32
                0x0000000008005224        0x8 modules/spinner/drivers/currsmp/lib..__spinner__drivers__currsmp.a(currsmp_shunt_stm32.c.obj)
                0x0000000008005224                log_const_currsmp_shunt_stm32
 .log_const_halls_stm32
                0x000000000800522c        0x8 modules/spinner/drivers/feedback/lib..__spinner__drivers__feedback.a(halls_stm32.c.obj)
                0x000000000800522c                log_const_halls_stm32
 .log_const_os  0x0000000008005234        0x8 zephyr/kernel/libkernel.a(init.c.obj)
                0x0000000008005234                log_const_os
 .log_const_svpwm_stm32
                0x000000000800523c        0x8 modules/spinner/drivers/svpwm/lib..__spinner__drivers__svpwm.a(svpwm_stm32.c.obj)
                0x000000000800523c                log_const_svpwm_stm32
                0x0000000008005244                __log_const_end = .

log_backend_area
                0x0000000008005244        0x0
                0x0000000008005244                _log_backend_list_start = .
 *(SORT_BY_NAME(SORT_BY_ALIGNMENT(._log_backend.static.*)))
                0x0000000008005244                _log_backend_list_end = .

log_link_area   0x0000000008005244        0x0
                0x0000000008005244                _log_link_list_start = .
 *(SORT_BY_NAME(SORT_BY_ALIGNMENT(._log_link.static.*)))
                0x0000000008005244                _log_link_list_end = .

tracing_backend_area
                0x0000000008005244        0x0
                0x0000000008005244                _tracing_backend_list_start = .
 *(SORT_BY_NAME(SORT_BY_ALIGNMENT(._tracing_backend.static.*)))
                0x0000000008005244                _tracing_backend_list_end = .

zephyr_dbg_info
 *(SORT_BY_ALIGNMENT(.dbg_thread_info))

symbol_to_keep  0x0000000008005244        0x0
                0x0000000008005244                __symbol_to_keep_start = .
 *(SORT_BY_NAME(SORT_BY_ALIGNMENT(.symbol_to_keep*)))
                0x0000000008005244                __symbol_to_keep_end = .

shell_area      0x0000000008005244        0x0
                0x0000000008005244                _shell_list_start = .
 *(SORT_BY_NAME(SORT_BY_ALIGNMENT(._shell.static.*)))
                0x0000000008005244                _shell_list_end = .

shell_root_cmds_sections
                0x0000000008005244        0x0
                0x0000000008005244                __shell_root_cmds_start = .
 *(SORT_BY_NAME(SORT_BY_ALIGNMENT(.shell_root_cmd_*)))
                0x0000000008005244                __shell_root_cmds_end = .

shell_subcmds_sections
                0x0000000008005244        0x0
                0x0000000008005244                __shell_subcmds_start = .
 *(SORT_BY_NAME(SORT_BY_ALIGNMENT(.shell_subcmd_*)))
                0x0000000008005244                __shell_subcmds_end = .

shell_dynamic_subcmds_sections
                0x0000000008005244        0x0
                0x0000000008005244                __shell_dynamic_subcmds_start = .
 *(SORT_BY_NAME(SORT_BY_ALIGNMENT(.shell_dynamic_subcmd_*)))
                0x0000000008005244                __shell_dynamic_subcmds_end = .

font_entry_sections
                0x0000000008005244        0x0
                0x0000000008005244                __font_entry_start = .
 *(SORT_BY_NAME(SORT_BY_ALIGNMENT(._cfb_font.*)))
                0x0000000008005244                __font_entry_end = .

rodata          0x0000000008005244      0xccc
 *(SORT_BY_ALIGNMENT(.rodata))
 .rodata        0x0000000008005244        0x8 zephyr/drivers/gpio/libdrivers__gpio.a(gpio_stm32.c.obj)
 *(SORT_BY_ALIGNMENT(.rodata.*))
 .rodata.gpio_stm32_cfg_h
                0x000000000800524c       0x14 zephyr/drivers/gpio/libdrivers__gpio.a(gpio_stm32.c.obj)
 .rodata.gpio_stm32_cfg_g
                0x0000000008005260       0x14 zephyr/drivers/gpio/libdrivers__gpio.a(gpio_stm32.c.obj)
 .rodata.gpio_stm32_cfg_f
                0x0000000008005274       0x14 zephyr/drivers/gpio/libdrivers__gpio.a(gpio_stm32.c.obj)
 .rodata.gpio_stm32_cfg_e
                0x0000000008005288       0x14 zephyr/drivers/gpio/libdrivers__gpio.a(gpio_stm32.c.obj)
 .rodata.gpio_stm32_cfg_d
                0x000000000800529c       0x14 zephyr/drivers/gpio/libdrivers__gpio.a(gpio_stm32.c.obj)
 .rodata.gpio_stm32_cfg_c
                0x00000000080052b0       0x14 zephyr/drivers/gpio/libdrivers__gpio.a(gpio_stm32.c.obj)
 .rodata.gpio_stm32_cfg_b
                0x00000000080052c4       0x14 zephyr/drivers/gpio/libdrivers__gpio.a(gpio_stm32.c.obj)
 .rodata.gpio_stm32_cfg_a
                0x00000000080052d8       0x14 zephyr/drivers/gpio/libdrivers__gpio.a(gpio_stm32.c.obj)
 .rodata.gpio_stm32_driver
                0x00000000080052ec       0x24 zephyr/drivers/gpio/libdrivers__gpio.a(gpio_stm32.c.obj)
 .rodata.gpio_ports
                0x0000000008005310       0x2c zephyr/drivers/pinctrl/libdrivers__pinctrl.a(pinctrl_stm32.c.obj)
 .rodata.currsmp_shunt_stm32_config
                0x000000000800533c       0x28 modules/spinner/drivers/currsmp/lib..__spinner__drivers__currsmp.a(currsmp_shunt_stm32.c.obj)
 .rodata.__pinctrl_dev_config__device_dts_ord_85
                0x0000000008005364        0x8 modules/spinner/drivers/currsmp/lib..__spinner__drivers__currsmp.a(currsmp_shunt_stm32.c.obj)
 .rodata.__pinctrl_states__device_dts_ord_85
                0x000000000800536c        0x8 modules/spinner/drivers/currsmp/lib..__spinner__drivers__currsmp.a(currsmp_shunt_stm32.c.obj)
 .rodata.__pinctrl_state_pins_0__device_dts_ord_85
                0x0000000008005374       0x18 modules/spinner/drivers/currsmp/lib..__spinner__drivers__currsmp.a(currsmp_shunt_stm32.c.obj)
 .rodata.currsmp_shunt_stm32_driver_api
                0x000000000800538c       0x20 modules/spinner/drivers/currsmp/lib..__spinner__drivers__currsmp.a(currsmp_shunt_stm32.c.obj)
 .rodata.halls_stm32_config
                0x00000000080053ac       0x30 modules/spinner/drivers/feedback/lib..__spinner__drivers__feedback.a(halls_stm32.c.obj)
 .rodata.__pinctrl_dev_config__device_dts_ord_62
                0x00000000080053dc        0x8 modules/spinner/drivers/feedback/lib..__spinner__drivers__feedback.a(halls_stm32.c.obj)
 .rodata.__pinctrl_states__device_dts_ord_62
                0x00000000080053e4        0x8 modules/spinner/drivers/feedback/lib..__spinner__drivers__feedback.a(halls_stm32.c.obj)
 .rodata.__pinctrl_state_pins_0__device_dts_ord_62
                0x00000000080053ec       0x18 modules/spinner/drivers/feedback/lib..__spinner__drivers__feedback.a(halls_stm32.c.obj)
 .rodata.halls_stm32_driver_api
                0x0000000008005404        0x8 modules/spinner/drivers/feedback/lib..__spinner__drivers__feedback.a(halls_stm32.c.obj)
 .rodata.svpwm_stm32_config
                0x000000000800540c       0x28 modules/spinner/drivers/svpwm/lib..__spinner__drivers__svpwm.a(svpwm_stm32.c.obj)
 .rodata.enable_pins
                0x0000000008005434       0x18 modules/spinner/drivers/svpwm/lib..__spinner__drivers__svpwm.a(svpwm_stm32.c.obj)
 .rodata.__pinctrl_dev_config__device_dts_ord_90
                0x000000000800544c        0x8 modules/spinner/drivers/svpwm/lib..__spinner__drivers__svpwm.a(svpwm_stm32.c.obj)
 .rodata.__pinctrl_states__device_dts_ord_90
                0x0000000008005454        0x8 modules/spinner/drivers/svpwm/lib..__spinner__drivers__svpwm.a(svpwm_stm32.c.obj)
 .rodata.__pinctrl_state_pins_0__device_dts_ord_90
                0x000000000800545c       0x20 modules/spinner/drivers/svpwm/lib..__spinner__drivers__svpwm.a(svpwm_stm32.c.obj)
 .rodata.svpwm_stm32_driver_api
                0x000000000800547c        0xc modules/spinner/drivers/svpwm/lib..__spinner__drivers__svpwm.a(svpwm_stm32.c.obj)
 .rodata.sinTable_f32
                0x0000000008005488      0x804 modules/cmsis/CMSIS/DSP/Source/CommonTables/lib..__modules__hal__cmsis__CMSIS__DSP__Source__CommonTables.a(arm_common_tables.c.obj)
                0x0000000008005488                sinTable_f32
 .rodata._k_neg_eagain
                0x0000000008005c8c        0x4 zephyr/kernel/libkernel.a(errno.c.obj)
                0x0000000008005c8c                _k_neg_eagain
 .rodata.levels.0
                0x0000000008005c90       0x18 zephyr/kernel/libkernel.a(init.c.obj)
 .rodata._ctype_
                0x0000000008005ca8      0x101 C:/Users/Jeppe/zephyr-sdk-0.15.2/arm-zephyr-eabi/arm-zephyr-eabi/lib/thumb/v7e-m+fp/hard\libc.a(lib_a-ctype_.o)
                0x0000000008005ca8                _ctype_
 .rodata.main.str1.1
                0x0000000008005da9        0xd app/libapp.a(main.c.obj)
 .rodata.str1.1
                0x0000000008005db6       0x11 zephyr/libzephyr.a(cbprintf_packaged.c.obj)
 .rodata.z_cbvprintf_impl.str1.1
                0x0000000008005dc7        0x6 zephyr/libzephyr.a(cbprintf_complete.c.obj)
 .rodata.line_range_6.0
                0x0000000008005dcd        0x2 zephyr/drivers/interrupt_controller/libdrivers__interrupt_controller.a(intc_exti_stm32.c.obj)
 .rodata.line_range_5.1
                0x0000000008005dcf        0x2 zephyr/drivers/interrupt_controller/libdrivers__interrupt_controller.a(intc_exti_stm32.c.obj)
 .rodata.line_range_4.2
                0x0000000008005dd1        0x2 zephyr/drivers/interrupt_controller/libdrivers__interrupt_controller.a(intc_exti_stm32.c.obj)
 .rodata.line_range_3.3
                0x0000000008005dd3        0x2 zephyr/drivers/interrupt_controller/libdrivers__interrupt_controller.a(intc_exti_stm32.c.obj)
 .rodata.line_range_2.4
                0x0000000008005dd5        0x2 zephyr/drivers/interrupt_controller/libdrivers__interrupt_controller.a(intc_exti_stm32.c.obj)
 .rodata.line_range_1.5
                0x0000000008005dd7        0x2 zephyr/drivers/interrupt_controller/libdrivers__interrupt_controller.a(intc_exti_stm32.c.obj)
 .rodata.line_range_0.6
                0x0000000008005dd9        0x2 zephyr/drivers/interrupt_controller/libdrivers__interrupt_controller.a(intc_exti_stm32.c.obj)
 .rodata.str1.1
                0x0000000008005ddb       0x1e zephyr/drivers/interrupt_controller/libdrivers__interrupt_controller.a(intc_exti_stm32.c.obj)
 .rodata.str1.1
                0x0000000008005df9        0xd zephyr/drivers/clock_control/libdrivers__clock_control.a(clock_stm32_ll_common.c.obj)
 .rodata.str1.1
                0x0000000008005e06       0x70 zephyr/drivers/gpio/libdrivers__gpio.a(gpio_stm32.c.obj)
 .rodata.str1.1
                0x0000000008005e76       0x1c modules/spinner/drivers/currsmp/lib..__spinner__drivers__currsmp.a(currsmp_shunt_stm32.c.obj)
 .rodata.str1.1
                0x0000000008005e92       0x15 modules/spinner/drivers/feedback/lib..__spinner__drivers__feedback.a(halls_stm32.c.obj)
 .rodata.str1.1
                0x0000000008005ea7       0x12 modules/spinner/drivers/svpwm/lib..__spinner__drivers__svpwm.a(svpwm_stm32.c.obj)
 .rodata.AHBPrescTable
                0x0000000008005eb9       0x10 modules/stm32/stm32cube/lib..__modules__hal__stm32__stm32cube.a(system_stm32f4xx.c.obj)
                0x0000000008005eb9                AHBPrescTable
 .rodata.z_cstart.str1.1
                0x0000000008005ec9       0x12 zephyr/kernel/libkernel.a(init.c.obj)
                                          0x5 (size before relaxing)
 .rodata.str1.1
                0x0000000008005ec9        0x3 zephyr/kernel/libkernel.a(init.c.obj)
 .rodata.boot_banner.str1.1
                0x0000000008005ecc       0x41 zephyr/kernel/libkernel.a(banner.c.obj)
 *(SORT_BY_ALIGNMENT(.gnu.linkonce.r.*))
                0x0000000008005f10                . = ALIGN (0x4)
 *fill*         0x0000000008005f0d        0x3 
                0x0000000008005f10                __rodata_region_end = .
                0x0000000008005f10                . = ALIGN (_region_min_align)
                0x0000000008005f10                __rom_region_end = ((__rom_region_start + .) - ADDR (rom_start))

/DISCARD/
 *(SORT_BY_ALIGNMENT(.got.plt))
 *(SORT_BY_ALIGNMENT(.igot.plt))
 *(SORT_BY_ALIGNMENT(.got))
 *(SORT_BY_ALIGNMENT(.igot))
                0x0000000020000000                . = 0x20000000
                0x0000000020000000                . = ALIGN (_region_min_align)
                0x0000000020000000                _image_ram_start = .

.ramfunc        0x0000000020000000        0x0 load address 0x0000000008005f10
                0x0000000020000000                . = ALIGN (_region_min_align)
                0x0000000020000000                __ramfunc_start = .
 *(SORT_BY_ALIGNMENT(.ramfunc))
 *(SORT_BY_ALIGNMENT(.ramfunc.*))
                0x0000000020000000                . = ALIGN (_region_min_align)
                0x0000000020000000                __ramfunc_end = .
                0x0000000000000000                __ramfunc_size = (__ramfunc_end - __ramfunc_start)
                0x0000000008005f10                __ramfunc_load_start = LOADADDR (.ramfunc)

datas           0x0000000020000000       0x3d load address 0x0000000008005f10
                0x0000000020000000                __data_region_start = .
                0x0000000020000000                __data_start = .
 *(SORT_BY_ALIGNMENT(.data))
 *(SORT_BY_ALIGNMENT(.data.*))
 .data._char_out
                0x0000000020000000        0x4 zephyr/libzephyr.a(printk.c.obj)
                0x0000000020000000                _char_out
 .data.stm32_clock_control_api
                0x0000000020000004       0x1c zephyr/drivers/clock_control/libdrivers__clock_control.a(clock_stm32_ll_common.c.obj)
 .data.SystemCoreClock
                0x0000000020000020        0x4 modules/stm32/stm32cube/lib..__modules__hal__stm32__stm32cube.a(system_stm32f4xx.c.obj)
                0x0000000020000020                SystemCoreClock
 .data.timeout_list
                0x0000000020000024        0x8 zephyr/kernel/libkernel.a(timeout.c.obj)
 .data.exti_irq_table
                0x000000002000002c       0x10 zephyr/drivers/interrupt_controller/libdrivers__interrupt_controller.a(intc_exti_stm32.c.obj)
 .data.__fdlib_version
                0x000000002000003c        0x1 C:/Users/Jeppe/zephyr-sdk-0.15.2/arm-zephyr-eabi/arm-zephyr-eabi/lib/thumb/v7e-m+fp/hard\libm.a(lib_a-s_lib_ver.o)
                0x000000002000003c                __fdlib_version
 *(SORT_BY_ALIGNMENT(.kernel.*))
                0x000000002000003d                __data_end = .
                0x000000000000003d                __data_size = (__data_end - __data_start)
                0x0000000008005f10                __data_load_start = LOADADDR (datas)
                0x0000000008005f10                __data_region_load_start = LOADADDR (datas)

device_states   0x000000002000003d       0x1a load address 0x0000000008005f4d
                0x000000002000003d                __device_states_start = .
 *(SORT_BY_ALIGNMENT(.z_devstate))
 .z_devstate    0x000000002000003d        0x2 zephyr/drivers/interrupt_controller/libdrivers__interrupt_controller.a(intc_exti_stm32.c.obj)
 .z_devstate    0x000000002000003f        0x2 zephyr/drivers/clock_control/libdrivers__clock_control.a(clock_stm32_ll_common.c.obj)
 .z_devstate    0x0000000020000041       0x10 zephyr/drivers/gpio/libdrivers__gpio.a(gpio_stm32.c.obj)
 .z_devstate    0x0000000020000051        0x2 modules/spinner/drivers/currsmp/lib..__spinner__drivers__currsmp.a(currsmp_shunt_stm32.c.obj)
 .z_devstate    0x0000000020000053        0x2 modules/spinner/drivers/feedback/lib..__spinner__drivers__feedback.a(halls_stm32.c.obj)
 .z_devstate    0x0000000020000055        0x2 modules/spinner/drivers/svpwm/lib..__spinner__drivers__svpwm.a(svpwm_stm32.c.obj)
 *(SORT_BY_ALIGNMENT(.z_devstate.*))
                0x0000000020000057                __device_states_end = .

initshell       0x0000000020000057        0x0 load address 0x0000000008005f67
                0x0000000020000057                __shell_module_start = .
 *(SORT_BY_ALIGNMENT(.shell_module_*))
                0x0000000020000057                __shell_module_end = .
                0x0000000020000057                __shell_cmd_start = .
 *(SORT_BY_ALIGNMENT(.shell_cmd_*))
                0x0000000020000057                __shell_cmd_end = .

log_mpsc_pbuf_area
                0x0000000020000057        0x0 load address 0x0000000008005f67
                0x0000000020000057                _log_mpsc_pbuf_list_start = .
 *(SORT_BY_NAME(SORT_BY_ALIGNMENT(._log_mpsc_pbuf.static.*)))
                0x0000000020000057                _log_mpsc_pbuf_list_end = .

log_msg_ptr_area
                0x0000000020000057        0x0 load address 0x0000000008005f67
                0x0000000020000057                _log_msg_ptr_list_start = .
 *(SORT_BY_NAME(SORT_BY_ALIGNMENT(._log_msg_ptr.static.*)))
                0x0000000020000057                _log_msg_ptr_list_end = .

log_dynamic_sections
                0x0000000020000057        0x0 load address 0x0000000008005f67
                0x0000000020000057                __log_dynamic_start = .
 *(SORT_BY_NAME(SORT_BY_ALIGNMENT(.log_dynamic_*)))
                0x0000000020000057                __log_dynamic_end = .

k_timer_area    0x0000000020000057        0x0 load address 0x0000000008005f67
                0x0000000020000057                _k_timer_list_start = .
 *(SORT_BY_NAME(SORT_BY_ALIGNMENT(._k_timer.static.*)))
                0x0000000020000057                _k_timer_list_end = .

k_mem_slab_area
                0x0000000020000057        0x0 load address 0x0000000008005f67
                0x0000000020000057                _k_mem_slab_list_start = .
 *(SORT_BY_NAME(SORT_BY_ALIGNMENT(._k_mem_slab.static.*)))
                0x0000000020000057                _k_mem_slab_list_end = .

k_heap_area     0x0000000020000057        0x0 load address 0x0000000008005f67
                0x0000000020000057                _k_heap_list_start = .
 *(SORT_BY_NAME(SORT_BY_ALIGNMENT(._k_heap.static.*)))
                0x0000000020000057                _k_heap_list_end = .

k_mutex_area    0x0000000020000057        0x0 load address 0x0000000008005f67
                0x0000000020000057                _k_mutex_list_start = .
 *(SORT_BY_NAME(SORT_BY_ALIGNMENT(._k_mutex.static.*)))
                0x0000000020000057                _k_mutex_list_end = .

k_stack_area    0x0000000020000057        0x0 load address 0x0000000008005f67
                0x0000000020000057                _k_stack_list_start = .
 *(SORT_BY_NAME(SORT_BY_ALIGNMENT(._k_stack.static.*)))
                0x0000000020000057                _k_stack_list_end = .

k_msgq_area     0x0000000020000057        0x0 load address 0x0000000008005f67
                0x0000000020000057                _k_msgq_list_start = .
 *(SORT_BY_NAME(SORT_BY_ALIGNMENT(._k_msgq.static.*)))
                0x0000000020000057                _k_msgq_list_end = .

k_mbox_area     0x0000000020000057        0x0 load address 0x0000000008005f67
                0x0000000020000057                _k_mbox_list_start = .
 *(SORT_BY_NAME(SORT_BY_ALIGNMENT(._k_mbox.static.*)))
                0x0000000020000057                _k_mbox_list_end = .

k_pipe_area     0x0000000020000057        0x0 load address 0x0000000008005f67
                0x0000000020000057                _k_pipe_list_start = .
 *(SORT_BY_NAME(SORT_BY_ALIGNMENT(._k_pipe.static.*)))
                0x0000000020000057                _k_pipe_list_end = .

k_sem_area      0x0000000020000057        0x0 load address 0x0000000008005f67
                0x0000000020000057                _k_sem_list_start = .
 *(SORT_BY_NAME(SORT_BY_ALIGNMENT(._k_sem.static.*)))
                0x0000000020000057                _k_sem_list_end = .

k_event_area    0x0000000020000057        0x0 load address 0x0000000008005f67
                0x0000000020000057                _k_event_list_start = .
 *(SORT_BY_NAME(SORT_BY_ALIGNMENT(._k_event.static.*)))
                0x0000000020000057                _k_event_list_end = .

k_queue_area    0x0000000020000057        0x0 load address 0x0000000008005f67
                0x0000000020000057                _k_queue_list_start = .
 *(SORT_BY_NAME(SORT_BY_ALIGNMENT(._k_queue.static.*)))
                0x0000000020000057                _k_queue_list_end = .

k_condvar_area  0x0000000020000057        0x0 load address 0x0000000008005f67
                0x0000000020000057                _k_condvar_list_start = .
 *(SORT_BY_NAME(SORT_BY_ALIGNMENT(._k_condvar.static.*)))
                0x0000000020000057                _k_condvar_list_end = .

_net_buf_pool_area
                0x0000000020000057        0x0 load address 0x0000000008005f67
                0x0000000020000057                _net_buf_pool_list = .
 *(SORT_BY_NAME(SORT_BY_ALIGNMENT(._net_buf_pool.static.*)))
                0x0000000020000057                __data_region_end = .

bss             0x0000000020000058      0x365
                0x0000000020000058                . = ALIGN (0x4)
                0x0000000020000058                __bss_start = .
                0x0000000020000058                __kernel_ram_start = .
 *(SORT_BY_ALIGNMENT(.bss))
 *(SORT_BY_ALIGNMENT(.bss.*))
 .bss.z_idle_threads
                0x0000000020000058       0xb8 zephyr/kernel/libkernel.a(init.c.obj)
                0x0000000020000058                z_idle_threads
 .bss.z_main_thread
                0x0000000020000110       0xb8 zephyr/kernel/libkernel.a(init.c.obj)
                0x0000000020000110                z_main_thread
 .bss.curr_tick
                0x00000000200001c8        0x8 zephyr/kernel/libkernel.a(timeout.c.obj)
 .bss.exti_data
                0x00000000200001d0       0x80 zephyr/drivers/interrupt_controller/libdrivers__interrupt_controller.a(intc_exti_stm32.c.obj)
 .bss.gpio_stm32_data_h
                0x0000000020000250       0x10 zephyr/drivers/gpio/libdrivers__gpio.a(gpio_stm32.c.obj)
 .bss.gpio_stm32_data_g
                0x0000000020000260       0x10 zephyr/drivers/gpio/libdrivers__gpio.a(gpio_stm32.c.obj)
 .bss.gpio_stm32_data_f
                0x0000000020000270       0x10 zephyr/drivers/gpio/libdrivers__gpio.a(gpio_stm32.c.obj)
 .bss.gpio_stm32_data_e
                0x0000000020000280       0x10 zephyr/drivers/gpio/libdrivers__gpio.a(gpio_stm32.c.obj)
 .bss.gpio_stm32_data_d
                0x0000000020000290       0x10 zephyr/drivers/gpio/libdrivers__gpio.a(gpio_stm32.c.obj)
 .bss.gpio_stm32_data_c
                0x00000000200002a0       0x10 zephyr/drivers/gpio/libdrivers__gpio.a(gpio_stm32.c.obj)
 .bss.gpio_stm32_data_b
                0x00000000200002b0       0x10 zephyr/drivers/gpio/libdrivers__gpio.a(gpio_stm32.c.obj)
 .bss.gpio_stm32_data_a
                0x00000000200002c0       0x10 zephyr/drivers/gpio/libdrivers__gpio.a(gpio_stm32.c.obj)
 .bss.overflow_cyc
                0x00000000200002d0        0x4 zephyr/drivers/timer/libdrivers__timer.a(cortex_m_systick.c.obj)
 .bss.announced_cycles
                0x00000000200002d4        0x4 zephyr/drivers/timer/libdrivers__timer.a(cortex_m_systick.c.obj)
 .bss.cycle_count
                0x00000000200002d8        0x4 zephyr/drivers/timer/libdrivers__timer.a(cortex_m_systick.c.obj)
 .bss.last_load
                0x00000000200002dc        0x4 zephyr/drivers/timer/libdrivers__timer.a(cortex_m_systick.c.obj)
 .bss.currsmp_shunt_stm32_data
                0x00000000200002e0       0x1c modules/spinner/drivers/currsmp/lib..__spinner__drivers__currsmp.a(currsmp_shunt_stm32.c.obj)
 .bss.halls_stm32_data
                0x00000000200002fc        0xc modules/spinner/drivers/feedback/lib..__spinner__drivers__feedback.a(halls_stm32.c.obj)
 .bss.svpwm_stm32_data
                0x0000000020000308       0x1c modules/spinner/drivers/svpwm/lib..__spinner__drivers__svpwm.a(svpwm_stm32.c.obj)
 .bss.cloop     0x0000000020000324       0x5c modules/spinner/lib/control/lib..__spinner__lib__control.a(cloop.c.obj)
 .bss._kernel   0x0000000020000380       0x2c zephyr/kernel/libkernel.a(init.c.obj)
                0x0000000020000380                _kernel
 .bss.pending_current
                0x00000000200003ac        0x4 zephyr/kernel/libkernel.a(sched.c.obj)
 .bss.slice_max_prio
                0x00000000200003b0        0x4 zephyr/kernel/libkernel.a(sched.c.obj)
 .bss.slice_ticks
                0x00000000200003b4        0x4 zephyr/kernel/libkernel.a(sched.c.obj)
 .bss.announce_remaining
                0x00000000200003b8        0x4 zephyr/kernel/libkernel.a(timeout.c.obj)
 .bss.z_sys_post_kernel
                0x00000000200003bc        0x1 zephyr/kernel/libkernel.a(init.c.obj)
                0x00000000200003bc                z_sys_post_kernel
 .bss.sched_spinlock
                0x00000000200003bd        0x0 zephyr/kernel/libkernel.a(sched.c.obj)
                0x00000000200003bd                sched_spinlock
 *(SORT_BY_ALIGNMENT(COMMON))
 *(SORT_BY_ALIGNMENT(.kernel_bss.*))
                0x00000000200003c0                __bss_end = ALIGN (0x4)

noinit          0x00000000200003c0      0xd40
 *(SORT_BY_ALIGNMENT(.noinit))
 *(SORT_BY_ALIGNMENT(.noinit.*))
 .noinit."WEST_TOPDIR/zephyr/kernel/init.c".2
                0x00000000200003c0      0x800 zephyr/kernel/libkernel.a(init.c.obj)
                0x00000000200003c0                z_interrupt_stacks
 .noinit."WEST_TOPDIR/zephyr/kernel/init.c".1
                0x0000000020000bc0      0x140 zephyr/kernel/libkernel.a(init.c.obj)
 .noinit."WEST_TOPDIR/zephyr/kernel/init.c".0
                0x0000000020000d00      0x400 zephyr/kernel/libkernel.a(init.c.obj)
                0x0000000020000d00                z_main_stack
 *(SORT_BY_ALIGNMENT(.kernel_noinit.*))
                0x0000000020001100                _image_ram_end = .
                0x0000000020001100                _end = .
                0x0000000020020000                __kernel_ram_end = 0x20020000
                0x000000000001ffa8                __kernel_ram_size = (__kernel_ram_end - __kernel_ram_start)

.intList        0x00000000fffff800       0x98
 *(SORT_BY_ALIGNMENT(.irq_info*))
 .irq_info      0x00000000fffff800        0x8 zephyr/arch/common/libisr_tables.a(isr_tables.c.obj)
                0x00000000fffff800                _iheader
 *(SORT_BY_ALIGNMENT(.intList*))
 .intList       0x00000000fffff808       0x70 zephyr/drivers/interrupt_controller/libdrivers__interrupt_controller.a(intc_exti_stm32.c.obj)
 .intList       0x00000000fffff878       0x10 modules/spinner/drivers/currsmp/lib..__spinner__drivers__currsmp.a(currsmp_shunt_stm32.c.obj)
 .intList       0x00000000fffff888       0x10 modules/spinner/drivers/feedback/lib..__spinner__drivers__feedback.a(halls_stm32.c.obj)

.stab
 *(SORT_BY_ALIGNMENT(.stab))

.stabstr
 *(SORT_BY_ALIGNMENT(.stabstr))

.stab.excl
 *(SORT_BY_ALIGNMENT(.stab.excl))

.stab.exclstr
 *(SORT_BY_ALIGNMENT(.stab.exclstr))

.stab.index
 *(SORT_BY_ALIGNMENT(.stab.index))

.stab.indexstr
 *(SORT_BY_ALIGNMENT(.stab.indexstr))

.gnu.build.attributes
 *(SORT_BY_ALIGNMENT(.gnu.build.attributes) SORT_BY_ALIGNMENT(.gnu.build.attributes.*))

.comment        0x0000000000000000       0x20
 *(SORT_BY_ALIGNMENT(.comment))
 .comment       0x0000000000000000       0x20 zephyr/CMakeFiles/offsets.dir/./arch/arm/core/offsets/offsets.c.obj
                                         0x21 (size before relaxing)
 .comment       0x0000000000000020       0x21 app/libapp.a(main.c.obj)
 .comment       0x0000000000000020       0x21 zephyr/libzephyr.a(cbprintf_packaged.c.obj)
 .comment       0x0000000000000020       0x21 zephyr/libzephyr.a(printk.c.obj)
 .comment       0x0000000000000020       0x21 zephyr/libzephyr.a(thread_entry.c.obj)
 .comment       0x0000000000000020       0x21 zephyr/libzephyr.a(cbprintf_complete.c.obj)
 .comment       0x0000000000000020       0x21 zephyr/libzephyr.a(configs.c.obj)
 .comment       0x0000000000000020       0x21 zephyr/libzephyr.a(soc.c.obj)
 .comment       0x0000000000000020       0x21 zephyr/libzephyr.a(soc_config.c.obj)
 .comment       0x0000000000000020       0x21 zephyr/arch/arch/arm/core/aarch32/libarch__arm__core__aarch32.a(fatal.c.obj)
 .comment       0x0000000000000020       0x21 zephyr/arch/arch/arm/core/aarch32/libarch__arm__core__aarch32.a(irq_manage.c.obj)
 .comment       0x0000000000000020       0x21 zephyr/arch/arch/arm/core/aarch32/libarch__arm__core__aarch32.a(nmi.c.obj)
 .comment       0x0000000000000020       0x21 zephyr/arch/arch/arm/core/aarch32/libarch__arm__core__aarch32.a(prep_c.c.obj)
 .comment       0x0000000000000020       0x21 zephyr/arch/arch/arm/core/aarch32/libarch__arm__core__aarch32.a(swap.c.obj)
 .comment       0x0000000000000020       0x21 zephyr/arch/arch/arm/core/aarch32/libarch__arm__core__aarch32.a(thread.c.obj)
 .comment       0x0000000000000020       0x21 zephyr/arch/arch/arm/core/aarch32/cortex_m/libarch__arm__core__aarch32__cortex_m.a(fault.c.obj)
 .comment       0x0000000000000020       0x21 zephyr/arch/arch/arm/core/aarch32/cortex_m/libarch__arm__core__aarch32__cortex_m.a(irq_init.c.obj)
 .comment       0x0000000000000020       0x21 zephyr/arch/arch/arm/core/aarch32/cortex_m/libarch__arm__core__aarch32__cortex_m.a(thread_abort.c.obj)
 .comment       0x0000000000000020       0x21 zephyr/lib/libc/newlib/liblib__libc__newlib.a(libc-hooks.c.obj)
 .comment       0x0000000000000020       0x21 zephyr/drivers/interrupt_controller/libdrivers__interrupt_controller.a(intc_exti_stm32.c.obj)
 .comment       0x0000000000000020       0x21 zephyr/drivers/clock_control/libdrivers__clock_control.a(clock_stm32_ll_common.c.obj)
 .comment       0x0000000000000020       0x21 zephyr/drivers/clock_control/libdrivers__clock_control.a(clock_stm32f2_f4_f7.c.obj)
 .comment       0x0000000000000020       0x21 zephyr/drivers/gpio/libdrivers__gpio.a(gpio_stm32.c.obj)
 .comment       0x0000000000000020       0x21 zephyr/drivers/pinctrl/libdrivers__pinctrl.a(common.c.obj)
 .comment       0x0000000000000020       0x21 zephyr/drivers/pinctrl/libdrivers__pinctrl.a(pinctrl_stm32.c.obj)
 .comment       0x0000000000000020       0x21 zephyr/drivers/timer/libdrivers__timer.a(cortex_m_systick.c.obj)
 .comment       0x0000000000000020       0x21 modules/spinner/drivers/currsmp/lib..__spinner__drivers__currsmp.a(currsmp_shunt_stm32.c.obj)
 .comment       0x0000000000000020       0x21 modules/spinner/drivers/feedback/lib..__spinner__drivers__feedback.a(halls_stm32.c.obj)
 .comment       0x0000000000000020       0x21 modules/spinner/drivers/svpwm/lib..__spinner__drivers__svpwm.a(svpwm_stm32.c.obj)
 .comment       0x0000000000000020       0x21 modules/spinner/lib/control/lib..__spinner__lib__control.a(cloop.c.obj)
 .comment       0x0000000000000020       0x21 modules/spinner/lib/svm/lib..__spinner__lib__svm.a(svm.c.obj)
 .comment       0x0000000000000020       0x21 modules/spinner/lib/utils/lib..__spinner__lib__utils.a(stm32_tim.c.obj)
 .comment       0x0000000000000020       0x21 modules/spinner/lib/utils/lib..__spinner__lib__utils.a(stm32_adc.c.obj)
 .comment       0x0000000000000020       0x21 modules/cmsis/CMSIS/DSP/Source/ControllerFunctions/lib..__modules__hal__cmsis__CMSIS__DSP__Source__ControllerFunctions.a(arm_pid_init_f32.c.obj)
 .comment       0x0000000000000020       0x21 modules/cmsis/CMSIS/DSP/Source/ControllerFunctions/lib..__modules__hal__cmsis__CMSIS__DSP__Source__ControllerFunctions.a(arm_sin_cos_f32.c.obj)
 .comment       0x0000000000000020       0x21 modules/cmsis/CMSIS/DSP/Source/CommonTables/lib..__modules__hal__cmsis__CMSIS__DSP__Source__CommonTables.a(arm_common_tables.c.obj)
 .comment       0x0000000000000020       0x21 modules/stm32/stm32cube/lib..__modules__hal__stm32__stm32cube.a(system_stm32f4xx.c.obj)
 .comment       0x0000000000000020       0x21 modules/stm32/stm32cube/lib..__modules__hal__stm32__stm32cube.a(stm32f4xx_hal_rcc.c.obj)
 .comment       0x0000000000000020       0x21 modules/stm32/stm32cube/lib..__modules__hal__stm32__stm32cube.a(stm32f4xx_ll_adc.c.obj)
 .comment       0x0000000000000020       0x21 modules/stm32/stm32cube/lib..__modules__hal__stm32__stm32cube.a(stm32f4xx_ll_tim.c.obj)
 .comment       0x0000000000000020       0x21 modules/stm32/stm32cube/lib..__modules__hal__stm32__stm32cube.a(stm32f4xx_ll_utils.c.obj)
 .comment       0x0000000000000020       0x21 zephyr/kernel/libkernel.a(device.c.obj)
 .comment       0x0000000000000020       0x21 zephyr/kernel/libkernel.a(errno.c.obj)
 .comment       0x0000000000000020       0x21 zephyr/kernel/libkernel.a(fatal.c.obj)
 .comment       0x0000000000000020       0x21 zephyr/kernel/libkernel.a(init.c.obj)
 .comment       0x0000000000000020       0x21 zephyr/kernel/libkernel.a(thread.c.obj)
 .comment       0x0000000000000020       0x21 zephyr/kernel/libkernel.a(idle.c.obj)
 .comment       0x0000000000000020       0x21 zephyr/kernel/libkernel.a(sched.c.obj)
 .comment       0x0000000000000020       0x21 zephyr/kernel/libkernel.a(xip.c.obj)
 .comment       0x0000000000000020       0x21 zephyr/kernel/libkernel.a(timeout.c.obj)
 .comment       0x0000000000000020       0x21 zephyr/kernel/libkernel.a(banner.c.obj)
 .comment       0x0000000000000020       0x21 zephyr/arch/common/libisr_tables.a(isr_tables.c.obj)

.debug
 *(SORT_BY_ALIGNMENT(.debug))

.line
 *(SORT_BY_ALIGNMENT(.line))

.debug_srcinfo
 *(SORT_BY_ALIGNMENT(.debug_srcinfo))

.debug_sfnames
 *(SORT_BY_ALIGNMENT(.debug_sfnames))

.debug_aranges  0x0000000000000000      0xff0
 *(SORT_BY_ALIGNMENT(.debug_aranges))
 .debug_aranges
                0x0000000000000000       0x30 zephyr/arch/arch/arm/core/aarch32/libarch__arm__core__aarch32.a(cpu_idle.S.obj)
 .debug_aranges
                0x0000000000000030       0x20 zephyr/arch/arch/arm/core/aarch32/libarch__arm__core__aarch32.a(nmi_on_reset.S.obj)
 .debug_aranges
                0x0000000000000050       0x28 zephyr/arch/arch/arm/core/aarch32/libarch__arm__core__aarch32.a(swap_helper.S.obj)
 .debug_aranges
                0x0000000000000078       0x20 zephyr/arch/arch/arm/core/aarch32/libarch__arm__core__aarch32.a(isr_wrapper.S.obj)
 .debug_aranges
                0x0000000000000098       0x20 zephyr/arch/arch/arm/core/aarch32/cortex_m/libarch__arm__core__aarch32__cortex_m.a(exc_exit.S.obj)
 .debug_aranges
                0x00000000000000b8       0x20 zephyr/arch/arch/arm/core/aarch32/cortex_m/libarch__arm__core__aarch32__cortex_m.a(fault_s.S.obj)
 .debug_aranges
                0x00000000000000d8       0x20 zephyr/arch/arch/arm/core/aarch32/cortex_m/libarch__arm__core__aarch32__cortex_m.a(reset.S.obj)
 .debug_aranges
                0x00000000000000f8       0x20 zephyr/CMakeFiles/offsets.dir/./arch/arm/core/offsets/offsets.c.obj
 .debug_aranges
                0x0000000000000118       0x20 app/libapp.a(main.c.obj)
 .debug_aranges
                0x0000000000000138       0x40 zephyr/libzephyr.a(cbprintf_packaged.c.obj)
 .debug_aranges
                0x0000000000000178       0x68 zephyr/libzephyr.a(printk.c.obj)
 .debug_aranges
                0x00000000000001e0       0x20 zephyr/libzephyr.a(thread_entry.c.obj)
 .debug_aranges
                0x0000000000000200       0x48 zephyr/libzephyr.a(cbprintf_complete.c.obj)
 .debug_aranges
                0x0000000000000248       0x20 zephyr/libzephyr.a(configs.c.obj)
 .debug_aranges
                0x0000000000000268       0x20 zephyr/libzephyr.a(soc.c.obj)
 .debug_aranges
                0x0000000000000288       0x20 zephyr/libzephyr.a(soc_config.c.obj)
 .debug_aranges
                0x00000000000002a8       0x30 zephyr/arch/arch/arm/core/aarch32/libarch__arm__core__aarch32.a(fatal.c.obj)
 .debug_aranges
                0x00000000000002d8       0x40 zephyr/arch/arch/arm/core/aarch32/libarch__arm__core__aarch32.a(irq_manage.c.obj)
 .debug_aranges
                0x0000000000000318       0x20 zephyr/arch/arch/arm/core/aarch32/libarch__arm__core__aarch32.a(nmi.c.obj)
 .debug_aranges
                0x0000000000000338       0x20 zephyr/arch/arch/arm/core/aarch32/libarch__arm__core__aarch32.a(prep_c.c.obj)
 .debug_aranges
                0x0000000000000358       0x20 zephyr/arch/arch/arm/core/aarch32/libarch__arm__core__aarch32.a(swap.c.obj)
 .debug_aranges
                0x0000000000000378       0x38 zephyr/arch/arch/arm/core/aarch32/libarch__arm__core__aarch32.a(thread.c.obj)
 .debug_aranges
                0x00000000000003b0       0x40 zephyr/arch/arch/arm/core/aarch32/cortex_m/libarch__arm__core__aarch32__cortex_m.a(fault.c.obj)
 .debug_aranges
                0x00000000000003f0       0x20 zephyr/arch/arch/arm/core/aarch32/cortex_m/libarch__arm__core__aarch32__cortex_m.a(irq_init.c.obj)
 .debug_aranges
                0x0000000000000410       0x20 zephyr/arch/arch/arm/core/aarch32/cortex_m/libarch__arm__core__aarch32__cortex_m.a(thread_abort.c.obj)
 .debug_aranges
                0x0000000000000430      0x110 zephyr/lib/libc/newlib/liblib__libc__newlib.a(libc-hooks.c.obj)
 .debug_aranges
                0x0000000000000540       0x58 zephyr/drivers/interrupt_controller/libdrivers__interrupt_controller.a(intc_exti_stm32.c.obj)
 .debug_aranges
                0x0000000000000598       0x40 zephyr/drivers/clock_control/libdrivers__clock_control.a(clock_stm32_ll_common.c.obj)
 .debug_aranges
                0x00000000000005d8       0x30 zephyr/drivers/clock_control/libdrivers__clock_control.a(clock_stm32f2_f4_f7.c.obj)
 .debug_aranges
                0x0000000000000608       0x78 zephyr/drivers/gpio/libdrivers__gpio.a(gpio_stm32.c.obj)
 .debug_aranges
                0x0000000000000680       0x20 zephyr/drivers/pinctrl/libdrivers__pinctrl.a(common.c.obj)
 .debug_aranges
                0x00000000000006a0       0x20 zephyr/drivers/pinctrl/libdrivers__pinctrl.a(pinctrl_stm32.c.obj)
 .debug_aranges
                0x00000000000006c0       0x58 zephyr/drivers/timer/libdrivers__timer.a(cortex_m_systick.c.obj)
 .debug_aranges
                0x0000000000000718       0x70 modules/spinner/drivers/currsmp/lib..__spinner__drivers__currsmp.a(currsmp_shunt_stm32.c.obj)
 .debug_aranges
                0x0000000000000788       0x48 modules/spinner/drivers/feedback/lib..__spinner__drivers__feedback.a(halls_stm32.c.obj)
 .debug_aranges
                0x00000000000007d0       0x40 modules/spinner/drivers/svpwm/lib..__spinner__drivers__svpwm.a(svpwm_stm32.c.obj)
 .debug_aranges
                0x0000000000000810       0x40 modules/spinner/lib/control/lib..__spinner__lib__control.a(cloop.c.obj)
 .debug_aranges
                0x0000000000000850       0x28 modules/spinner/lib/svm/lib..__spinner__lib__svm.a(svm.c.obj)
 .debug_aranges
                0x0000000000000878       0x20 modules/spinner/lib/utils/lib..__spinner__lib__utils.a(stm32_tim.c.obj)
 .debug_aranges
                0x0000000000000898       0x38 modules/spinner/lib/utils/lib..__spinner__lib__utils.a(stm32_adc.c.obj)
 .debug_aranges
                0x00000000000008d0       0x20 modules/cmsis/CMSIS/DSP/Source/ControllerFunctions/lib..__modules__hal__cmsis__CMSIS__DSP__Source__ControllerFunctions.a(arm_pid_init_f32.c.obj)
 .debug_aranges
                0x00000000000008f0       0x20 modules/cmsis/CMSIS/DSP/Source/ControllerFunctions/lib..__modules__hal__cmsis__CMSIS__DSP__Source__ControllerFunctions.a(arm_sin_cos_f32.c.obj)
 .debug_aranges
                0x0000000000000910       0x18 modules/cmsis/CMSIS/DSP/Source/CommonTables/lib..__modules__hal__cmsis__CMSIS__DSP__Source__CommonTables.a(arm_common_tables.c.obj)
 .debug_aranges
                0x0000000000000928       0x28 modules/stm32/stm32cube/lib..__modules__hal__stm32__stm32cube.a(system_stm32f4xx.c.obj)
 .debug_aranges
                0x0000000000000950       0x88 modules/stm32/stm32cube/lib..__modules__hal__stm32__stm32cube.a(stm32f4xx_hal_rcc.c.obj)
 .debug_aranges
                0x00000000000009d8       0x68 modules/stm32/stm32cube/lib..__modules__hal__stm32__stm32cube.a(stm32f4xx_ll_adc.c.obj)
 .debug_aranges
                0x0000000000000a40       0x80 modules/stm32/stm32cube/lib..__modules__hal__stm32__stm32cube.a(stm32f4xx_ll_tim.c.obj)
 .debug_aranges
                0x0000000000000ac0       0x58 modules/stm32/stm32cube/lib..__modules__hal__stm32__stm32cube.a(stm32f4xx_ll_utils.c.obj)
 .debug_aranges
                0x0000000000000b18       0x50 zephyr/kernel/libkernel.a(device.c.obj)
 .debug_aranges
                0x0000000000000b68       0x20 zephyr/kernel/libkernel.a(errno.c.obj)
 .debug_aranges
                0x0000000000000b88       0x60 zephyr/kernel/libkernel.a(fatal.c.obj)
 .debug_aranges
                0x0000000000000be8       0x50 zephyr/kernel/libkernel.a(init.c.obj)
 .debug_aranges
                0x0000000000000c38       0xb8 zephyr/kernel/libkernel.a(thread.c.obj)
 .debug_aranges
                0x0000000000000cf0       0x28 zephyr/kernel/libkernel.a(idle.c.obj)
 .debug_aranges
                0x0000000000000d18      0x1e8 zephyr/kernel/libkernel.a(sched.c.obj)
 .debug_aranges
                0x0000000000000f00       0x20 zephyr/kernel/libkernel.a(xip.c.obj)
 .debug_aranges
                0x0000000000000f20       0x98 zephyr/kernel/libkernel.a(timeout.c.obj)
 .debug_aranges
                0x0000000000000fb8       0x20 zephyr/kernel/libkernel.a(banner.c.obj)
 .debug_aranges
                0x0000000000000fd8       0x18 zephyr/arch/common/libisr_tables.a(isr_tables.c.obj)

.debug_pubnames
 *(SORT_BY_ALIGNMENT(.debug_pubnames))

.debug_info     0x0000000000000000    0x45711
 *(SORT_BY_ALIGNMENT(.debug_info) SORT_BY_ALIGNMENT(.gnu.linkonce.wi.*))
 .debug_info    0x0000000000000000       0xd7 zephyr/CMakeFiles/offsets.dir/./arch/arm/core/offsets/offsets.c.obj
 .debug_info    0x00000000000000d7       0x77 app/libapp.a(main.c.obj)
 .debug_info    0x000000000000014e     0x1ec4 zephyr/libzephyr.a(cbprintf_packaged.c.obj)
 .debug_info    0x0000000000002012      0x6f1 zephyr/libzephyr.a(printk.c.obj)
 .debug_info    0x0000000000002703      0x752 zephyr/libzephyr.a(thread_entry.c.obj)
 .debug_info    0x0000000000002e55     0x1534 zephyr/libzephyr.a(cbprintf_complete.c.obj)
 .debug_info    0x0000000000004389       0x38 zephyr/libzephyr.a(configs.c.obj)
 .debug_info    0x00000000000043c1      0x3bd zephyr/libzephyr.a(soc.c.obj)
 .debug_info    0x000000000000477e      0x23c zephyr/libzephyr.a(soc_config.c.obj)
 .debug_info    0x00000000000049ba       0x22 zephyr/arch/arch/arm/core/aarch32/libarch__arm__core__aarch32.a(cpu_idle.S.obj)
 .debug_info    0x00000000000049dc     0x3a12 zephyr/arch/arch/arm/core/aarch32/libarch__arm__core__aarch32.a(fatal.c.obj)
 .debug_info    0x00000000000083ee      0x990 zephyr/arch/arch/arm/core/aarch32/libarch__arm__core__aarch32.a(irq_manage.c.obj)
 .debug_info    0x0000000000008d7e       0xbd zephyr/arch/arch/arm/core/aarch32/libarch__arm__core__aarch32.a(nmi.c.obj)
 .debug_info    0x0000000000008e3b       0x23 zephyr/arch/arch/arm/core/aarch32/libarch__arm__core__aarch32.a(nmi_on_reset.S.obj)
 .debug_info    0x0000000000008e5e      0x478 zephyr/arch/arch/arm/core/aarch32/libarch__arm__core__aarch32.a(prep_c.c.obj)
 .debug_info    0x00000000000092d6      0x915 zephyr/arch/arch/arm/core/aarch32/libarch__arm__core__aarch32.a(swap.c.obj)
 .debug_info    0x0000000000009beb       0x22 zephyr/arch/arch/arm/core/aarch32/libarch__arm__core__aarch32.a(swap_helper.S.obj)
 .debug_info    0x0000000000009c0d      0xc70 zephyr/arch/arch/arm/core/aarch32/libarch__arm__core__aarch32.a(thread.c.obj)